
 RUN  v4.1.7 /home/maxi/core/core/vendor/lovelace-growspace-manager-card
      Coverage enabled with v8

Warning: A vi.mock("../../src/cards/editors/growspace-subarea-card-editor.js") call in "/home/maxi/core/core/vendor/lovelace-growspace-manager-card/tests/cards/growspace-subarea-card.test.ts" is not at the top level of the module. Although it appears nested, it will be hoisted and executed before any tests run. Move it to the top level to reflect its actual execution order. This will become an error in a future version.
See: https://vitest.dev/guide/mocking/modules#how-it-works
stderr | unknown test
Lit is in dev mode. Not recommended for production! See https://lit.dev/msg/dev-mode for more information.
stderr | unknown test
Lit is in dev mode. Not recommended for production! See https://lit.dev/msg/dev-mode for more information.
stderr | unknown test
Lit is in dev mode. Not recommended for production! See https://lit.dev/msg/dev-mode for more information.
stderr | unknown test
Lit is in dev mode. Not recommended for production! See https://lit.dev/msg/dev-mode for more information.
stderr | unknown test
Lit is in dev mode. Not recommended for production! See https://lit.dev/msg/dev-mode for more information.
stderr | unknown test
Lit is in dev mode. Not recommended for production! See https://lit.dev/msg/dev-mode for more information.
stderr | unknown test
Lit is in dev mode. Not recommended for production! See https://lit.dev/msg/dev-mode for more information.
stderr | unknown test
Lit is in dev mode. Not recommended for production! See https://lit.dev/msg/dev-mode for more information.
stderr | unknown test
Lit is in dev mode. Not recommended for production! See https://lit.dev/msg/dev-mode for more information.
stderr | tests/unit/plant-actions.spec.ts > plant-actions > updatePlant > should show error toast on failure
Failed to update plant: [Error: Network error]
stderr | tests/unit/plant-actions.spec.ts > plant-actions > updatePlantFromDialog > should return false on error
Error updating plant(s): [Error: Update failed]
stderr | tests/unit/plant-actions.spec.ts > plant-actions > handleDeletePlant > should remove optimistic IDs on failure
Failed to delete plant: [Error: Delete failed]
stdout | tests/unit/growspace-store.spec.ts > GrowspaceStore > Lifecycle & Actions > should handle deep link delegation
[DeepLink] Devices not loaded yet, setting pending deep link: plant123
stdout | tests/cards/growspace-subarea-card.test.ts > GrowspaceSubareaCard > is defined
[GrowspaceDataStore] Mounted - subscribers connected
stderr | tests/cards/growspace-subarea-card.test.ts > GrowspaceSubareaCard > is defined
Element growspace-subarea-card scheduled an update (generally because a property was set) after an update completed, causing a new update to be scheduled. This is inefficient and should be avoided unless the next update can only be scheduled as a side effect of the previous update. See https://lit.dev/msg/change-in-update for more information.
stdout | tests/cards/growspace-subarea-card.test.ts > GrowspaceSubareaCard > is defined
[HistoryStore] History loaded successfully
stdout | tests/unit/features/ui/containers/growspace-dialog-host.container.spec.ts > GrowspaceDialogHostContainer > should handle open-strain-editor existing entry matching
[DialogHost] Rendering with active type: NONE
stderr | tests/unit/features/ui/containers/growspace-dialog-host.container.spec.ts > GrowspaceDialogHostContainer > should handle open-strain-editor existing entry matching
Element growspace-dialog-host scheduled an update (generally because a property was set) after an update completed, causing a new update to be scheduled. This is inefficient and should be avoided unless the next update can only be scheduled as a side effect of the previous update. See https://lit.dev/msg/change-in-update for more information.
stdout | tests/unit/features/ui/containers/growspace-dialog-host.container.spec.ts > GrowspaceDialogHostContainer > should handle open-strain-editor existing entry matching
[DialogHost] Rendering with active type: NONE
stdout | tests/unit/features/ui/containers/growspace-dialog-host.container.spec.ts > GrowspaceDialogHostContainer > should handle open-strain-editor existing entry matching
[DialogHost] Rendering with active type: NONE
stdout | tests/cards/growspace-tank-card.test.ts > GrowspaceTankCard > is defined
[GrowspaceDataStore] Mounted - subscribers connected
stdout | tests/cards/growspace-subarea-card.test.ts > GrowspaceSubareaCard > renders subarea name and growspace name
[HistoryStore] History loaded successfully
stdout | tests/unit/features/ui/containers/growspace-dialog-host.container.spec.ts > GrowspaceDialogHostContainer > should create new entry when strain not found in open-strain-editor
[DialogHost] Rendering with active type: NONE
stdout | tests/unit/features/ui/containers/growspace-dialog-host.container.spec.ts > GrowspaceDialogHostContainer > should create new entry when strain not found in open-strain-editor
[DialogHost] Rendering with active type: NONE
stdout | tests/unit/features/ui/containers/growspace-dialog-host.container.spec.ts > GrowspaceDialogHostContainer > should create new entry when strain not found in open-strain-editor
[DialogHost] Rendering with active type: NONE
stdout | tests/unit/features/ui/containers/growspace-dialog-host.container.spec.ts > GrowspaceDialogHostContainer > should handle transplant failure branch
[DialogHost] Rendering with active type: NONE
stdout | tests/unit/features/ui/containers/growspace-dialog-host.container.spec.ts > GrowspaceDialogHostContainer > should handle transplant failure branch
[DialogHost] Rendering with active type: NONE
stdout | tests/cards/growspace-tank-card.test.ts > GrowspaceTankCard > is defined
[MockHass] sendMessagePromise: {
  "growspace_id": undefined,
  "type": "growspace_manager/get_data",
}
stderr | tests/cards/growspace-tank-card.test.ts > GrowspaceTankCard > is defined
[GrowspaceAPI] API Validation Failed for Collection (All Data): {
  "_errors": [
    "Required"
  ]
}
stdout | tests/cards/growspace-ai-insight-card.test.ts > GrowspaceAiInsightCard > is defined
[GrowspaceDataStore] Mounted - subscribers connected
stdout | tests/unit/features/ui/containers/growspace-dialog-host.container.spec.ts > GrowspaceDialogHostContainer > should handle transplant failure branch
[DialogHost] Rendering with active type: TAKE_CLONE
stdout | tests/cards/growspace-subarea-card.test.ts > GrowspaceSubareaCard > renders hero sensors correctly
[HistoryStore] History loaded successfully
stdout | tests/cards/growspace-ai-insight-card.test.ts > GrowspaceAiInsightCard > is defined
[MockHass] sendMessagePromise: {
  "growspace_id": undefined,
  "type": "growspace_manager/get_data",
}
stderr | tests/cards/growspace-ai-insight-card.test.ts > GrowspaceAiInsightCard > is defined
[GrowspaceAPI] API Validation Failed for Collection (All Data): {
  "_errors": [
    "Required"
  ]
}
stdout | tests/cards/growspace-tank-card.test.ts > GrowspaceTankCard > setConfig updates config and initializes store
[GrowspaceAPI] Returning cached data for __all__
stdout | tests/cards/growspace-subarea-card.test.ts > GrowspaceSubareaCard > renders device chips correctly
[HistoryStore] History loaded successfully
stdout | tests/cards/growspace-tank-card.test.ts > GrowspaceTankCard > throws error on invalid config
[GrowspaceAPI] Returning cached data for __all__
stdout | tests/cards/growspace-tank-card.test.ts > GrowspaceTankCard > renders error state when hass is missing
[GrowspaceAPI] Returning cached data for __all__
stdout | tests/cards/growspace-tank-card.test.ts > GrowspaceTankCard > renders loading state when store is loading and no devices
[GrowspaceAPI] Returning cached data for __all__
stdout | tests/cards/growspace-subarea-card.test.ts > GrowspaceSubareaCard > toggles metric graph on hero sensor click
[HistoryStore] History loaded successfully
stdout | tests/cards/growspace-tank-card.test.ts > GrowspaceTankCard > renders no-data state when devices array is empty
[GrowspaceAPI] Returning cached data for __all__
stdout | tests/cards/growspace-tank-card.test.ts > GrowspaceTankCard > renders error state when selected device is not found
[GrowspaceAPI] Returning cached data for __all__
stdout | tests/cards/growspace-ai-insight-card.test.ts > GrowspaceAiInsightCard > initializes default growspace from config
[GrowspaceAPI] Returning cached data for __all__
stdout | tests/cards/growspace-tank-card.test.ts > GrowspaceTankCard > renders empty state when no tanks configured
[GrowspaceAPI] Returning cached data for __all__
stdout | tests/cards/growspace-subarea-card.test.ts > GrowspaceSubareaCard > opens config dialog on gear icon click
[HistoryStore] History loaded successfully
stdout | tests/cards/growspace-ai-insight-card.test.ts > GrowspaceAiInsightCard > throws error on invalid config
[GrowspaceAPI] Returning cached data for __all__
stdout | tests/cards/growspace-ai-insight-card.test.ts > GrowspaceAiInsightCard > renders error state when hass is missing
[GrowspaceAPI] Returning cached data for __all__
stdout | tests/cards/growspace-ai-insight-card.test.ts > GrowspaceAiInsightCard > provides fallback stub config
[GrowspaceAPI] Returning cached data for __all__
stdout | tests/cards/growspace-ai-insight-card.test.ts > GrowspaceAiInsightCard > returns standard card size
[GrowspaceAPI] Returning cached data for __all__
stdout | tests/cards/growspace-ai-insight-card.test.ts > GrowspaceAiInsightCard > calls store updateHass on updated
[GrowspaceAPI] Returning cached data for __all__
stdout | tests/cards/growspace-ai-insight-card.test.ts > GrowspaceAiInsightCard > calls store updateHass on updated
[GrowspaceAPI] Returning cached data for __all__
stderr | tests/cards/growspace-ai-insight-card.test.ts > GrowspaceAiInsightCard > calls store updateHass on updated
Element growspace-ai-insight-card scheduled an update (generally because a property was set) after an update completed, causing a new update to be scheduled. This is inefficient and should be avoided unless the next update can only be scheduled as a side effect of the previous update. See https://lit.dev/msg/change-in-update for more information.
stdout | tests/cards/growspace-tank-card.test.ts > GrowspaceTankCard > renders tanks with data correctly
[GrowspaceAPI] Returning cached data for __all__
stdout | tests/cards/growspace-ai-insight-card.test.ts > GrowspaceAiInsightCard > disconnectedCallback destroys store
[GrowspaceAPI] Returning cached data for __all__
stdout | tests/cards/growspace-ai-insight-card.test.ts > GrowspaceAiInsightCard > stale counter triggers data refresh
[GrowspaceAPI] Returning cached data for __all__
stdout | tests/cards/growspace-ai-insight-card.test.ts > GrowspaceAiInsightCard > stale counter triggers data refresh
[GrowspaceAPI] Returning cached data for __all__
stdout | tests/cards/growspace-ai-insight-card.test.ts > GrowspaceAiInsightCard > stale counter triggers data refresh
[GrowspaceAPI] Returning cached data for __all__
stdout | tests/cards/growspace-ai-insight-card.test.ts > GrowspaceAiInsightCard > stale counter triggers data refresh
[GrowspaceAPI] Returning cached data for __all__
stdout | tests/cards/growspace-ai-insight-card.test.ts > GrowspaceAiInsightCard > stale counter triggers data refresh
[GrowspaceAPI] Returning cached data for __all__
stdout | tests/cards/growspace-ai-insight-card.test.ts > GrowspaceAiInsightCard > stale counter triggers data refresh
[GrowspaceAPI] Returning cached data for __all__
stdout | tests/cards/growspace-ai-insight-card.test.ts > GrowspaceAiInsightCard > stale counter triggers data refresh
[GrowspaceAPI] Returning cached data for __all__
stdout | tests/cards/growspace-ai-insight-card.test.ts > GrowspaceAiInsightCard > stale counter triggers data refresh
[GrowspaceAPI] Returning cached data for __all__
stdout | tests/cards/growspace-ai-insight-card.test.ts > GrowspaceAiInsightCard > stale counter triggers data refresh
[GrowspaceAPI] Returning cached data for __all__
stdout | tests/cards/growspace-ai-insight-card.test.ts > GrowspaceAiInsightCard > stale counter triggers data refresh
[GrowspaceAPI] Returning cached data for __all__
stdout | tests/cards/growspace-ai-insight-card.test.ts > GrowspaceAiInsightCard > returns standard card size
[GrowspaceAPI] Returning cached data for __all__
stdout | tests/cards/growspace-ai-insight-card.test.ts > GrowspaceAiInsightCard > calls system_log/write on handle error
[GrowspaceAPI] Returning cached data for __all__
stderr | tests/cards/growspace-ai-insight-card.test.ts > GrowspaceAiInsightCard > calls system_log/write on handle error
Growspace AI Insight Card caught error: [Error: AI Insight Error] {
  "componentStack": "Mock",
}
stdout | tests/cards/growspace-ai-insight-card.test.ts > GrowspaceAiInsightCard > calls system_log/write on handle error
[MockHass] Service Called: system_log.write {
  "level": "error",
  "logger": "lovelace_growspace_manager_card",
  "message": "Growspace AI Insight Card Error: AI Insight Error",
}
stdout | tests/cards/growspace-subarea-card.test.ts > GrowspaceSubareaCard > renders loading state
[HistoryStore] History loaded successfully
stdout | tests/cards/growspace-ai-insight-card.test.ts > GrowspaceAiInsightCard > gets config element correctly
[GrowspaceAPI] Returning cached data for __all__
stderr | tests/unit/components/heatmap-3d.spec.ts > Heatmap3D Logic > Lifecycle > should setup event listeners on connect
Element heatmap-3d scheduled an update (generally because a property was set) after an update completed, causing a new update to be scheduled. This is inefficient and should be avoided unless the next update can only be scheduled as a side effect of the previous update. See https://lit.dev/msg/change-in-update for more information.
stdout | tests/cards/growspace-subarea-card.test.ts > GrowspaceSubareaCard > renders error state when subarea not found
[HistoryStore] History loaded successfully
stdout | tests/cards/growspace-ai-insight-card.test.ts > GrowspaceAiInsightCard > _extractText behavior > extracts direct string
[GrowspaceAPI] Returning cached data for __all__
stdout | tests/cards/growspace-tank-card.test.ts > GrowspaceTankCard > renders tanks with edge case data correctly
[GrowspaceAPI] Returning cached data for __all__
stdout | tests/cards/growspace-ai-insight-card.test.ts > GrowspaceAiInsightCard > _extractText behavior > extracts json if no response property
[GrowspaceAPI] Returning cached data for __all__
stdout | tests/cards/growspace-subarea-card.test.ts > GrowspaceSubareaCard > renders error state when HA is missing
[HistoryStore] History loaded successfully
stdout | tests/cards/growspace-ai-insight-card.test.ts > GrowspaceAiInsightCard > _extractText behavior > extracts response if string
[GrowspaceAPI] Returning cached data for __all__
stdout | tests/cards/growspace-ai-insight-card.test.ts > GrowspaceAiInsightCard > _extractText behavior > extracts nested response
[GrowspaceAPI] Returning cached data for __all__
stdout | tests/cards/growspace-tank-card.test.ts > GrowspaceTankCard > renders average level when no warnings
[GrowspaceAPI] Returning cached data for __all__
stdout | tests/cards/growspace-ai-insight-card.test.ts > GrowspaceAiInsightCard > _extractText behavior > extracts json from nested object
[GrowspaceAPI] Returning cached data for __all__
stdout | tests/cards/growspace-subarea-card.test.ts > GrowspaceSubareaCard > getCardSize returns expected size
[HistoryStore] History loaded successfully
stdout | tests/cards/growspace-ai-insight-card.test.ts > GrowspaceAiInsightCard > _analyze behavior > analyze all triggers analyzeAllGrowspaces
[GrowspaceAPI] Returning cached data for __all__
stdout | tests/cards/growspace-tank-card.test.ts > GrowspaceTankCard > getCardSize returns expected size from component
[GrowspaceAPI] Returning cached data for __all__
stdout | tests/cards/growspace-tank-card.test.ts > GrowspaceTankCard > getStubConfig returns expected config from component
[GrowspaceAPI] Returning cached data for __all__
stdout | tests/cards/growspace-subarea-card.test.ts > GrowspaceSubareaCard > getStubConfig returns default config
[HistoryStore] History loaded successfully
stdout | tests/cards/growspace-tank-card.test.ts > GrowspaceTankCard > getConfigElement returns editor element
[GrowspaceAPI] Returning cached data for __all__
stdout | tests/cards/growspace-ai-insight-card.test.ts > GrowspaceAiInsightCard > _analyze behavior > analyze specific triggers askGrowAdvice on selected device
[GrowspaceAPI] Returning cached data for __all__
stdout | tests/cards/growspace-subarea-card.test.ts > GrowspaceSubareaCard > disconnectedCallback cleans up store and history
[HistoryStore] History loaded successfully
stdout | tests/cards/growspace-tank-card.test.ts > GrowspaceTankCard > disconnectedCallback destroys store
[GrowspaceAPI] Returning cached data for __all__
stdout | tests/cards/growspace-ai-insight-card.test.ts > GrowspaceAiInsightCard > _analyze behavior > analyze specific throws error if no device selected
[GrowspaceAPI] Returning cached data for __all__
stdout | tests/cards/growspace-tank-card.test.ts > GrowspaceTankCard > stale counter triggers data refresh
[GrowspaceAPI] Returning cached data for __all__
stdout | tests/cards/growspace-tank-card.test.ts > GrowspaceTankCard > stale counter triggers data refresh
[GrowspaceAPI] Returning cached data for __all__
stdout | tests/cards/growspace-tank-card.test.ts > GrowspaceTankCard > stale counter triggers data refresh
[GrowspaceAPI] Returning cached data for __all__
stdout | tests/cards/growspace-tank-card.test.ts > GrowspaceTankCard > stale counter triggers data refresh
[GrowspaceAPI] Returning cached data for __all__
stdout | tests/cards/growspace-tank-card.test.ts > GrowspaceTankCard > stale counter triggers data refresh
[GrowspaceAPI] Returning cached data for __all__
stdout | tests/cards/growspace-tank-card.test.ts > GrowspaceTankCard > stale counter triggers data refresh
[GrowspaceAPI] Returning cached data for __all__
stderr | tests/cards/growspace-ai-insight-card.test.ts > GrowspaceAiInsightCard > _analyze behavior > analyze specific throws error if no device selected
AI Analysis failed: [Error: No device selected and "Analyze All" was false.]
stdout | tests/cards/growspace-tank-card.test.ts > GrowspaceTankCard > stale counter triggers data refresh
[GrowspaceAPI] Returning cached data for __all__
stdout | tests/cards/growspace-tank-card.test.ts > GrowspaceTankCard > stale counter triggers data refresh
[GrowspaceAPI] Returning cached data for __all__
stdout | tests/cards/growspace-tank-card.test.ts > GrowspaceTankCard > stale counter triggers data refresh
[GrowspaceAPI] Returning cached data for __all__
stdout | tests/cards/growspace-tank-card.test.ts > GrowspaceTankCard > stale counter triggers data refresh
[GrowspaceAPI] Returning cached data for __all__
stdout | tests/cards/growspace-tank-card.test.ts > GrowspaceTankCard > stale counter triggers data refresh
[GrowspaceAPI] Returning cached data for __all__
stdout | tests/cards/growspace-tank-card.test.ts > GrowspaceTankCard > stale counter triggers data refresh
[GrowspaceAPI] Returning cached data for __all__
stdout | tests/cards/growspace-tank-card.test.ts > GrowspaceTankCard > stale counter triggers data refresh
[GrowspaceAPI] Returning cached data for __all__
stdout | tests/cards/growspace-tank-card.test.ts > GrowspaceTankCard > stale counter triggers data refresh
[GrowspaceAPI] Returning cached data for __all__
stdout | tests/cards/growspace-tank-card.test.ts > GrowspaceTankCard > stale counter triggers data refresh
[GrowspaceAPI] Returning cached data for __all__
stdout | tests/cards/growspace-tank-card.test.ts > GrowspaceTankCard > stale counter triggers data refresh
[GrowspaceAPI] Returning cached data for __all__
stdout | tests/cards/growspace-ai-insight-card.test.ts > GrowspaceAiInsightCard > _analyze behavior > analyze specific throws error if device not found in array
[GrowspaceAPI] Returning cached data for __all__
stdout | tests/cards/growspace-subarea-card.test.ts > GrowspaceSubareaCard > setConfig throws on invalid config
[HistoryStore] History loaded successfully
stdout | tests/cards/growspace-tank-card.test.ts > GrowspaceTankCard > selectedDevice getter returns value from store
[GrowspaceAPI] Returning cached data for __all__
stderr | tests/cards/growspace-ai-insight-card.test.ts > GrowspaceAiInsightCard > _analyze behavior > analyze specific throws error if device not found in array
AI Analysis failed: [Error: Selected device not found in devices list.]
stdout | tests/cards/growspace-tank-card.test.ts > GrowspaceTankCard > _handleError logs error to console
[GrowspaceAPI] Returning cached data for __all__
stdout | tests/cards/growspace-ai-insight-card.test.ts > GrowspaceAiInsightCard > _analyze behavior > handles generic errors during analyze
[GrowspaceAPI] Returning cached data for __all__
stdout | tests/cards/growspace-tank-card.test.ts > GrowspaceTankCard > matches visual snapshot
[GrowspaceAPI] Returning cached data for __all__
stderr | tests/cards/growspace-ai-insight-card.test.ts > GrowspaceAiInsightCard > _analyze behavior > handles generic errors during analyze
AI Analysis failed: [Error: Network fault]
stdout | tests/cards/growspace-ai-insight-card.test.ts > GrowspaceAiInsightCard > _analyze behavior > fallback generic error handler handles unknown thrown objects
[GrowspaceAPI] Returning cached data for __all__
stdout | tests/cards/growspace-subarea-card.test.ts > GrowspaceSubareaCard > renders unconfigured state when growspace_id is missing
[HistoryStore] History loaded successfully
stderr | tests/cards/growspace-ai-insight-card.test.ts > GrowspaceAiInsightCard > _analyze behavior > fallback generic error handler handles unknown thrown objects
AI Analysis failed: Not an Error object
stdout | tests/cards/growspace-ai-insight-card.test.ts > GrowspaceAiInsightCard > render functionality > renders the target name in subtitle
[GrowspaceAPI] Returning cached data for __all__
stdout | tests/cards/growspace-ai-insight-card.test.ts > GrowspaceAiInsightCard > render functionality > renders Unknown Growspace if selected device not matched
[GrowspaceAPI] Returning cached data for __all__
stdout | tests/cards/growspace-subarea-card.test.ts > GrowspaceSubareaCard > renders no-sensors message when environment_config is empty
[HistoryStore] History loaded successfully
stdout | tests/unit/features/ui/containers/growspace-dialog-host.container.spec.ts > GrowspaceDialogHostContainer > should handle environment config with all optional fields populated
[DialogHost] Rendering with active type: NONE
stdout | tests/unit/features/ui/containers/growspace-dialog-host.container.spec.ts > GrowspaceDialogHostContainer > should handle environment config with all optional fields populated
[DialogHost] Rendering with active type: NONE
stdout | tests/unit/features/ui/containers/growspace-dialog-host.container.spec.ts > GrowspaceDialogHostContainer > should handle environment config with all optional fields populated
[DialogHost] Rendering with active type: ENVIRONMENT_CONFIG
stdout | tests/unit/features/ui/containers/growspace-dialog-host.container.spec.ts > GrowspaceDialogHostContainer > should navigate to STRAIN_LIBRARY from @create-new-strain event
[DialogHost] Rendering with active type: NONE
stdout | tests/unit/features/ui/containers/growspace-dialog-host.container.spec.ts > GrowspaceDialogHostContainer > should navigate to STRAIN_LIBRARY from @create-new-strain event
[DialogHost] Rendering with active type: NONE
stdout | tests/unit/features/ui/containers/growspace-dialog-host.container.spec.ts > GrowspaceDialogHostContainer > should navigate to STRAIN_LIBRARY from @create-new-strain event
[DialogHost] Rendering with active type: ADD_PLANT
stdout | tests/unit/features/ui/containers/growspace-dialog-host.container.spec.ts > GrowspaceDialogHostContainer > should navigate to STRAIN_LIBRARY from @create-new-strain event
[AddPlantDialog] render called, open: true strains: 1
stdout | tests/cards/growspace-ai-insight-card.test.ts > GrowspaceAiInsightCard > render functionality > textarea updates query state
[GrowspaceAPI] Returning cached data for __all__
stdout | tests/cards/growspace-ai-insight-card.test.ts > GrowspaceAiInsightCard > render functionality > renders loading spinner when loading
[GrowspaceAPI] Returning cached data for __all__
stdout | tests/cards/growspace-subarea-card.test.ts > GrowspaceSubareaCard > renders VPD and CO2 sensors
[HistoryStore] History loaded successfully
stdout | tests/cards/growspace-ai-insight-card.test.ts > GrowspaceAiInsightCard > render functionality > renders response box when response exists and not loading
[GrowspaceAPI] Returning cached data for __all__
stdout | tests/cards/growspace-subarea-card.test.ts > GrowspaceSubareaCard > renders multiple entity IDs in hero card (multi-sensor path)
[HistoryStore] History loaded successfully
stdout | tests/unit/features/ui/containers/growspace-dialog-host.container.spec.ts > GrowspaceDialogHostContainer > should handle @data-changed events with debounced refresh
[DialogHost] Rendering with active type: NONE
stdout | tests/unit/features/ui/containers/growspace-dialog-host.container.spec.ts > GrowspaceDialogHostContainer > should handle @data-changed events with debounced refresh
[DialogHost] Rendering with active type: NONE
stdout | tests/cards/growspace-ai-insight-card.test.ts > GrowspaceAiInsightCard > render functionality > renders error box when error exists
[GrowspaceAPI] Returning cached data for __all__
stdout | tests/unit/features/ui/containers/growspace-dialog-host.container.spec.ts > GrowspaceDialogHostContainer > should handle @data-changed events with debounced refresh
[DialogHost] Rendering with active type: STRAIN_LIBRARY
stdout | tests/cards/growspace-ai-insight-card.test.ts > GrowspaceAiInsightCard > render functionality > buttons trigger correct analyze bounds
[GrowspaceAPI] Returning cached data for __all__
stdout | tests/unit/features/ui/containers/growspace-dialog-host.container.spec.ts > GrowspaceDialogHostContainer > should handle @data-changed events with debounced refresh
[DialogHost] Rendering with active type: STRAIN_LIBRARY
stdout | tests/cards/growspace-subarea-card.test.ts > GrowspaceSubareaCard > renders additional sensors (substrate temp, pH, feed EC, substrate EC)
[HistoryStore] History loaded successfully
stdout | tests/cards/growspace-ai-insight-card.test.ts > GrowspaceAiInsightCard > matches visual snapshot
[GrowspaceAPI] Returning cached data for __all__
stdout | tests/unit/features/ui/containers/growspace-dialog-host.container.spec.ts > GrowspaceDialogHostContainer > should handle strain-created-at-source paths
[DialogHost] Rendering with active type: NONE
stdout | tests/unit/features/ui/containers/growspace-dialog-host.container.spec.ts > GrowspaceDialogHostContainer > should handle strain-created-at-source paths
[DialogHost] Rendering with active type: NONE
stdout | tests/unit/features/ui/containers/growspace-dialog-host.container.spec.ts > GrowspaceDialogHostContainer > should handle strain-created-at-source paths
[DialogHost] Rendering with active type: STRAIN_LIBRARY
stdout | tests/unit/features/ui/containers/growspace-dialog-host.container.spec.ts > GrowspaceDialogHostContainer > should handle strain-created-at-source paths
[DialogHost] Rendering with active type: STRAIN_LIBRARY
stdout | tests/unit/features/ui/containers/growspace-dialog-host.container.spec.ts > GrowspaceDialogHostContainer > should handle @close dialog events
[DialogHost] Rendering with active type: NONE
stdout | tests/unit/features/ui/containers/growspace-dialog-host.container.spec.ts > GrowspaceDialogHostContainer > should handle @close dialog events
[DialogHost] Rendering with active type: NONE
stdout | tests/unit/features/ui/containers/growspace-dialog-host.container.spec.ts > GrowspaceDialogHostContainer > should handle @close dialog events
[DialogHost] Rendering with active type: IPM
stdout | tests/unit/features/ui/containers/growspace-dialog-host.container.spec.ts > GrowspaceDialogHostContainer > should render growspace-watering-dialog-ui for WATERING type
[DialogHost] Rendering with active type: NONE
stdout | tests/unit/features/ui/containers/growspace-dialog-host.container.spec.ts > GrowspaceDialogHostContainer > should render growspace-watering-dialog-ui for WATERING type
[DialogHost] Rendering with active type: NONE
stdout | tests/unit/features/ui/containers/growspace-dialog-host.container.spec.ts > GrowspaceDialogHostContainer > should render growspace-watering-dialog-ui for WATERING type
[DialogHost] Rendering with active type: WATERING
stdout | tests/cards/growspace-subarea-card.test.ts > GrowspaceSubareaCard > renders device chip state as n/n for multi-entity groups
[HistoryStore] History loaded successfully
stdout | tests/unit/features/ui/containers/growspace-dialog-host.container.spec.ts > GrowspaceDialogHostContainer > should handle @submit-watering plant mode on watering dialog
[DialogHost] Rendering with active type: NONE
stdout | tests/unit/features/ui/containers/growspace-dialog-host.container.spec.ts > GrowspaceDialogHostContainer > should handle @submit-watering plant mode on watering dialog
[DialogHost] Rendering with active type: NONE
stdout | tests/unit/features/ui/containers/growspace-dialog-host.container.spec.ts > GrowspaceDialogHostContainer > should handle @submit-watering plant mode on watering dialog
[DialogHost] Rendering with active type: WATERING
stdout | tests/unit/features/ui/containers/growspace-dialog-host.container.spec.ts > GrowspaceDialogHostContainer > should handle @submit-watering growspace mode on watering dialog
[DialogHost] Rendering with active type: NONE
stdout | tests/unit/features/ui/containers/growspace-dialog-host.container.spec.ts > GrowspaceDialogHostContainer > should handle @submit-watering growspace mode on watering dialog
[DialogHost] Rendering with active type: NONE
stdout | tests/unit/features/ui/containers/growspace-dialog-host.container.spec.ts > GrowspaceDialogHostContainer > should handle @submit-watering growspace mode on watering dialog
[DialogHost] Rendering with active type: WATERING
stdout | tests/cards/growspace-subarea-card.test.ts > GrowspaceSubareaCard > getConfigElement creates and returns the editor element
[HistoryStore] History loaded successfully
stdout | tests/unit/features/ui/containers/growspace-dialog-host.container.spec.ts > GrowspaceDialogHostContainer > should handle @save-preset on watering dialog
[DialogHost] Rendering with active type: NONE
stdout | tests/unit/features/ui/containers/growspace-dialog-host.container.spec.ts > GrowspaceDialogHostContainer > should handle @save-preset on watering dialog
[DialogHost] Rendering with active type: NONE
stdout | tests/unit/features/ui/containers/growspace-dialog-host.container.spec.ts > GrowspaceDialogHostContainer > should handle @save-preset on watering dialog
[DialogHost] Rendering with active type: WATERING
stdout | tests/unit/features/ui/containers/growspace-dialog-host.container.spec.ts > GrowspaceDialogHostContainer > should handle @update-stock on watering dialog
[DialogHost] Rendering with active type: NONE
stdout | tests/unit/features/ui/containers/growspace-dialog-host.container.spec.ts > GrowspaceDialogHostContainer > should handle @update-stock on watering dialog
[DialogHost] Rendering with active type: NONE
stdout | tests/unit/features/ui/containers/growspace-dialog-host.container.spec.ts > GrowspaceDialogHostContainer > should handle @update-stock on watering dialog
[DialogHost] Rendering with active type: WATERING
stdout | tests/unit/features/ui/containers/growspace-dialog-host.container.spec.ts > GrowspaceDialogHostContainer > should render nutrient-presets-editor for NUTRIENT_PRESETS type
[DialogHost] Rendering with active type: NONE
stdout | tests/unit/features/ui/containers/growspace-dialog-host.container.spec.ts > GrowspaceDialogHostContainer > should render nutrient-presets-editor for NUTRIENT_PRESETS type
[DialogHost] Rendering with active type: NONE
stdout | tests/unit/features/ui/containers/growspace-dialog-host.container.spec.ts > GrowspaceDialogHostContainer > should render nutrient-presets-editor for NUTRIENT_PRESETS type
[DialogHost] Rendering with active type: NUTRIENT_PRESETS
stdout | tests/unit/features/ui/containers/growspace-dialog-host.container.spec.ts > GrowspaceDialogHostContainer > should render training-dialog for TRAINING type
[DialogHost] Rendering with active type: NONE
stdout | tests/unit/features/ui/containers/growspace-dialog-host.container.spec.ts > GrowspaceDialogHostContainer > should render training-dialog for TRAINING type
[DialogHost] Rendering with active type: NONE
stdout | tests/unit/features/ui/containers/growspace-dialog-host.container.spec.ts > GrowspaceDialogHostContainer > should render training-dialog for TRAINING type
[DialogHost] Rendering with active type: TRAINING
stdout | tests/unit/features/ui/containers/growspace-dialog-host.container.spec.ts > GrowspaceDialogHostContainer > should handle TAKE_CLONE success path
[DialogHost] Rendering with active type: NONE
stdout | tests/unit/features/ui/containers/growspace-dialog-host.container.spec.ts > GrowspaceDialogHostContainer > should handle TAKE_CLONE success path
[DialogHost] Rendering with active type: NONE
stdout | tests/unit/features/ui/containers/growspace-dialog-host.container.spec.ts > GrowspaceDialogHostContainer > should handle TAKE_CLONE success path
[DialogHost] Rendering with active type: TAKE_CLONE
stdout | tests/cards/growspace-subarea-card.test.ts > GrowspaceSubareaCard > _handleError logs and calls system_log write
[HistoryStore] History loaded successfully
stderr | tests/cards/growspace-subarea-card.test.ts > GrowspaceSubareaCard > _handleError logs and calls system_log write
Growspace Subarea Card caught error: [Error: Test error] {}
stdout | tests/cards/growspace-subarea-card.test.ts > GrowspaceSubareaCard > _loadHistory catches and logs errors
[HistoryStore] History loaded successfully
stdout | tests/cards/growspace-subarea-card.test.ts > GrowspaceSubareaCard > _loadHistory returns early when no entity IDs configured
[HistoryStore] History loaded successfully
stdout | tests/cards/growspace-subarea-card.test.ts > GrowspaceSubareaCard > toggles device chip metric graph on click
[HistoryStore] History loaded successfully
stdout | tests/cards/growspace-subarea-card.test.ts > GrowspaceSubareaCard > renders active state class on metric chip when active
[HistoryStore] History loaded successfully
stdout | tests/cards/growspace-subarea-card.test.ts > GrowspaceSubareaCard > hero card renders without sparkline when generateSparklinePath returns null
[HistoryStore] History loaded successfully
stdout | tests/cards/growspace-subarea-card.test.ts > GrowspaceSubareaCard > multi-sensor hero card renders without sparkline when path is null
[HistoryStore] History loaded successfully
stdout | tests/cards/growspace-subarea-card.test.ts > GrowspaceSubareaCard > hero sensor chip is not rendered when entity not in hass states
[HistoryStore] History loaded successfully
stdout | tests/cards/growspace-subarea-card.test.ts > GrowspaceSubareaCard > device chip shows raw state value when entity has non-standard state
[HistoryStore] History loaded successfully
stdout | tests/cards/growspace-subarea-card.test.ts > GrowspaceSubareaCard > device chip is not rendered when entity not in hass states
[HistoryStore] History loaded successfully
stdout | tests/cards/growspace-subarea-card.test.ts > GrowspaceSubareaCard > secondary sensor chip is not rendered when entity not in hass states
[HistoryStore] History loaded successfully
stdout | tests/cards/growspace-subarea-card.test.ts > GrowspaceSubareaCard > _handleError does not call system_log when hass is undefined
[HistoryStore] History loaded successfully
stdout | tests/cards/growspace-subarea-card.test.ts > GrowspaceSubareaCard > stale counter triggers data refresh and loadSubarea
[HistoryStore] History loaded successfully
stdout | tests/unit/features/ui/containers/growspace-dialog-host.container.spec.ts > GrowspaceDialogHostContainer > should render growspace-nutrient-inventory-dialog-ui for NUTRIENT_INVENTORY type
[DialogHost] Rendering with active type: NONE
stdout | tests/unit/features/ui/containers/growspace-dialog-host.container.spec.ts > GrowspaceDialogHostContainer > should render growspace-nutrient-inventory-dialog-ui for NUTRIENT_INVENTORY type
[DialogHost] Rendering with active type: NONE
stdout | tests/unit/features/ui/containers/growspace-dialog-host.container.spec.ts > GrowspaceDialogHostContainer > should render growspace-nutrient-inventory-dialog-ui for NUTRIENT_INVENTORY type
[DialogHost] Rendering with active type: NUTRIENT_INVENTORY
stdout | tests/unit/features/ui/containers/growspace-dialog-host.container.spec.ts > GrowspaceDialogHostContainer > should handle @update-stock on nutrient-inventory dialog
[DialogHost] Rendering with active type: NONE
stdout | tests/unit/features/ui/containers/growspace-dialog-host.container.spec.ts > GrowspaceDialogHostContainer > should handle @update-stock on nutrient-inventory dialog
[DialogHost] Rendering with active type: NONE
stdout | tests/unit/features/ui/containers/growspace-dialog-host.container.spec.ts > GrowspaceDialogHostContainer > should handle @update-stock on nutrient-inventory dialog
[DialogHost] Rendering with active type: NUTRIENT_INVENTORY
stdout | tests/unit/features/ui/containers/growspace-dialog-host.container.spec.ts > GrowspaceDialogHostContainer > should handle @add-stock on nutrient-inventory dialog
[DialogHost] Rendering with active type: NONE
stdout | tests/unit/features/ui/containers/growspace-dialog-host.container.spec.ts > GrowspaceDialogHostContainer > should handle @add-stock on nutrient-inventory dialog
[DialogHost] Rendering with active type: NONE
stdout | tests/unit/features/ui/containers/growspace-dialog-host.container.spec.ts > GrowspaceDialogHostContainer > should handle @add-stock on nutrient-inventory dialog
[DialogHost] Rendering with active type: NUTRIENT_INVENTORY
stdout | tests/unit/features/ui/containers/growspace-dialog-host.container.spec.ts > GrowspaceDialogHostContainer > should render nutrient-dialog for NUTRIENTS type
[DialogHost] Rendering with active type: NONE
stdout | tests/unit/features/ui/containers/growspace-dialog-host.container.spec.ts > GrowspaceDialogHostContainer > should render nutrient-dialog for NUTRIENTS type
[DialogHost] Rendering with active type: NONE
stdout | tests/unit/features/ui/containers/growspace-dialog-host.container.spec.ts > GrowspaceDialogHostContainer > should render nutrient-dialog for NUTRIENTS type
[DialogHost] Rendering with active type: NUTRIENTS
stdout | tests/unit/features/ui/containers/growspace-dialog-host.container.spec.ts > GrowspaceDialogHostContainer > should render print-label-dialog for PRINT_LABEL type
[DialogHost] Rendering with active type: NONE
stdout | tests/unit/features/ui/containers/growspace-dialog-host.container.spec.ts > GrowspaceDialogHostContainer > should render print-label-dialog for PRINT_LABEL type
[DialogHost] Rendering with active type: NONE
stdout | tests/unit/features/ui/containers/growspace-dialog-host.container.spec.ts > GrowspaceDialogHostContainer > should render print-label-dialog for PRINT_LABEL type
[DialogHost] Rendering with active type: PRINT_LABEL
stdout | tests/unit/features/ui/containers/growspace-dialog-host.container.spec.ts > GrowspaceDialogHostContainer > should render harvest-scoring-dialog for HARVEST_SCORING type
[DialogHost] Rendering with active type: NONE
stdout | tests/unit/features/ui/containers/growspace-dialog-host.container.spec.ts > GrowspaceDialogHostContainer > should render harvest-scoring-dialog for HARVEST_SCORING type
[DialogHost] Rendering with active type: NONE
stdout | tests/unit/features/ui/containers/growspace-dialog-host.container.spec.ts > GrowspaceDialogHostContainer > should render harvest-scoring-dialog for HARVEST_SCORING type
[DialogHost] Rendering with active type: HARVEST_SCORING
stdout | tests/unit/features/ui/containers/growspace-dialog-host.container.spec.ts > GrowspaceDialogHostContainer > should render snapshots-dialog for SNAPSHOTS type
[DialogHost] Rendering with active type: NONE
stdout | tests/unit/features/ui/containers/growspace-dialog-host.container.spec.ts > GrowspaceDialogHostContainer > should render snapshots-dialog for SNAPSHOTS type
[DialogHost] Rendering with active type: NONE
stdout | tests/unit/features/ui/containers/growspace-dialog-host.container.spec.ts > GrowspaceDialogHostContainer > should render snapshots-dialog for SNAPSHOTS type
[DialogHost] Rendering with active type: SNAPSHOTS
stdout | tests/cards/growspace-subarea-card.test.ts > GrowspaceSubareaCard > firstUpdated initializes store when _config.growspace_id is set
[HistoryStore] History loaded successfully
stdout | tests/unit/features/ui/containers/growspace-dialog-host.container.spec.ts > GrowspaceDialogHostContainer > should render crop-steering-dialog for CROP_STEERING type
[DialogHost] Rendering with active type: NONE
stdout | tests/unit/features/ui/containers/growspace-dialog-host.container.spec.ts > GrowspaceDialogHostContainer > should render crop-steering-dialog for CROP_STEERING type
[DialogHost] Rendering with active type: NONE
stdout | tests/unit/features/ui/containers/growspace-dialog-host.container.spec.ts > GrowspaceDialogHostContainer > should render crop-steering-dialog for CROP_STEERING type
[DialogHost] Rendering with active type: CROP_STEERING
stdout | tests/unit/features/ui/containers/growspace-dialog-host.container.spec.ts > GrowspaceDialogHostContainer > should render ec-ramp-editor-dialog for EC_RAMP_EDITOR type
[DialogHost] Rendering with active type: NONE
stdout | tests/unit/features/ui/containers/growspace-dialog-host.container.spec.ts > GrowspaceDialogHostContainer > should render ec-ramp-editor-dialog for EC_RAMP_EDITOR type
[DialogHost] Rendering with active type: NONE
stdout | tests/unit/features/ui/containers/growspace-dialog-host.container.spec.ts > GrowspaceDialogHostContainer > should render ec-ramp-editor-dialog for EC_RAMP_EDITOR type
[DialogHost] Rendering with active type: EC_RAMP_EDITOR
stdout | tests/unit/features/ui/containers/growspace-dialog-host.container.spec.ts > GrowspaceDialogHostContainer > should render grow-report-dialog for GROW_REPORT type
[DialogHost] Rendering with active type: NONE
stdout | tests/unit/features/ui/containers/growspace-dialog-host.container.spec.ts > GrowspaceDialogHostContainer > should render grow-report-dialog for GROW_REPORT type
[DialogHost] Rendering with active type: NONE
stdout | tests/unit/features/ui/containers/growspace-dialog-host.container.spec.ts > GrowspaceDialogHostContainer > should render grow-report-dialog for GROW_REPORT type
[DialogHost] Rendering with active type: GROW_REPORT
stdout | tests/unit/features/ui/containers/growspace-dialog-host.container.spec.ts > GrowspaceDialogHostContainer > should return empty template for unknown dialog type
[DialogHost] Rendering with active type: NONE
stdout | tests/unit/features/ui/containers/growspace-dialog-host.container.spec.ts > GrowspaceDialogHostContainer > should return empty template for unknown dialog type
[DialogHost] Rendering with active type: NONE
stdout | tests/unit/features/ui/containers/growspace-dialog-host.container.spec.ts > GrowspaceDialogHostContainer > should return empty template for unknown dialog type
[DialogHost] Rendering with active type: UNKNOWN_TYPE
stdout | tests/cards/growspace-subarea-card.test.ts > GrowspaceSubareaCard > updated creates DataService when hass changes and _dataService is null
[HistoryStore] History loaded successfully
stdout | tests/unit/features/ui/containers/growspace-dialog-host.container.spec.ts > GrowspaceDialogHostContainer > should render strain-library-dialog for STRAIN_LIBRARY type
[DialogHost] Rendering with active type: NONE
stdout | tests/unit/features/ui/containers/growspace-dialog-host.container.spec.ts > GrowspaceDialogHostContainer > should render strain-library-dialog for STRAIN_LIBRARY type
[DialogHost] Rendering with active type: NONE
stdout | tests/unit/features/ui/containers/growspace-dialog-host.container.spec.ts > GrowspaceDialogHostContainer > should render strain-library-dialog for STRAIN_LIBRARY type
[DialogHost] Rendering with active type: STRAIN_LIBRARY
stdout | tests/unit/features/ui/containers/growspace-dialog-host.container.spec.ts > GrowspaceDialogHostContainer > should render strain-library-dialog for STRAIN_LIBRARY type
[DialogHost] Rendering with active type: STRAIN_LIBRARY
stdout | tests/unit/features/ui/containers/growspace-dialog-host.container.spec.ts > GrowspaceDialogHostContainer > should handle @delete-strain on strain-library-dialog
[DialogHost] Rendering with active type: NONE
stdout | tests/unit/features/ui/containers/growspace-dialog-host.container.spec.ts > GrowspaceDialogHostContainer > should handle @delete-strain on strain-library-dialog
[DialogHost] Rendering with active type: NONE
stdout | tests/unit/features/ui/containers/growspace-dialog-host.container.spec.ts > GrowspaceDialogHostContainer > should handle @delete-strain on strain-library-dialog
[DialogHost] Rendering with active type: STRAIN_LIBRARY
stdout | tests/unit/features/ui/containers/growspace-dialog-host.container.spec.ts > GrowspaceDialogHostContainer > should handle @delete-strain on strain-library-dialog
[DialogHost] Rendering with active type: STRAIN_LIBRARY
stdout | tests/cards/growspace-subarea-card.test.ts > GrowspaceSubareaCard > _loadSubarea creates DataService when _dataService is null
[HistoryStore] History loaded successfully
stdout | tests/unit/features/ui/containers/growspace-dialog-host.container.spec.ts > GrowspaceDialogHostContainer > should handle @export-library on strain-library-dialog
[DialogHost] Rendering with active type: NONE
stdout | tests/unit/features/ui/containers/growspace-dialog-host.container.spec.ts > GrowspaceDialogHostContainer > should handle @export-library on strain-library-dialog
[DialogHost] Rendering with active type: NONE
stdout | tests/unit/features/ui/containers/growspace-dialog-host.container.spec.ts > GrowspaceDialogHostContainer > should handle @export-library on strain-library-dialog
[DialogHost] Rendering with active type: STRAIN_LIBRARY
stdout | tests/unit/features/ui/containers/growspace-dialog-host.container.spec.ts > GrowspaceDialogHostContainer > should handle @export-library on strain-library-dialog
[DialogHost] Rendering with active type: STRAIN_LIBRARY
stdout | tests/unit/features/ui/containers/growspace-dialog-host.container.spec.ts > GrowspaceDialogHostContainer > should handle @get-recommendation on strain-library-dialog
[DialogHost] Rendering with active type: NONE
stdout | tests/unit/features/ui/containers/growspace-dialog-host.container.spec.ts > GrowspaceDialogHostContainer > should handle @get-recommendation on strain-library-dialog
[DialogHost] Rendering with active type: NONE
stdout | tests/unit/features/ui/containers/growspace-dialog-host.container.spec.ts > GrowspaceDialogHostContainer > should handle @get-recommendation on strain-library-dialog
[DialogHost] Rendering with active type: STRAIN_LIBRARY
stdout | tests/cards/growspace-subarea-card.test.ts > GrowspaceSubareaCard > updated sets _parentGrowspaceName when matching device found in store
[HistoryStore] History loaded successfully
stdout | tests/unit/features/ui/containers/growspace-dialog-host.container.spec.ts > GrowspaceDialogHostContainer > should handle @get-recommendation on strain-library-dialog
[DialogHost] Rendering with active type: STRAIN_LIBRARY
stdout | tests/unit/features/ui/containers/growspace-dialog-host.container.spec.ts > GrowspaceDialogHostContainer > should handle @open-print-label on strain-library-dialog
[DialogHost] Rendering with active type: NONE
stdout | tests/unit/features/ui/containers/growspace-dialog-host.container.spec.ts > GrowspaceDialogHostContainer > should handle @open-print-label on strain-library-dialog
[DialogHost] Rendering with active type: NONE
stdout | tests/unit/features/ui/containers/growspace-dialog-host.container.spec.ts > GrowspaceDialogHostContainer > should handle @open-print-label on strain-library-dialog
[DialogHost] Rendering with active type: STRAIN_LIBRARY
stdout | tests/unit/features/ui/containers/growspace-dialog-host.container.spec.ts > GrowspaceDialogHostContainer > should handle @open-print-label on strain-library-dialog
[DialogHost] Rendering with active type: STRAIN_LIBRARY
stdout | tests/cards/growspace-subarea-card.test.ts > GrowspaceSubareaCard > renders error state when getSubareas throws
[HistoryStore] History loaded successfully
stdout | tests/unit/features/ui/containers/growspace-dialog-host.container.spec.ts > GrowspaceDialogHostContainer > should handle @save-strain on strain-library-dialog
[DialogHost] Rendering with active type: NONE
stdout | tests/unit/features/ui/containers/growspace-dialog-host.container.spec.ts > GrowspaceDialogHostContainer > should handle @save-strain on strain-library-dialog
[DialogHost] Rendering with active type: NONE
stdout | tests/unit/features/ui/containers/growspace-dialog-host.container.spec.ts > GrowspaceDialogHostContainer > should handle @save-strain on strain-library-dialog
[DialogHost] Rendering with active type: STRAIN_LIBRARY
stdout | tests/unit/features/ui/containers/growspace-dialog-host.container.spec.ts > GrowspaceDialogHostContainer > should handle @save-strain on strain-library-dialog
[DialogHost] Rendering with active type: STRAIN_LIBRARY
stdout | tests/unit/features/ui/containers/growspace-dialog-host.container.spec.ts > GrowspaceDialogHostContainer > should handle @save-strain failure on strain-library-dialog
[DialogHost] Rendering with active type: NONE
stdout | tests/unit/features/ui/containers/growspace-dialog-host.container.spec.ts > GrowspaceDialogHostContainer > should handle @save-strain failure on strain-library-dialog
[DialogHost] Rendering with active type: NONE
stdout | tests/unit/features/ui/containers/growspace-dialog-host.container.spec.ts > GrowspaceDialogHostContainer > should handle @save-strain failure on strain-library-dialog
[DialogHost] Rendering with active type: STRAIN_LIBRARY
stdout | tests/unit/features/ui/containers/growspace-dialog-host.container.spec.ts > GrowspaceDialogHostContainer > should handle @save-strain failure on strain-library-dialog
[DialogHost] Rendering with active type: STRAIN_LIBRARY
stdout | tests/cards/growspace-subarea-card.test.ts > GrowspaceSubareaCard > renders no-data state when subarea is null after loading
[HistoryStore] History loaded successfully
stdout | tests/unit/features/ui/containers/growspace-dialog-host.container.spec.ts > GrowspaceDialogHostContainer > should handle @update-breeder on strain-library-dialog
[DialogHost] Rendering with active type: NONE
stdout | tests/unit/features/ui/containers/growspace-dialog-host.container.spec.ts > GrowspaceDialogHostContainer > should handle @update-breeder on strain-library-dialog
[DialogHost] Rendering with active type: NONE
stdout | tests/unit/features/ui/containers/growspace-dialog-host.container.spec.ts > GrowspaceDialogHostContainer > should handle @update-breeder on strain-library-dialog
[DialogHost] Rendering with active type: STRAIN_LIBRARY
stdout | tests/unit/features/ui/containers/growspace-dialog-host.container.spec.ts > GrowspaceDialogHostContainer > should handle @update-breeder on strain-library-dialog
[DialogHost] Rendering with active type: STRAIN_LIBRARY
stdout | tests/cards/growspace-subarea-card.test.ts > GrowspaceSubareaCard > closes config dialog via close event
[HistoryStore] History loaded successfully
stdout | tests/unit/features/ui/containers/growspace-dialog-host.container.spec.ts > GrowspaceDialogHostContainer > should handle @save-breeder on strain-library-dialog (shows info toast)
[DialogHost] Rendering with active type: NONE
stdout | tests/unit/features/ui/containers/growspace-dialog-host.container.spec.ts > GrowspaceDialogHostContainer > should handle @save-breeder on strain-library-dialog (shows info toast)
[DialogHost] Rendering with active type: NONE
stdout | tests/unit/features/ui/containers/growspace-dialog-host.container.spec.ts > GrowspaceDialogHostContainer > should handle @save-breeder on strain-library-dialog (shows info toast)
[DialogHost] Rendering with active type: STRAIN_LIBRARY
stdout | tests/unit/features/ui/containers/growspace-dialog-host.container.spec.ts > GrowspaceDialogHostContainer > should handle @save-breeder on strain-library-dialog (shows info toast)
[DialogHost] Rendering with active type: STRAIN_LIBRARY
stdout | tests/unit/features/ui/containers/growspace-dialog-host.container.spec.ts > GrowspaceDialogHostContainer > should handle @delete-breeder on strain-library-dialog
[DialogHost] Rendering with active type: NONE
stdout | tests/unit/features/ui/containers/growspace-dialog-host.container.spec.ts > GrowspaceDialogHostContainer > should handle @delete-breeder on strain-library-dialog
[DialogHost] Rendering with active type: NONE
stdout | tests/unit/features/ui/containers/growspace-dialog-host.container.spec.ts > GrowspaceDialogHostContainer > should handle @delete-breeder on strain-library-dialog
[DialogHost] Rendering with active type: STRAIN_LIBRARY
stdout | tests/unit/features/ui/containers/growspace-dialog-host.container.spec.ts > GrowspaceDialogHostContainer > should handle @delete-breeder on strain-library-dialog
[DialogHost] Rendering with active type: STRAIN_LIBRARY
stdout | tests/cards/growspace-subarea-card.test.ts > GrowspaceSubareaCard > renders legacy single sensor fields (temperature_sensor, humidity_sensor, vpd_sensor)
[HistoryStore] History loaded successfully
stdout | tests/unit/features/ui/containers/growspace-dialog-host.container.spec.ts > GrowspaceDialogHostContainer > should handle @import-library on strain-library-dialog
[DialogHost] Rendering with active type: NONE
stdout | tests/unit/features/ui/containers/growspace-dialog-host.container.spec.ts > GrowspaceDialogHostContainer > should handle @import-library on strain-library-dialog
[DialogHost] Rendering with active type: NONE
stdout | tests/unit/features/ui/containers/growspace-dialog-host.container.spec.ts > GrowspaceDialogHostContainer > should handle @import-library on strain-library-dialog
[DialogHost] Rendering with active type: STRAIN_LIBRARY
stdout | tests/unit/features/ui/containers/growspace-dialog-host.container.spec.ts > GrowspaceDialogHostContainer > should handle @import-library on strain-library-dialog
[DialogHost] Rendering with active type: STRAIN_LIBRARY
stdout | tests/cards/growspace-subarea-card.test.ts > GrowspaceSubareaCard > matches visual snapshot
[HistoryStore] History loaded successfully
stdout | tests/unit/features/ui/containers/growspace-dialog-host.container.spec.ts > GrowspaceDialogHostContainer > should handle environment config submit failure
[DialogHost] Rendering with active type: NONE
stdout | tests/unit/features/ui/containers/growspace-dialog-host.container.spec.ts > GrowspaceDialogHostContainer > should handle environment config submit failure
[DialogHost] Rendering with active type: NONE
stdout | tests/unit/features/ui/containers/growspace-dialog-host.container.spec.ts > GrowspaceDialogHostContainer > should handle environment config submit failure
[DialogHost] Rendering with active type: ENVIRONMENT_CONFIG
stderr | tests/unit/features/ui/containers/growspace-dialog-host.container.spec.ts > GrowspaceDialogHostContainer > should handle environment config submit failure
[DialogHost] configureEnvironment failed: [Error: Network error]
stdout | tests/unit/features/ui/containers/growspace-dialog-host.container.spec.ts > GrowspaceDialogHostContainer > should handle @vision-checkup-config-submit on config-dialog
[DialogHost] Rendering with active type: NONE
stdout | tests/unit/features/ui/containers/growspace-dialog-host.container.spec.ts > GrowspaceDialogHostContainer > should handle @vision-checkup-config-submit on config-dialog
[DialogHost] Rendering with active type: NONE
stdout | tests/unit/features/ui/containers/growspace-dialog-host.container.spec.ts > GrowspaceDialogHostContainer > should handle @vision-checkup-config-submit on config-dialog
[DialogHost] Rendering with active type: CONFIG
stdout | tests/unit/features/ui/containers/growspace-dialog-host.container.spec.ts > GrowspaceDialogHostContainer > should handle @strain-created-at-source from add-plants source on strain-library-dialog
[DialogHost] Rendering with active type: NONE
stdout | tests/unit/features/ui/containers/growspace-dialog-host.container.spec.ts > GrowspaceDialogHostContainer > should handle @strain-created-at-source from add-plants source on strain-library-dialog
[DialogHost] Rendering with active type: NONE
stdout | tests/unit/features/ui/containers/growspace-dialog-host.container.spec.ts > GrowspaceDialogHostContainer > should handle @strain-created-at-source from add-plants source on strain-library-dialog
[DialogHost] Rendering with active type: STRAIN_LIBRARY
stdout | tests/unit/features/ui/containers/growspace-dialog-host.container.spec.ts > GrowspaceDialogHostContainer > should handle @strain-created-at-source from add-plants source on strain-library-dialog
[DialogHost] Rendering with active type: STRAIN_LIBRARY
stdout | tests/unit/features/ui/containers/growspace-dialog-host.container.spec.ts > GrowspaceDialogHostContainer > should handle _refreshGeneticsData failure gracefully
[DialogHost] Rendering with active type: NONE
stdout | tests/unit/features/ui/containers/growspace-dialog-host.container.spec.ts > GrowspaceDialogHostContainer > should handle _refreshGeneticsData failure gracefully
[DialogHost] Rendering with active type: NONE
stdout | tests/unit/features/ui/containers/growspace-dialog-host.container.spec.ts > GrowspaceDialogHostContainer > should handle _refreshGeneticsData failure gracefully
[DialogHost] Rendering with active type: STRAIN_LIBRARY
stdout | tests/unit/features/ui/containers/growspace-dialog-host.container.spec.ts > GrowspaceDialogHostContainer > should handle _handleEnvironmentConfig failure
[DialogHost] Rendering with active type: NONE
stdout | tests/unit/features/ui/containers/growspace-dialog-host.container.spec.ts > GrowspaceDialogHostContainer > should handle _handleEnvironmentConfig failure
[DialogHost] Rendering with active type: NONE
stderr | tests/unit/features/ui/containers/growspace-dialog-host.container.spec.ts > GrowspaceDialogHostContainer > should handle _handleEnvironmentConfig failure
[DialogHost] configureEnvironment failed: [Error: Config failed]
stdout | tests/unit/features/ui/containers/growspace-dialog-host.container.spec.ts > GrowspaceDialogHostContainer > should handle _handleVisionCheckupConfig failure
[DialogHost] Rendering with active type: NONE
stdout | tests/unit/features/ui/containers/growspace-dialog-host.container.spec.ts > GrowspaceDialogHostContainer > should handle _handleVisionCheckupConfig failure
[DialogHost] Rendering with active type: NONE
stderr | tests/unit/features/ui/containers/growspace-dialog-host.container.spec.ts > GrowspaceDialogHostContainer > should handle _handleVisionCheckupConfig failure
[DialogHost] updateCheckupConfig failed: [Error: Vision save failed]
stdout | tests/unit/features/ui/containers/growspace-dialog-host.container.spec.ts > GrowspaceDialogHostContainer > should detect stress state and AI personality in GROW_MASTER dialog
[DialogHost] Rendering with active type: NONE
stdout | tests/unit/features/ui/containers/growspace-dialog-host.container.spec.ts > GrowspaceDialogHostContainer > should detect stress state and AI personality in GROW_MASTER dialog
[DialogHost] Rendering with active type: NONE
stdout | tests/unit/features/ui/containers/growspace-dialog-host.container.spec.ts > GrowspaceDialogHostContainer > should detect stress state and AI personality in GROW_MASTER dialog
[DialogHost] Rendering with active type: GROW_MASTER
stdout | tests/unit/features/ui/containers/growspace-dialog-host.container.spec.ts > GrowspaceDialogHostContainer > should fall back to ai_settings.personality if standalone personality missing
[DialogHost] Rendering with active type: NONE
stdout | tests/unit/features/ui/containers/growspace-dialog-host.container.spec.ts > GrowspaceDialogHostContainer > should fall back to ai_settings.personality if standalone personality missing
[DialogHost] Rendering with active type: NONE
stdout | tests/unit/features/ui/containers/growspace-dialog-host.container.spec.ts > GrowspaceDialogHostContainer > should fall back to ai_settings.personality if standalone personality missing
[DialogHost] Rendering with active type: GROW_MASTER
stdout | tests/unit/features/ui/containers/growspace-dialog-host.container.spec.ts > GrowspaceDialogHostContainer > Dialog Event Propagation > should handle @close on GROW_MASTER
[DialogHost] Rendering with active type: NONE
stdout | tests/unit/features/ui/containers/growspace-dialog-host.container.spec.ts > GrowspaceDialogHostContainer > Dialog Event Propagation > should handle @close on GROW_MASTER
[DialogHost] Rendering with active type: NONE
stdout | tests/unit/features/ui/containers/growspace-dialog-host.container.spec.ts > GrowspaceDialogHostContainer > Dialog Event Propagation > should handle @close on GROW_MASTER
[DialogHost] Rendering with active type: GROW_MASTER
stdout | tests/unit/features/ui/containers/growspace-dialog-host.container.spec.ts > GrowspaceDialogHostContainer > Dialog Event Propagation > should handle @close on STRAIN_RECOMMENDATION
[DialogHost] Rendering with active type: NONE
stdout | tests/unit/features/ui/containers/growspace-dialog-host.container.spec.ts > GrowspaceDialogHostContainer > Dialog Event Propagation > should handle @close on STRAIN_RECOMMENDATION
[DialogHost] Rendering with active type: NONE
stdout | tests/unit/features/ui/containers/growspace-dialog-host.container.spec.ts > GrowspaceDialogHostContainer > Dialog Event Propagation > should handle @close on STRAIN_RECOMMENDATION
[DialogHost] Rendering with active type: STRAIN_RECOMMENDATION
stdout | tests/unit/features/ui/containers/growspace-dialog-host.container.spec.ts > GrowspaceDialogHostContainer > Dialog Event Propagation > should handle @close on IRRIGATION
[DialogHost] Rendering with active type: NONE
stdout | tests/unit/features/ui/containers/growspace-dialog-host.container.spec.ts > GrowspaceDialogHostContainer > Dialog Event Propagation > should handle @close on IRRIGATION
[DialogHost] Rendering with active type: NONE
stdout | tests/unit/features/ui/containers/growspace-dialog-host.container.spec.ts > GrowspaceDialogHostContainer > Dialog Event Propagation > should handle @close on IRRIGATION
[DialogHost] Rendering with active type: IRRIGATION
stdout | tests/unit/features/ui/containers/growspace-dialog-host.container.spec.ts > GrowspaceDialogHostContainer > Dialog Event Propagation > should handle @closed on IRRIGATION
[DialogHost] Rendering with active type: NONE
stdout | tests/unit/features/ui/containers/growspace-dialog-host.container.spec.ts > GrowspaceDialogHostContainer > Dialog Event Propagation > should handle @closed on IRRIGATION
[DialogHost] Rendering with active type: NONE
stdout | tests/unit/features/ui/containers/growspace-dialog-host.container.spec.ts > GrowspaceDialogHostContainer > Dialog Event Propagation > should handle @closed on IRRIGATION
[DialogHost] Rendering with active type: IRRIGATION
 ✓ |chromium| tests/cards/growspace-carousel-card.test.ts (16 tests) 857ms
     ✓ matches visual snapshot  591ms
stdout | tests/unit/features/ui/containers/growspace-dialog-host.container.spec.ts > GrowspaceDialogHostContainer > Dialog Event Propagation > should handle @data-changed on IRRIGATION
[DialogHost] Rendering with active type: NONE
stdout | tests/unit/features/ui/containers/growspace-dialog-host.container.spec.ts > GrowspaceDialogHostContainer > Dialog Event Propagation > should handle @data-changed on IRRIGATION
[DialogHost] Rendering with active type: NONE
stdout | tests/unit/features/ui/containers/growspace-dialog-host.container.spec.ts > GrowspaceDialogHostContainer > Dialog Event Propagation > should handle @data-changed on IRRIGATION
[DialogHost] Rendering with active type: IRRIGATION
stdout | tests/unit/features/ui/containers/growspace-dialog-host.container.spec.ts > GrowspaceDialogHostContainer > Dialog Event Propagation > should handle @close on LOGBOOK
[DialogHost] Rendering with active type: NONE
stdout | tests/unit/features/ui/containers/growspace-dialog-host.container.spec.ts > GrowspaceDialogHostContainer > Dialog Event Propagation > should handle @close on LOGBOOK
[DialogHost] Rendering with active type: NONE
stdout | tests/unit/features/ui/containers/growspace-dialog-host.container.spec.ts > GrowspaceDialogHostContainer > Dialog Event Propagation > should handle @close on LOGBOOK
[DialogHost] Rendering with active type: LOGBOOK
stdout | tests/unit/features/ui/containers/growspace-dialog-host.container.spec.ts > GrowspaceDialogHostContainer > Dialog Event Propagation > should handle @close on WATERING
[DialogHost] Rendering with active type: NONE
stdout | tests/unit/features/ui/containers/growspace-dialog-host.container.spec.ts > GrowspaceDialogHostContainer > Dialog Event Propagation > should handle @close on WATERING
[DialogHost] Rendering with active type: NONE
stdout | tests/unit/features/ui/containers/growspace-dialog-host.container.spec.ts > GrowspaceDialogHostContainer > Dialog Event Propagation > should handle @close on WATERING
[DialogHost] Rendering with active type: WATERING
stdout | tests/unit/features/ui/containers/growspace-dialog-host.container.spec.ts > GrowspaceDialogHostContainer > Dialog Event Propagation > should handle @close on NUTRIENT_PRESETS
[DialogHost] Rendering with active type: NONE
stdout | tests/unit/features/ui/containers/growspace-dialog-host.container.spec.ts > GrowspaceDialogHostContainer > Dialog Event Propagation > should handle @close on NUTRIENT_PRESETS
[DialogHost] Rendering with active type: NONE
stdout | tests/unit/features/ui/containers/growspace-dialog-host.container.spec.ts > GrowspaceDialogHostContainer > Dialog Event Propagation > should handle @close on NUTRIENT_PRESETS
[DialogHost] Rendering with active type: NUTRIENT_PRESETS
stdout | tests/unit/features/ui/containers/growspace-dialog-host.container.spec.ts > GrowspaceDialogHostContainer > Dialog Event Propagation > should handle @data-changed on NUTRIENT_PRESETS
[DialogHost] Rendering with active type: NONE
stdout | tests/unit/features/ui/containers/growspace-dialog-host.container.spec.ts > GrowspaceDialogHostContainer > Dialog Event Propagation > should handle @data-changed on NUTRIENT_PRESETS
[DialogHost] Rendering with active type: NONE
stdout | tests/unit/features/ui/containers/growspace-dialog-host.container.spec.ts > GrowspaceDialogHostContainer > Dialog Event Propagation > should handle @data-changed on NUTRIENT_PRESETS
[DialogHost] Rendering with active type: NUTRIENT_PRESETS
stdout | tests/unit/features/ui/containers/growspace-dialog-host.container.spec.ts > GrowspaceDialogHostContainer > Dialog Event Propagation > should handle @data-changed on TRAINING
[DialogHost] Rendering with active type: NONE
stdout | tests/unit/features/ui/containers/growspace-dialog-host.container.spec.ts > GrowspaceDialogHostContainer > Dialog Event Propagation > should handle @data-changed on TRAINING
[DialogHost] Rendering with active type: NONE
stdout | tests/unit/features/ui/containers/growspace-dialog-host.container.spec.ts > GrowspaceDialogHostContainer > Dialog Event Propagation > should handle @data-changed on TRAINING
[DialogHost] Rendering with active type: TRAINING
stdout | tests/unit/features/ui/containers/growspace-dialog-host.container.spec.ts > GrowspaceDialogHostContainer > Dialog Event Propagation > should handle @data-changed on LOGBOOK
[DialogHost] Rendering with active type: NONE
stdout | tests/unit/features/ui/containers/growspace-dialog-host.container.spec.ts > GrowspaceDialogHostContainer > Dialog Event Propagation > should handle @data-changed on LOGBOOK
[DialogHost] Rendering with active type: NONE
stdout | tests/unit/features/ui/containers/growspace-dialog-host.container.spec.ts > GrowspaceDialogHostContainer > Dialog Event Propagation > should handle @data-changed on LOGBOOK
[DialogHost] Rendering with active type: LOGBOOK
stdout | tests/unit/features/ui/containers/growspace-dialog-host.container.spec.ts > GrowspaceDialogHostContainer > Dialog Event Propagation > should handle @data-changed on EC_RAMP_EDITOR
[DialogHost] Rendering with active type: NONE
stdout | tests/unit/features/ui/containers/growspace-dialog-host.container.spec.ts > GrowspaceDialogHostContainer > Dialog Event Propagation > should handle @data-changed on EC_RAMP_EDITOR
[DialogHost] Rendering with active type: NONE
stdout | tests/unit/features/ui/containers/growspace-dialog-host.container.spec.ts > GrowspaceDialogHostContainer > Dialog Event Propagation > should handle @data-changed on EC_RAMP_EDITOR
[DialogHost] Rendering with active type: EC_RAMP_EDITOR
stdout | tests/unit/features/ui/containers/growspace-dialog-host.container.spec.ts > GrowspaceDialogHostContainer > Dialog Event Propagation > should handle @data-changed on NUTRIENTS
[DialogHost] Rendering with active type: NONE
stdout | tests/unit/features/ui/containers/growspace-dialog-host.container.spec.ts > GrowspaceDialogHostContainer > Dialog Event Propagation > should handle @data-changed on NUTRIENTS
[DialogHost] Rendering with active type: NONE
stdout | tests/unit/features/ui/containers/growspace-dialog-host.container.spec.ts > GrowspaceDialogHostContainer > Dialog Event Propagation > should handle @data-changed on NUTRIENTS
[DialogHost] Rendering with active type: NUTRIENTS
stdout | tests/unit/features/ui/containers/growspace-dialog-host.container.spec.ts > GrowspaceDialogHostContainer > Dialog Event Propagation > should handle @data-changed on GROW_MASTER
[DialogHost] Rendering with active type: NONE
stdout | tests/unit/features/ui/containers/growspace-dialog-host.container.spec.ts > GrowspaceDialogHostContainer > Dialog Event Propagation > should handle @data-changed on GROW_MASTER
[DialogHost] Rendering with active type: NONE
stdout | tests/unit/features/ui/containers/growspace-dialog-host.container.spec.ts > GrowspaceDialogHostContainer > Dialog Event Propagation > should handle @data-changed on GROW_MASTER
[DialogHost] Rendering with active type: GROW_MASTER
stdout | tests/unit/features/ui/containers/growspace-dialog-host.container.spec.ts > GrowspaceDialogHostContainer > Dialog Event Propagation > should handle @data-changed on STRAIN_RECOMMENDATION
[DialogHost] Rendering with active type: NONE
stdout | tests/unit/features/ui/containers/growspace-dialog-host.container.spec.ts > GrowspaceDialogHostContainer > Dialog Event Propagation > should handle @data-changed on STRAIN_RECOMMENDATION
[DialogHost] Rendering with active type: NONE
stdout | tests/unit/features/ui/containers/growspace-dialog-host.container.spec.ts > GrowspaceDialogHostContainer > Dialog Event Propagation > should handle @data-changed on STRAIN_RECOMMENDATION
[DialogHost] Rendering with active type: STRAIN_RECOMMENDATION
stdout | tests/unit/features/ui/containers/growspace-dialog-host.container.spec.ts > GrowspaceDialogHostContainer > Dialog Event Propagation > should handle @data-changed on SNAPSHOTS
[DialogHost] Rendering with active type: NONE
stdout | tests/unit/features/ui/containers/growspace-dialog-host.container.spec.ts > GrowspaceDialogHostContainer > Dialog Event Propagation > should handle @data-changed on SNAPSHOTS
[DialogHost] Rendering with active type: NONE
stdout | tests/unit/features/ui/containers/growspace-dialog-host.container.spec.ts > GrowspaceDialogHostContainer > Dialog Event Propagation > should handle @data-changed on SNAPSHOTS
[DialogHost] Rendering with active type: SNAPSHOTS
stdout | tests/unit/features/ui/containers/growspace-dialog-host.container.spec.ts > GrowspaceDialogHostContainer > Dialog Event Propagation > should handle @data-changed on CROP_STEERING
[DialogHost] Rendering with active type: NONE
stdout | tests/unit/features/ui/containers/growspace-dialog-host.container.spec.ts > GrowspaceDialogHostContainer > Dialog Event Propagation > should handle @data-changed on CROP_STEERING
[DialogHost] Rendering with active type: NONE
stdout | tests/unit/features/ui/containers/growspace-dialog-host.container.spec.ts > GrowspaceDialogHostContainer > Dialog Event Propagation > should handle @data-changed on CROP_STEERING
[DialogHost] Rendering with active type: CROP_STEERING
stdout | tests/unit/features/ui/containers/growspace-dialog-host.container.spec.ts > GrowspaceDialogHostContainer > Dialog Event Propagation > should handle @data-changed on NUTRIENT_INVENTORY
[DialogHost] Rendering with active type: NONE
stdout | tests/unit/features/ui/containers/growspace-dialog-host.container.spec.ts > GrowspaceDialogHostContainer > Dialog Event Propagation > should handle @data-changed on NUTRIENT_INVENTORY
[DialogHost] Rendering with active type: NONE
stdout | tests/unit/features/ui/containers/growspace-dialog-host.container.spec.ts > GrowspaceDialogHostContainer > Dialog Event Propagation > should handle @data-changed on NUTRIENT_INVENTORY
[DialogHost] Rendering with active type: NUTRIENT_INVENTORY
stdout | tests/unit/features/ui/containers/growspace-dialog-host.container.spec.ts > GrowspaceDialogHostContainer > Dialog Event Propagation > should handle @data-changed on TAKE_CLONE
[DialogHost] Rendering with active type: NONE
stdout | tests/unit/features/ui/containers/growspace-dialog-host.container.spec.ts > GrowspaceDialogHostContainer > Dialog Event Propagation > should handle @data-changed on TAKE_CLONE
[DialogHost] Rendering with active type: NONE
stdout | tests/unit/features/ui/containers/growspace-dialog-host.container.spec.ts > GrowspaceDialogHostContainer > Dialog Event Propagation > should handle @data-changed on TAKE_CLONE
[DialogHost] Rendering with active type: TAKE_CLONE
stdout | tests/unit/features/ui/containers/growspace-dialog-host.container.spec.ts > GrowspaceDialogHostContainer > Dialog Event Propagation > should handle @data-changed on PRINT_LABEL
[DialogHost] Rendering with active type: NONE
stdout | tests/unit/features/ui/containers/growspace-dialog-host.container.spec.ts > GrowspaceDialogHostContainer > Dialog Event Propagation > should handle @data-changed on PRINT_LABEL
[DialogHost] Rendering with active type: NONE
stdout | tests/unit/features/ui/containers/growspace-dialog-host.container.spec.ts > GrowspaceDialogHostContainer > Dialog Event Propagation > should handle @data-changed on PRINT_LABEL
[DialogHost] Rendering with active type: PRINT_LABEL
stdout | tests/unit/features/ui/containers/growspace-dialog-host.container.spec.ts > GrowspaceDialogHostContainer > Dialog Event Propagation > should handle @data-changed on HARVEST_SCORING
[DialogHost] Rendering with active type: NONE
stdout | tests/unit/features/ui/containers/growspace-dialog-host.container.spec.ts > GrowspaceDialogHostContainer > Dialog Event Propagation > should handle @data-changed on HARVEST_SCORING
[DialogHost] Rendering with active type: NONE
stdout | tests/unit/features/ui/containers/growspace-dialog-host.container.spec.ts > GrowspaceDialogHostContainer > Dialog Event Propagation > should handle @data-changed on HARVEST_SCORING
[DialogHost] Rendering with active type: HARVEST_SCORING
stdout | tests/unit/features/ui/containers/growspace-dialog-host.container.spec.ts > GrowspaceDialogHostContainer > Dialog Event Propagation > should handle @data-changed on GROW_REPORT
[DialogHost] Rendering with active type: NONE
stdout | tests/unit/features/ui/containers/growspace-dialog-host.container.spec.ts > GrowspaceDialogHostContainer > Dialog Event Propagation > should handle @data-changed on GROW_REPORT
[DialogHost] Rendering with active type: NONE
stdout | tests/unit/features/ui/containers/growspace-dialog-host.container.spec.ts > GrowspaceDialogHostContainer > Dialog Event Propagation > should handle @data-changed on GROW_REPORT
[DialogHost] Rendering with active type: GROW_REPORT
stdout | tests/unit/features/ui/containers/growspace-dialog-host.container.spec.ts > GrowspaceDialogHostContainer > Dialog Event Propagation > should handle @data-changed on WATERING
[DialogHost] Rendering with active type: NONE
stdout | tests/unit/features/ui/containers/growspace-dialog-host.container.spec.ts > GrowspaceDialogHostContainer > Dialog Event Propagation > should handle @data-changed on WATERING
[DialogHost] Rendering with active type: NONE
stdout | tests/unit/features/ui/containers/growspace-dialog-host.container.spec.ts > GrowspaceDialogHostContainer > Dialog Event Propagation > should handle @data-changed on WATERING
[DialogHost] Rendering with active type: WATERING
stdout | tests/unit/features/ui/containers/growspace-dialog-host.container.spec.ts > GrowspaceDialogHostContainer > Dialog Event Propagation > should handle @close on SNAPSHOTS
[DialogHost] Rendering with active type: NONE
stdout | tests/unit/features/ui/containers/growspace-dialog-host.container.spec.ts > GrowspaceDialogHostContainer > Dialog Event Propagation > should handle @close on SNAPSHOTS
[DialogHost] Rendering with active type: NONE
stdout | tests/unit/features/ui/containers/growspace-dialog-host.container.spec.ts > GrowspaceDialogHostContainer > Dialog Event Propagation > should handle @close on SNAPSHOTS
[DialogHost] Rendering with active type: SNAPSHOTS
stdout | tests/unit/features/ui/containers/growspace-dialog-host.container.spec.ts > GrowspaceDialogHostContainer > Dialog Event Propagation > should handle @close on CROP_STEERING
[DialogHost] Rendering with active type: NONE
stdout | tests/unit/features/ui/containers/growspace-dialog-host.container.spec.ts > GrowspaceDialogHostContainer > Dialog Event Propagation > should handle @close on CROP_STEERING
[DialogHost] Rendering with active type: NONE
stdout | tests/unit/features/ui/containers/growspace-dialog-host.container.spec.ts > GrowspaceDialogHostContainer > Dialog Event Propagation > should handle @close on CROP_STEERING
[DialogHost] Rendering with active type: CROP_STEERING
stdout | tests/unit/features/ui/containers/growspace-dialog-host.container.spec.ts > GrowspaceDialogHostContainer > Dialog Event Propagation > should handle @close on NUTRIENT_INVENTORY
[DialogHost] Rendering with active type: NONE
stdout | tests/unit/features/ui/containers/growspace-dialog-host.container.spec.ts > GrowspaceDialogHostContainer > Dialog Event Propagation > should handle @close on NUTRIENT_INVENTORY
[DialogHost] Rendering with active type: NONE
stdout | tests/unit/features/ui/containers/growspace-dialog-host.container.spec.ts > GrowspaceDialogHostContainer > Dialog Event Propagation > should handle @close on NUTRIENT_INVENTORY
[DialogHost] Rendering with active type: NUTRIENT_INVENTORY
stdout | tests/unit/features/ui/containers/growspace-dialog-host.container.spec.ts > GrowspaceDialogHostContainer > Dialog Event Propagation > should handle @close on TAKE_CLONE
[DialogHost] Rendering with active type: NONE
stdout | tests/unit/features/ui/containers/growspace-dialog-host.container.spec.ts > GrowspaceDialogHostContainer > Dialog Event Propagation > should handle @close on TAKE_CLONE
[DialogHost] Rendering with active type: NONE
stdout | tests/unit/features/ui/containers/growspace-dialog-host.container.spec.ts > GrowspaceDialogHostContainer > Dialog Event Propagation > should handle @close on TAKE_CLONE
[DialogHost] Rendering with active type: TAKE_CLONE
stdout | tests/unit/features/ui/containers/growspace-dialog-host.container.spec.ts > GrowspaceDialogHostContainer > Dialog Event Propagation > should handle @close on NUTRIENTS
[DialogHost] Rendering with active type: NONE
stdout | tests/unit/features/ui/containers/growspace-dialog-host.container.spec.ts > GrowspaceDialogHostContainer > Dialog Event Propagation > should handle @close on NUTRIENTS
[DialogHost] Rendering with active type: NONE
stdout | tests/unit/features/ui/containers/growspace-dialog-host.container.spec.ts > GrowspaceDialogHostContainer > Dialog Event Propagation > should handle @close on NUTRIENTS
[DialogHost] Rendering with active type: NUTRIENTS
stdout | tests/unit/features/ui/containers/growspace-dialog-host.container.spec.ts > GrowspaceDialogHostContainer > Dialog Event Propagation > should handle @close on PRINT_LABEL
[DialogHost] Rendering with active type: NONE
stdout | tests/unit/features/ui/containers/growspace-dialog-host.container.spec.ts > GrowspaceDialogHostContainer > Dialog Event Propagation > should handle @close on PRINT_LABEL
[DialogHost] Rendering with active type: NONE
stdout | tests/unit/features/ui/containers/growspace-dialog-host.container.spec.ts > GrowspaceDialogHostContainer > Dialog Event Propagation > should handle @close on PRINT_LABEL
[DialogHost] Rendering with active type: PRINT_LABEL
stdout | tests/unit/features/ui/containers/growspace-dialog-host.container.spec.ts > GrowspaceDialogHostContainer > Dialog Event Propagation > should handle @close on HARVEST_SCORING
[DialogHost] Rendering with active type: NONE
stdout | tests/unit/features/ui/containers/growspace-dialog-host.container.spec.ts > GrowspaceDialogHostContainer > Dialog Event Propagation > should handle @close on HARVEST_SCORING
[DialogHost] Rendering with active type: NONE
stdout | tests/unit/features/ui/containers/growspace-dialog-host.container.spec.ts > GrowspaceDialogHostContainer > Dialog Event Propagation > should handle @close on HARVEST_SCORING
[DialogHost] Rendering with active type: HARVEST_SCORING
stdout | tests/unit/features/ui/containers/growspace-dialog-host.container.spec.ts > GrowspaceDialogHostContainer > Dialog Event Propagation > should handle @close on EC_RAMP_EDITOR
[DialogHost] Rendering with active type: NONE
stdout | tests/unit/features/ui/containers/growspace-dialog-host.container.spec.ts > GrowspaceDialogHostContainer > Dialog Event Propagation > should handle @close on EC_RAMP_EDITOR
[DialogHost] Rendering with active type: NONE
stdout | tests/unit/features/ui/containers/growspace-dialog-host.container.spec.ts > GrowspaceDialogHostContainer > Dialog Event Propagation > should handle @close on EC_RAMP_EDITOR
[DialogHost] Rendering with active type: EC_RAMP_EDITOR
stdout | tests/unit/features/ui/containers/growspace-dialog-host.container.spec.ts > GrowspaceDialogHostContainer > Dialog Event Propagation > should handle @strain-created-at-source on EC_RAMP_EDITOR
[DialogHost] Rendering with active type: NONE
stdout | tests/unit/features/ui/containers/growspace-dialog-host.container.spec.ts > GrowspaceDialogHostContainer > Dialog Event Propagation > should handle @strain-created-at-source on EC_RAMP_EDITOR
[DialogHost] Rendering with active type: NONE
stdout | tests/unit/features/ui/containers/growspace-dialog-host.container.spec.ts > GrowspaceDialogHostContainer > Dialog Event Propagation > should handle @strain-created-at-source on EC_RAMP_EDITOR
[DialogHost] Rendering with active type: EC_RAMP_EDITOR
stdout | tests/unit/features/ui/containers/growspace-dialog-host.container.spec.ts > GrowspaceDialogHostContainer > Dialog Event Propagation > should handle @close on GROW_REPORT
[DialogHost] Rendering with active type: NONE
stdout | tests/unit/features/ui/containers/growspace-dialog-host.container.spec.ts > GrowspaceDialogHostContainer > Dialog Event Propagation > should handle @close on GROW_REPORT
[DialogHost] Rendering with active type: NONE
stdout | tests/unit/features/ui/containers/growspace-dialog-host.container.spec.ts > GrowspaceDialogHostContainer > Dialog Event Propagation > should handle @close on GROW_REPORT
[DialogHost] Rendering with active type: GROW_REPORT
stdout | tests/unit/features/ui/containers/growspace-dialog-host.container.spec.ts > GrowspaceDialogHostContainer > Dialog Event Propagation > should handle @close on ENVIRONMENT_CONFIG
[DialogHost] Rendering with active type: NONE
stdout | tests/unit/features/ui/containers/growspace-dialog-host.container.spec.ts > GrowspaceDialogHostContainer > Dialog Event Propagation > should handle @close on ENVIRONMENT_CONFIG
[DialogHost] Rendering with active type: NONE
stdout | tests/unit/features/ui/containers/growspace-dialog-host.container.spec.ts > GrowspaceDialogHostContainer > Dialog Event Propagation > should handle @close on ENVIRONMENT_CONFIG
[DialogHost] Rendering with active type: ENVIRONMENT_CONFIG
stdout | tests/unit/features/ui/containers/growspace-dialog-host.container.spec.ts > GrowspaceDialogHostContainer > should lazily load genetics data only once
[DialogHost] Rendering with active type: NONE
stdout | tests/unit/features/ui/containers/growspace-dialog-host.container.spec.ts > GrowspaceDialogHostContainer > should lazily load genetics data only once
[DialogHost] Rendering with active type: NONE
stdout | tests/unit/features/ui/containers/growspace-dialog-host.container.spec.ts > GrowspaceDialogHostContainer > should lazily load genetics data only once
[DialogHost] Rendering with active type: STRAIN_LIBRARY
stdout | tests/unit/features/ui/containers/growspace-dialog-host.container.spec.ts > GrowspaceDialogHostContainer > should lazily load genetics data only once
[DialogHost] Rendering with active type: STRAIN_LIBRARY
stdout | tests/unit/features/ui/containers/growspace-dialog-host.container.spec.ts > GrowspaceDialogHostContainer > should lazily load genetics data only once
[DialogHost] Rendering with active type: NONE
stdout | tests/unit/features/ui/containers/growspace-dialog-host.container.spec.ts > GrowspaceDialogHostContainer > should lazily load genetics data only once
[DialogHost] Rendering with active type: STRAIN_LIBRARY
stdout | tests/unit/features/ui/containers/growspace-dialog-host.container.spec.ts > GrowspaceDialogHostContainer > Coverage Gap Fillers > should resolve effectiveDeviceData with invalid payload growspaceId fallback
[DialogHost] Rendering with active type: NONE
stdout | tests/unit/features/ui/containers/growspace-dialog-host.container.spec.ts > GrowspaceDialogHostContainer > Coverage Gap Fillers > should resolve effectiveDeviceData with invalid payload growspaceId fallback
[DialogHost] Rendering with active type: NONE
stdout | tests/unit/features/ui/containers/growspace-dialog-host.container.spec.ts > GrowspaceDialogHostContainer > Coverage Gap Fillers > should resolve effectiveDeviceData with invalid payload growspaceId fallback
[DialogHost] Rendering with active type: ADD_PLANT
stdout | tests/unit/features/ui/containers/growspace-dialog-host.container.spec.ts > GrowspaceDialogHostContainer > Coverage Gap Fillers > should resolve effectiveDeviceData with invalid payload growspaceId fallback
[AddPlantDialog] render called, open: true strains: 0
stdout | tests/unit/features/ui/containers/growspace-dialog-host.container.spec.ts > GrowspaceDialogHostContainer > Coverage Gap Fillers > should handle transplant failure
[DialogHost] Rendering with active type: NONE
stdout | tests/unit/features/ui/containers/growspace-dialog-host.container.spec.ts > GrowspaceDialogHostContainer > Coverage Gap Fillers > should handle transplant failure
[DialogHost] Rendering with active type: NONE
stdout | tests/unit/features/ui/containers/growspace-dialog-host.container.spec.ts > GrowspaceDialogHostContainer > Coverage Gap Fillers > should handle transplant failure
[DialogHost] Rendering with active type: ADD_PLANT
stdout | tests/unit/features/ui/containers/growspace-dialog-host.container.spec.ts > GrowspaceDialogHostContainer > Coverage Gap Fillers > should handle transplant failure
[AddPlantDialog] render called, open: true strains: 0
stderr | tests/unit/features/ui/containers/growspace-dialog-host.container.spec.ts > GrowspaceDialogHostContainer > Coverage Gap Fillers > should handle transplant failure
[DialogHost] Transplant failed: [Error: Service failed]
stdout | tests/unit/features/ui/containers/growspace-dialog-host.container.spec.ts > GrowspaceDialogHostContainer > Coverage Gap Fillers > should handle @create-new-strain and @data-changed in add-plants-dialog
[DialogHost] Rendering with active type: NONE
stdout | tests/unit/features/ui/containers/growspace-dialog-host.container.spec.ts > GrowspaceDialogHostContainer > Coverage Gap Fillers > should handle @create-new-strain and @data-changed in add-plants-dialog
[DialogHost] Rendering with active type: NONE
stdout | tests/unit/features/ui/containers/growspace-dialog-host.container.spec.ts > GrowspaceDialogHostContainer > Coverage Gap Fillers > should handle @create-new-strain and @data-changed in add-plants-dialog
[DialogHost] Rendering with active type: ADD_PLANTS
stdout | tests/unit/features/ui/containers/growspace-dialog-host.container.spec.ts > GrowspaceDialogHostContainer > Coverage Gap Fillers > should handle strain library seed and pollination events
[DialogHost] Rendering with active type: NONE
stdout | tests/unit/features/ui/containers/growspace-dialog-host.container.spec.ts > GrowspaceDialogHostContainer > Coverage Gap Fillers > should handle strain library seed and pollination events
[DialogHost] Rendering with active type: NONE
stdout | tests/unit/features/ui/containers/growspace-dialog-host.container.spec.ts > GrowspaceDialogHostContainer > Coverage Gap Fillers > should handle strain library seed and pollination events
[DialogHost] Rendering with active type: STRAIN_LIBRARY
stdout | tests/unit/features/ui/containers/growspace-dialog-host.container.spec.ts > GrowspaceDialogHostContainer > Coverage Gap Fillers > should handle strain library seed and pollination events
[DialogHost] Rendering with active type: STRAIN_LIBRARY
stdout | tests/unit/features/ui/containers/growspace-dialog-host.container.spec.ts > GrowspaceDialogHostContainer > Coverage Gap Fillers > should handle error in performImport
[DialogHost] Rendering with active type: NONE
stdout | tests/unit/features/ui/containers/growspace-dialog-host.container.spec.ts > GrowspaceDialogHostContainer > Coverage Gap Fillers > should handle error in performImport
[DialogHost] Rendering with active type: NONE
stdout | tests/unit/features/ui/containers/growspace-dialog-host.container.spec.ts > GrowspaceDialogHostContainer > Coverage Gap Fillers > should handle error in performImport
[DialogHost] Rendering with active type: STRAIN_LIBRARY
stdout | tests/unit/features/ui/containers/growspace-dialog-host.container.spec.ts > GrowspaceDialogHostContainer > Coverage Gap Fillers > should handle error in performImport
[DialogHost] Rendering with active type: STRAIN_LIBRARY
stderr | unknown test
Lit is in dev mode. Not recommended for production! See https://lit.dev/msg/dev-mode for more information.
stdout | tests/unit/features/ui/containers/growspace-dialog-host.container.spec.ts > GrowspaceDialogHostContainer > Coverage Gap Fillers > should handle stress detection in GROW_MASTER dialog
[DialogHost] Rendering with active type: NONE
stdout | tests/unit/features/ui/containers/growspace-dialog-host.container.spec.ts > GrowspaceDialogHostContainer > Coverage Gap Fillers > should handle stress detection in GROW_MASTER dialog
[DialogHost] Rendering with active type: NONE
stdout | tests/unit/features/ui/containers/growspace-dialog-host.container.spec.ts > GrowspaceDialogHostContainer > Coverage Gap Fillers > should handle stress detection in GROW_MASTER dialog
[DialogHost] Rendering with active type: GROW_MASTER
stdout | tests/unit/features/ui/containers/growspace-dialog-host.container.spec.ts > GrowspaceDialogHostContainer > Coverage Gap Fillers > should handle stress detection in GROW_MASTER dialog
[DialogHost] Rendering with active type: GROW_MASTER
stdout | tests/unit/features/ui/containers/growspace-dialog-host.container.spec.ts > GrowspaceDialogHostContainer > Coverage Gap Fillers > should handle training dialog events with timers
[DialogHost] Rendering with active type: NONE
stdout | tests/unit/features/ui/containers/growspace-dialog-host.container.spec.ts > GrowspaceDialogHostContainer > Coverage Gap Fillers > should handle training dialog events with timers
[DialogHost] Rendering with active type: NONE
stdout | tests/unit/features/ui/containers/growspace-dialog-host.container.spec.ts > GrowspaceDialogHostContainer > Coverage Gap Fillers > should handle training dialog events with timers
[DialogHost] Rendering with active type: TRAINING
stdout | tests/unit/features/ui/containers/growspace-dialog-host.container.spec.ts > GrowspaceDialogHostContainer > Coverage Gap Fillers > should handle create-new-strain from add-plants-dialog
[DialogHost] Rendering with active type: NONE
stdout | tests/unit/features/ui/containers/growspace-dialog-host.container.spec.ts > GrowspaceDialogHostContainer > Coverage Gap Fillers > should handle create-new-strain from add-plants-dialog
[DialogHost] Rendering with active type: NONE
stdout | tests/unit/features/ui/containers/growspace-dialog-host.container.spec.ts > GrowspaceDialogHostContainer > Coverage Gap Fillers > should handle log-pollination property delegation
[DialogHost] Rendering with active type: NONE
stdout | tests/unit/features/ui/containers/growspace-dialog-host.container.spec.ts > GrowspaceDialogHostContainer > Coverage Gap Fillers > should handle log-pollination property delegation
[DialogHost] Rendering with active type: NONE
stdout | tests/unit/features/ui/containers/growspace-dialog-host.container.spec.ts > GrowspaceDialogHostContainer > Coverage Gap Fillers > should handle log-pollination property delegation
[DialogHost] Rendering with active type: STRAIN_LIBRARY
stdout | tests/unit/features/ui/containers/growspace-dialog-host.container.spec.ts > GrowspaceDialogHostContainer > Coverage Gap Fillers > should handle log-pollination property delegation
[DialogHost] Rendering with active type: STRAIN_LIBRARY
stdout | tests/unit/features/ui/containers/growspace-dialog-host.container.spec.ts > GrowspaceDialogHostContainer > Coverage Gap Fillers > should render all remaining dialog types to maximize coverage
[DialogHost] Rendering with active type: NONE
stdout | tests/unit/features/ui/containers/growspace-dialog-host.container.spec.ts > GrowspaceDialogHostContainer > Coverage Gap Fillers > should render all remaining dialog types to maximize coverage
[DialogHost] Rendering with active type: NONE
stdout | tests/unit/features/ui/containers/growspace-dialog-host.container.spec.ts > GrowspaceDialogHostContainer > Coverage Gap Fillers > should render all remaining dialog types to maximize coverage
[DialogHost] Rendering with active type: CONFIG
stdout | tests/unit/features/ui/containers/growspace-dialog-host.container.spec.ts > GrowspaceDialogHostContainer > Coverage Gap Fillers > should render all remaining dialog types to maximize coverage
[DialogHost] Rendering with active type: CONFIG
stdout | tests/unit/features/ui/containers/growspace-dialog-host.container.spec.ts > GrowspaceDialogHostContainer > Coverage Gap Fillers > should render all remaining dialog types to maximize coverage
[DialogHost] Rendering with active type: STRAIN_RECOMMENDATION
stdout | tests/unit/features/ui/containers/growspace-dialog-host.container.spec.ts > GrowspaceDialogHostContainer > Coverage Gap Fillers > should render all remaining dialog types to maximize coverage
[DialogHost] Rendering with active type: STRAIN_RECOMMENDATION
stdout | tests/unit/features/ui/containers/growspace-dialog-host.container.spec.ts > GrowspaceDialogHostContainer > Coverage Gap Fillers > should render all remaining dialog types to maximize coverage
[DialogHost] Rendering with active type: IRRIGATION
stdout | tests/unit/features/ui/containers/growspace-dialog-host.container.spec.ts > GrowspaceDialogHostContainer > Coverage Gap Fillers > should render all remaining dialog types to maximize coverage
[DialogHost] Rendering with active type: IRRIGATION
stdout | tests/unit/features/ui/containers/growspace-dialog-host.container.spec.ts > GrowspaceDialogHostContainer > Coverage Gap Fillers > should render all remaining dialog types to maximize coverage
[DialogHost] Rendering with active type: LOGBOOK
stdout | tests/unit/features/ui/containers/growspace-dialog-host.container.spec.ts > GrowspaceDialogHostContainer > Coverage Gap Fillers > should render all remaining dialog types to maximize coverage
[DialogHost] Rendering with active type: LOGBOOK
stdout | tests/unit/features/ui/containers/growspace-dialog-host.container.spec.ts > GrowspaceDialogHostContainer > Coverage Gap Fillers > should render all remaining dialog types to maximize coverage
[DialogHost] Rendering with active type: WATERING
stdout | tests/unit/features/ui/containers/growspace-dialog-host.container.spec.ts > GrowspaceDialogHostContainer > Coverage Gap Fillers > should render all remaining dialog types to maximize coverage
[DialogHost] Rendering with active type: WATERING
stdout | tests/unit/features/ui/containers/growspace-dialog-host.container.spec.ts > GrowspaceDialogHostContainer > Coverage Gap Fillers > should render all remaining dialog types to maximize coverage
[DialogHost] Rendering with active type: NUTRIENT_PRESETS
stdout | tests/unit/features/ui/containers/growspace-dialog-host.container.spec.ts > GrowspaceDialogHostContainer > Coverage Gap Fillers > should render all remaining dialog types to maximize coverage
[DialogHost] Rendering with active type: NUTRIENT_PRESETS
stdout | tests/unit/features/ui/containers/growspace-dialog-host.container.spec.ts > GrowspaceDialogHostContainer > Coverage Gap Fillers > should render all remaining dialog types to maximize coverage
[DialogHost] Rendering with active type: TAKE_CLONE
stdout | tests/unit/features/ui/containers/growspace-dialog-host.container.spec.ts > GrowspaceDialogHostContainer > Coverage Gap Fillers > should render all remaining dialog types to maximize coverage
[DialogHost] Rendering with active type: TAKE_CLONE
stdout | tests/unit/features/ui/containers/growspace-dialog-host.container.spec.ts > GrowspaceDialogHostContainer > Coverage Gap Fillers > should render all remaining dialog types to maximize coverage
[DialogHost] Rendering with active type: IPM
stdout | tests/unit/features/ui/containers/growspace-dialog-host.container.spec.ts > GrowspaceDialogHostContainer > Coverage Gap Fillers > should render all remaining dialog types to maximize coverage
[DialogHost] Rendering with active type: IPM
stdout | tests/unit/features/ui/containers/growspace-dialog-host.container.spec.ts > GrowspaceDialogHostContainer > Coverage Gap Fillers > should render all remaining dialog types to maximize coverage
[DialogHost] Rendering with active type: NUTRIENT_INVENTORY
stdout | tests/unit/features/ui/containers/growspace-dialog-host.container.spec.ts > GrowspaceDialogHostContainer > Coverage Gap Fillers > should render all remaining dialog types to maximize coverage
[DialogHost] Rendering with active type: NUTRIENT_INVENTORY
stdout | tests/unit/features/ui/containers/growspace-dialog-host.container.spec.ts > GrowspaceDialogHostContainer > Coverage Gap Fillers > should render all remaining dialog types to maximize coverage
[DialogHost] Rendering with active type: NUTRIENTS
stdout | tests/unit/features/ui/containers/growspace-dialog-host.container.spec.ts > GrowspaceDialogHostContainer > Coverage Gap Fillers > should render all remaining dialog types to maximize coverage
[DialogHost] Rendering with active type: NUTRIENTS
stdout | tests/unit/features/ui/containers/growspace-dialog-host.container.spec.ts > GrowspaceDialogHostContainer > Coverage Gap Fillers > should render all remaining dialog types to maximize coverage
[DialogHost] Rendering with active type: PRINT_LABEL
stdout | tests/unit/features/ui/containers/growspace-dialog-host.container.spec.ts > GrowspaceDialogHostContainer > Coverage Gap Fillers > should render all remaining dialog types to maximize coverage
[DialogHost] Rendering with active type: PRINT_LABEL
stdout | tests/unit/features/ui/containers/growspace-dialog-host.container.spec.ts > GrowspaceDialogHostContainer > Coverage Gap Fillers > should render all remaining dialog types to maximize coverage
[DialogHost] Rendering with active type: HARVEST_SCORING
stdout | tests/unit/features/ui/containers/growspace-dialog-host.container.spec.ts > GrowspaceDialogHostContainer > Coverage Gap Fillers > should render all remaining dialog types to maximize coverage
[DialogHost] Rendering with active type: HARVEST_SCORING
stdout | tests/unit/features/ui/containers/growspace-dialog-host.container.spec.ts > GrowspaceDialogHostContainer > Coverage Gap Fillers > should render all remaining dialog types to maximize coverage
[DialogHost] Rendering with active type: SNAPSHOTS
stdout | tests/unit/features/ui/containers/growspace-dialog-host.container.spec.ts > GrowspaceDialogHostContainer > Coverage Gap Fillers > should render all remaining dialog types to maximize coverage
[DialogHost] Rendering with active type: SNAPSHOTS
stdout | tests/unit/features/ui/containers/growspace-dialog-host.container.spec.ts > GrowspaceDialogHostContainer > Coverage Gap Fillers > should render all remaining dialog types to maximize coverage
[DialogHost] Rendering with active type: CROP_STEERING
stdout | tests/unit/features/ui/containers/growspace-dialog-host.container.spec.ts > GrowspaceDialogHostContainer > Coverage Gap Fillers > should render all remaining dialog types to maximize coverage
[DialogHost] Rendering with active type: CROP_STEERING
stdout | tests/unit/features/ui/containers/growspace-dialog-host.container.spec.ts > GrowspaceDialogHostContainer > Coverage Gap Fillers > should render all remaining dialog types to maximize coverage
[DialogHost] Rendering with active type: EC_RAMP_EDITOR
stdout | tests/unit/features/ui/containers/growspace-dialog-host.container.spec.ts > GrowspaceDialogHostContainer > Coverage Gap Fillers > should render all remaining dialog types to maximize coverage
[DialogHost] Rendering with active type: EC_RAMP_EDITOR
stdout | tests/unit/features/ui/containers/growspace-dialog-host.container.spec.ts > GrowspaceDialogHostContainer > Coverage Gap Fillers > should render all remaining dialog types to maximize coverage
[DialogHost] Rendering with active type: GROW_REPORT
stdout | tests/unit/features/ui/containers/growspace-dialog-host.container.spec.ts > GrowspaceDialogHostContainer > Coverage Gap Fillers > should render all remaining dialog types to maximize coverage
[DialogHost] Rendering with active type: GROW_REPORT
stdout | tests/unit/features/ui/containers/growspace-dialog-host.container.spec.ts > GrowspaceDialogHostContainer > Coverage Gap Fillers > should render PLANT_OVERVIEW dialog branch
[DialogHost] Rendering with active type: NONE
stdout | tests/unit/features/ui/containers/growspace-dialog-host.container.spec.ts > GrowspaceDialogHostContainer > Coverage Gap Fillers > should render PLANT_OVERVIEW dialog branch
[DialogHost] Rendering with active type: NONE
stdout | tests/unit/features/ui/containers/growspace-dialog-host.container.spec.ts > GrowspaceDialogHostContainer > Coverage Gap Fillers > should render PLANT_OVERVIEW dialog branch
[DialogHost] Rendering with active type: PLANT_OVERVIEW
stdout | tests/unit/features/ui/containers/growspace-dialog-host.container.spec.ts > GrowspaceDialogHostContainer > Coverage Gap Fillers > should render PLANT_OVERVIEW dialog branch
[DialogHost] Rendering with active type: PLANT_OVERVIEW
stdout | tests/unit/features/ui/containers/growspace-dialog-host.container.spec.ts > GrowspaceDialogHostContainer > Coverage Gap Fillers > should use payloadGrowspaceId for effectiveDeviceData when provided
[DialogHost] Rendering with active type: NONE
stdout | tests/unit/features/ui/containers/growspace-dialog-host.container.spec.ts > GrowspaceDialogHostContainer > Coverage Gap Fillers > should use payloadGrowspaceId for effectiveDeviceData when provided
[DialogHost] Rendering with active type: NONE
stdout | tests/unit/features/ui/containers/growspace-dialog-host.container.spec.ts > GrowspaceDialogHostContainer > Coverage Gap Fillers > should use payloadGrowspaceId for effectiveDeviceData when provided
[DialogHost] Rendering with active type: CONFIG
stdout | tests/unit/features/ui/containers/growspace-dialog-host.container.spec.ts > GrowspaceDialogHostContainer > Coverage Gap Fillers > should handle transplant-plant-submit event
[DialogHost] Rendering with active type: NONE
stdout | tests/unit/features/ui/containers/growspace-dialog-host.container.spec.ts > GrowspaceDialogHostContainer > Coverage Gap Fillers > should handle transplant-plant-submit event
[DialogHost] Rendering with active type: NONE
stdout | tests/unit/features/ui/containers/growspace-dialog-host.container.spec.ts > GrowspaceDialogHostContainer > Coverage Gap Fillers > should handle transplant-plant-submit event
[DialogHost] Rendering with active type: ADD_PLANT
stdout | tests/unit/features/ui/containers/growspace-dialog-host.container.spec.ts > GrowspaceDialogHostContainer > Coverage Gap Fillers > should handle transplant-plant-submit event
[AddPlantDialog] render called, open: true strains: 0
stdout | tests/unit/features/ui/containers/growspace-dialog-host.container.spec.ts > GrowspaceDialogHostContainer > Coverage Gap Fillers > should exercise all Strain Library callback properties
[DialogHost] Rendering with active type: NONE
stdout | tests/unit/features/ui/containers/growspace-dialog-host.container.spec.ts > GrowspaceDialogHostContainer > Coverage Gap Fillers > should exercise all Strain Library callback properties
[DialogHost] Rendering with active type: NONE
stdout | tests/unit/features/ui/containers/growspace-dialog-host.container.spec.ts > GrowspaceDialogHostContainer > Coverage Gap Fillers > should exercise all Strain Library callback properties
[DialogHost] Rendering with active type: STRAIN_LIBRARY
stdout | tests/unit/features/ui/containers/growspace-dialog-host.container.spec.ts > GrowspaceDialogHostContainer > Coverage Gap Fillers > should exercise all Strain Library callback properties
[DialogHost] Rendering with active type: STRAIN_LIBRARY
stdout | tests/unit/features/ui/containers/growspace-dialog-host.container.spec.ts > GrowspaceDialogHostContainer > Coverage Gap Fillers > should handle transplant-plant-submit failure
[DialogHost] Rendering with active type: NONE
stdout | tests/unit/features/ui/containers/growspace-dialog-host.container.spec.ts > GrowspaceDialogHostContainer > Coverage Gap Fillers > should handle transplant-plant-submit failure
[DialogHost] Rendering with active type: NONE
stdout | tests/unit/features/ui/containers/growspace-dialog-host.container.spec.ts > GrowspaceDialogHostContainer > Coverage Gap Fillers > should handle transplant-plant-submit failure
[DialogHost] Rendering with active type: ADD_PLANT
stdout | tests/unit/features/ui/containers/growspace-dialog-host.container.spec.ts > GrowspaceDialogHostContainer > Coverage Gap Fillers > should handle transplant-plant-submit failure
[AddPlantDialog] render called, open: true strains: 0
stdout | tests/unit/features/ui/containers/growspace-dialog-host.container.spec.ts > GrowspaceDialogHostContainer > Coverage Gap Fillers > should handle save-strain failure in Strain Library
[DialogHost] Rendering with active type: NONE
stdout | tests/unit/features/ui/containers/growspace-dialog-host.container.spec.ts > GrowspaceDialogHostContainer > Coverage Gap Fillers > should handle save-strain failure in Strain Library
[DialogHost] Rendering with active type: NONE
stdout | tests/unit/features/ui/containers/growspace-dialog-host.container.spec.ts > GrowspaceDialogHostContainer > Coverage Gap Fillers > should handle save-strain failure in Strain Library
[DialogHost] Rendering with active type: STRAIN_LIBRARY
stdout | tests/unit/features/ui/containers/growspace-dialog-host.container.spec.ts > GrowspaceDialogHostContainer > Coverage Gap Fillers > should handle save-strain failure in Strain Library
[DialogHost] Rendering with active type: STRAIN_LIBRARY
stderr | tests/unit/features/ui/containers/growspace-dialog-host.container.spec.ts > GrowspaceDialogHostContainer > Coverage Gap Fillers > should handle save-strain failure in Strain Library
[DialogHost] Save strain failed: [Error: Save Failed]
stdout | tests/unit/features/ui/containers/growspace-dialog-host.container.spec.ts > GrowspaceDialogHostContainer > Coverage Gap Fillers > should handle data-changed with debouncing
[DialogHost] Rendering with active type: NONE
stdout | tests/unit/features/ui/containers/growspace-dialog-host.container.spec.ts > GrowspaceDialogHostContainer > Coverage Gap Fillers > should handle data-changed with debouncing
[DialogHost] Rendering with active type: NONE
stdout | tests/unit/features/ui/containers/growspace-dialog-host.container.spec.ts > GrowspaceDialogHostContainer > Coverage Gap Fillers > should handle data-changed with debouncing
[DialogHost] Rendering with active type: ADD_PLANT
stdout | tests/unit/features/ui/containers/growspace-dialog-host.container.spec.ts > GrowspaceDialogHostContainer > Coverage Gap Fillers > should handle data-changed with debouncing
[AddPlantDialog] render called, open: true strains: 0
stdout | tests/unit/features/ui/containers/growspace-dialog-host.container.spec.ts > GrowspaceDialogHostContainer > Coverage Gap Fillers > should handle various error paths and show error toasts
[DialogHost] Rendering with active type: NONE
stdout | tests/unit/features/ui/containers/growspace-dialog-host.container.spec.ts > GrowspaceDialogHostContainer > Coverage Gap Fillers > should handle various error paths and show error toasts
[DialogHost] Rendering with active type: NONE
stdout | tests/unit/features/ui/containers/growspace-dialog-host.container.spec.ts > GrowspaceDialogHostContainer > Coverage Gap Fillers > should handle various error paths and show error toasts
[DialogHost] Rendering with active type: STRAIN_LIBRARY
stdout | tests/unit/features/ui/containers/growspace-dialog-host.container.spec.ts > GrowspaceDialogHostContainer > Coverage Gap Fillers > should handle various error paths and show error toasts
[DialogHost] Rendering with active type: STRAIN_LIBRARY
stderr | tests/unit/features/ui/containers/growspace-dialog-host.container.spec.ts > GrowspaceDialogHostContainer > Coverage Gap Fillers > should handle various error paths and show error toasts
[DialogHost] Update breeder failed: [Error: Update Failed]
stderr | tests/unit/features/ui/containers/growspace-dialog-host.container.spec.ts > GrowspaceDialogHostContainer > Coverage Gap Fillers > should handle various error paths and show error toasts
[DialogHost] Delete breeder failed: [Error: Delete Failed]
stdout | tests/unit/features/ui/containers/growspace-dialog-host.container.spec.ts > GrowspaceDialogHostContainer > Coverage Gap Fillers > should handle various error paths and show error toasts
[DialogHost] Rendering with active type: CONFIG
stderr | tests/unit/features/ui/containers/growspace-dialog-host.container.spec.ts > GrowspaceDialogHostContainer > Coverage Gap Fillers > should handle various error paths and show error toasts
[Error: Config Error]
stdout | tests/unit/features/ui/containers/growspace-dialog-host.container.spec.ts > GrowspaceDialogHostContainer > Coverage Gap Fillers > should handle create-new-strain event from various dialogs
[DialogHost] Rendering with active type: NONE
stdout | tests/unit/features/ui/containers/growspace-dialog-host.container.spec.ts > GrowspaceDialogHostContainer > Coverage Gap Fillers > should handle create-new-strain event from various dialogs
[DialogHost] Rendering with active type: NONE
stdout | tests/unit/features/ui/containers/growspace-dialog-host.container.spec.ts > GrowspaceDialogHostContainer > Coverage Gap Fillers > should handle create-new-strain event from various dialogs
[DialogHost] Rendering with active type: ADD_PLANT
stdout | tests/unit/features/ui/containers/growspace-dialog-host.container.spec.ts > GrowspaceDialogHostContainer > Coverage Gap Fillers > should handle create-new-strain event from various dialogs
[AddPlantDialog] render called, open: true strains: 0
stdout | tests/unit/features/ui/containers/growspace-dialog-host.container.spec.ts > GrowspaceDialogHostContainer > Coverage Gap Fillers > should handle create-new-strain event from various dialogs
[DialogHost] Rendering with active type: ADD_PLANTS
stdout | tests/unit/features/ui/containers/growspace-dialog-host.container.spec.ts > GrowspaceDialogHostContainer > Coverage Gap Fillers > should handle events from plant-overview-container
[DialogHost] Rendering with active type: NONE
stdout | tests/unit/features/ui/containers/growspace-dialog-host.container.spec.ts > GrowspaceDialogHostContainer > Coverage Gap Fillers > should handle events from plant-overview-container
[DialogHost] Rendering with active type: NONE
stdout | tests/unit/features/ui/containers/growspace-dialog-host.container.spec.ts > GrowspaceDialogHostContainer > Coverage Gap Fillers > should handle events from plant-overview-container
[DialogHost] Rendering with active type: PLANT_OVERVIEW
stdout | tests/unit/growspace-store.spec.ts > GrowspaceStore > IPM Presets > should fetch IPM presets success with cache hit
[LibraryActions] Using cached IPM presets (Age: 0ms)
stdout | tests/unit/features/ui/containers/growspace-dialog-host.container.spec.ts > GrowspaceDialogHostContainer > Coverage Gap Fillers > should resolve device context from payload growspaceId (Line 133)
[DialogHost] Rendering with active type: NONE
stdout | tests/unit/features/ui/containers/growspace-dialog-host.container.spec.ts > GrowspaceDialogHostContainer > Coverage Gap Fillers > should resolve device context from payload growspaceId (Line 133)
[DialogHost] Rendering with active type: NONE
stdout | tests/unit/features/ui/containers/growspace-dialog-host.container.spec.ts > GrowspaceDialogHostContainer > Coverage Gap Fillers > should resolve device context from payload growspaceId (Line 133)
[DialogHost] Rendering with active type: ADD_PLANT
stdout | tests/unit/features/ui/containers/growspace-dialog-host.container.spec.ts > GrowspaceDialogHostContainer > Coverage Gap Fillers > should resolve device context from payload growspaceId (Line 133)
[AddPlantDialog] render called, open: true strains: 0
stdout | tests/unit/features/ui/containers/growspace-dialog-host.container.spec.ts > GrowspaceDialogHostContainer > Coverage Gap Fillers > should handle transplant success (Lines 286-302)
[DialogHost] Rendering with active type: NONE
stdout | tests/unit/features/ui/containers/growspace-dialog-host.container.spec.ts > GrowspaceDialogHostContainer > Coverage Gap Fillers > should handle transplant success (Lines 286-302)
[DialogHost] Rendering with active type: NONE
stdout | tests/unit/features/ui/containers/growspace-dialog-host.container.spec.ts > GrowspaceDialogHostContainer > Coverage Gap Fillers > should handle transplant success (Lines 286-302)
[DialogHost] Rendering with active type: ADD_PLANT
stdout | tests/unit/features/ui/containers/growspace-dialog-host.container.spec.ts > GrowspaceDialogHostContainer > Coverage Gap Fillers > should handle transplant success (Lines 286-302)
[AddPlantDialog] render called, open: true strains: 0
stdout | tests/unit/features/ui/containers/growspace-dialog-host.container.spec.ts > GrowspaceDialogHostContainer > Coverage Gap Fillers > should handle seed and batch events in STRAIN_LIBRARY (Lines 549-556)
[DialogHost] Rendering with active type: NONE
stdout | tests/unit/features/ui/containers/growspace-dialog-host.container.spec.ts > GrowspaceDialogHostContainer > Coverage Gap Fillers > should handle seed and batch events in STRAIN_LIBRARY (Lines 549-556)
[DialogHost] Rendering with active type: NONE
stdout | tests/unit/features/ui/containers/growspace-dialog-host.container.spec.ts > GrowspaceDialogHostContainer > Coverage Gap Fillers > should handle seed and batch events in STRAIN_LIBRARY (Lines 549-556)
[DialogHost] Rendering with active type: STRAIN_LIBRARY
stdout | tests/unit/features/ui/containers/growspace-dialog-host.container.spec.ts > GrowspaceDialogHostContainer > Coverage Gap Fillers > should handle seed and batch events in STRAIN_LIBRARY (Lines 549-556)
[DialogHost] Rendering with active type: STRAIN_LIBRARY
stdout | tests/unit/features/ui/containers/growspace-dialog-host.container.spec.ts > GrowspaceDialogHostContainer > New Coverage Tests > should render BATCH_PRINT_LABELS dialog
[DialogHost] Rendering with active type: NONE
stdout | tests/unit/features/ui/containers/growspace-dialog-host.container.spec.ts > GrowspaceDialogHostContainer > New Coverage Tests > should render BATCH_PRINT_LABELS dialog
[DialogHost] Rendering with active type: NONE
stdout | tests/unit/features/ui/containers/growspace-dialog-host.container.spec.ts > GrowspaceDialogHostContainer > New Coverage Tests > should render BATCH_PRINT_LABELS dialog
[DialogHost] Rendering with active type: BATCH_PRINT_LABELS
stdout | tests/unit/features/ui/containers/growspace-dialog-host.container.spec.ts > GrowspaceDialogHostContainer > New Coverage Tests > should handle @close on BATCH_PRINT_LABELS
[DialogHost] Rendering with active type: NONE
stdout | tests/unit/features/ui/containers/growspace-dialog-host.container.spec.ts > GrowspaceDialogHostContainer > New Coverage Tests > should handle @close on BATCH_PRINT_LABELS
[DialogHost] Rendering with active type: NONE
stdout | tests/unit/features/ui/containers/growspace-dialog-host.container.spec.ts > GrowspaceDialogHostContainer > New Coverage Tests > should handle @close on BATCH_PRINT_LABELS
[DialogHost] Rendering with active type: BATCH_PRINT_LABELS
stdout | tests/unit/features/ui/containers/growspace-dialog-host.container.spec.ts > GrowspaceDialogHostContainer > New Coverage Tests > should render BATCH_CLONE dialog
[DialogHost] Rendering with active type: NONE
stdout | tests/unit/features/ui/containers/growspace-dialog-host.container.spec.ts > GrowspaceDialogHostContainer > New Coverage Tests > should render BATCH_CLONE dialog
[DialogHost] Rendering with active type: NONE
stdout | tests/unit/features/ui/containers/growspace-dialog-host.container.spec.ts > GrowspaceDialogHostContainer > New Coverage Tests > should render BATCH_CLONE dialog
[DialogHost] Rendering with active type: BATCH_CLONE
stdout | tests/unit/features/ui/containers/growspace-dialog-host.container.spec.ts > GrowspaceDialogHostContainer > New Coverage Tests > should handle @close on BATCH_CLONE
[DialogHost] Rendering with active type: NONE
stdout | tests/unit/features/ui/containers/growspace-dialog-host.container.spec.ts > GrowspaceDialogHostContainer > New Coverage Tests > should handle @close on BATCH_CLONE
[DialogHost] Rendering with active type: NONE
stdout | tests/unit/features/ui/containers/growspace-dialog-host.container.spec.ts > GrowspaceDialogHostContainer > New Coverage Tests > should handle @close on BATCH_CLONE
[DialogHost] Rendering with active type: BATCH_CLONE
stdout | tests/unit/features/ui/containers/growspace-dialog-host.container.spec.ts > GrowspaceDialogHostContainer > New Coverage Tests > should handle @close on ADD_PLANT dialog
[DialogHost] Rendering with active type: NONE
stdout | tests/unit/features/ui/containers/growspace-dialog-host.container.spec.ts > GrowspaceDialogHostContainer > New Coverage Tests > should handle @close on ADD_PLANT dialog
[DialogHost] Rendering with active type: NONE
stdout | tests/unit/features/ui/containers/growspace-dialog-host.container.spec.ts > GrowspaceDialogHostContainer > New Coverage Tests > should handle @close on ADD_PLANT dialog
[DialogHost] Rendering with active type: ADD_PLANT
stdout | tests/unit/features/ui/containers/growspace-dialog-host.container.spec.ts > GrowspaceDialogHostContainer > New Coverage Tests > should handle @close on ADD_PLANT dialog
[AddPlantDialog] render called, open: true strains: 0
stdout | tests/unit/features/ui/containers/growspace-dialog-host.container.spec.ts > GrowspaceDialogHostContainer > New Coverage Tests > should handle @add-plant-submit on ADD_PLANT dialog
[DialogHost] Rendering with active type: NONE
stdout | tests/unit/features/ui/containers/growspace-dialog-host.container.spec.ts > GrowspaceDialogHostContainer > New Coverage Tests > should handle @add-plant-submit on ADD_PLANT dialog
[DialogHost] Rendering with active type: NONE
stdout | tests/unit/features/ui/containers/growspace-dialog-host.container.spec.ts > GrowspaceDialogHostContainer > New Coverage Tests > should handle @add-plant-submit on ADD_PLANT dialog
[DialogHost] Rendering with active type: ADD_PLANT
stdout | tests/unit/features/ui/containers/growspace-dialog-host.container.spec.ts > GrowspaceDialogHostContainer > New Coverage Tests > should handle @add-plant-submit on ADD_PLANT dialog
[AddPlantDialog] render called, open: true strains: 0
stdout | tests/unit/features/ui/containers/growspace-dialog-host.container.spec.ts > GrowspaceDialogHostContainer > New Coverage Tests > should handle @close on ADD_PLANTS dialog
[DialogHost] Rendering with active type: NONE
stdout | tests/unit/features/ui/containers/growspace-dialog-host.container.spec.ts > GrowspaceDialogHostContainer > New Coverage Tests > should handle @close on ADD_PLANTS dialog
[DialogHost] Rendering with active type: NONE
stdout | tests/unit/features/ui/containers/growspace-dialog-host.container.spec.ts > GrowspaceDialogHostContainer > New Coverage Tests > should handle @close on ADD_PLANTS dialog
[DialogHost] Rendering with active type: ADD_PLANTS
stdout | tests/unit/features/ui/containers/growspace-dialog-host.container.spec.ts > GrowspaceDialogHostContainer > New Coverage Tests > should handle @add-plants-submit on ADD_PLANTS dialog
[DialogHost] Rendering with active type: NONE
stdout | tests/unit/features/ui/containers/growspace-dialog-host.container.spec.ts > GrowspaceDialogHostContainer > New Coverage Tests > should handle @add-plants-submit on ADD_PLANTS dialog
[DialogHost] Rendering with active type: NONE
stdout | tests/unit/features/ui/containers/growspace-dialog-host.container.spec.ts > GrowspaceDialogHostContainer > New Coverage Tests > should handle @add-plants-submit on ADD_PLANTS dialog
[DialogHost] Rendering with active type: ADD_PLANTS
stdout | tests/unit/features/ui/containers/growspace-dialog-host.container.spec.ts > GrowspaceDialogHostContainer > New Coverage Tests > should handle @show-toast on ADD_PLANTS dialog
[DialogHost] Rendering with active type: NONE
stdout | tests/unit/features/ui/containers/growspace-dialog-host.container.spec.ts > GrowspaceDialogHostContainer > New Coverage Tests > should handle @show-toast on ADD_PLANTS dialog
[DialogHost] Rendering with active type: NONE
stdout | tests/unit/features/ui/containers/growspace-dialog-host.container.spec.ts > GrowspaceDialogHostContainer > New Coverage Tests > should handle @show-toast on ADD_PLANTS dialog
[DialogHost] Rendering with active type: ADD_PLANTS
stdout | tests/unit/features/ui/containers/growspace-dialog-host.container.spec.ts > GrowspaceDialogHostContainer > New Coverage Tests > should handle @close on CONFIG dialog
[DialogHost] Rendering with active type: NONE
stdout | tests/unit/features/ui/containers/growspace-dialog-host.container.spec.ts > GrowspaceDialogHostContainer > New Coverage Tests > should handle @close on CONFIG dialog
[DialogHost] Rendering with active type: NONE
stderr | tests/unit/training-dialog.spec.ts > TrainingDialog > should handle error during save
Failed to log training: [Error: Backend error]
stdout | tests/unit/features/ui/containers/growspace-dialog-host.container.spec.ts > GrowspaceDialogHostContainer > New Coverage Tests > should handle @close on CONFIG dialog
[DialogHost] Rendering with active type: CONFIG
stdout | tests/unit/features/ui/containers/growspace-dialog-host.container.spec.ts > GrowspaceDialogHostContainer > New Coverage Tests > should handle @edit-growspace-submit on CONFIG dialog
[DialogHost] Rendering with active type: NONE
stdout | tests/unit/features/ui/containers/growspace-dialog-host.container.spec.ts > GrowspaceDialogHostContainer > New Coverage Tests > should handle @edit-growspace-submit on CONFIG dialog
[DialogHost] Rendering with active type: NONE
stdout | tests/unit/features/ui/containers/growspace-dialog-host.container.spec.ts > GrowspaceDialogHostContainer > New Coverage Tests > should handle @edit-growspace-submit on CONFIG dialog
[DialogHost] Rendering with active type: CONFIG
stdout | tests/unit/features/ui/containers/growspace-dialog-host.container.spec.ts > GrowspaceDialogHostContainer > New Coverage Tests > should handle @delete-growspace-submit on CONFIG dialog
[DialogHost] Rendering with active type: NONE
stdout | tests/unit/features/ui/containers/growspace-dialog-host.container.spec.ts > GrowspaceDialogHostContainer > New Coverage Tests > should handle @delete-growspace-submit on CONFIG dialog
[DialogHost] Rendering with active type: NONE
stdout | tests/unit/features/ui/containers/growspace-dialog-host.container.spec.ts > GrowspaceDialogHostContainer > New Coverage Tests > should handle @delete-growspace-submit on CONFIG dialog
[DialogHost] Rendering with active type: CONFIG
stdout | tests/unit/features/ui/containers/growspace-dialog-host.container.spec.ts > GrowspaceDialogHostContainer > New Coverage Tests > should handle @remove-environment-submit on CONFIG dialog
[DialogHost] Rendering with active type: NONE
stdout | tests/unit/features/ui/containers/growspace-dialog-host.container.spec.ts > GrowspaceDialogHostContainer > New Coverage Tests > should handle @remove-environment-submit on CONFIG dialog
[DialogHost] Rendering with active type: NONE
stdout | tests/unit/features/ui/containers/growspace-dialog-host.container.spec.ts > GrowspaceDialogHostContainer > New Coverage Tests > should handle @remove-environment-submit on CONFIG dialog
[DialogHost] Rendering with active type: CONFIG
stdout | tests/unit/features/ui/containers/growspace-dialog-host.container.spec.ts > GrowspaceDialogHostContainer > New Coverage Tests > should handle @configure-environment-submit on CONFIG dialog
[DialogHost] Rendering with active type: NONE
stdout | tests/unit/features/ui/containers/growspace-dialog-host.container.spec.ts > GrowspaceDialogHostContainer > New Coverage Tests > should handle @configure-environment-submit on CONFIG dialog
[DialogHost] Rendering with active type: NONE
stdout | tests/unit/features/ui/containers/growspace-dialog-host.container.spec.ts > GrowspaceDialogHostContainer > New Coverage Tests > should handle @configure-environment-submit on CONFIG dialog
[DialogHost] Rendering with active type: CONFIG
stdout | tests/unit/features/ui/containers/growspace-dialog-host.container.spec.ts > GrowspaceDialogHostContainer > New Coverage Tests > should handle @configure-environment-submit validation failure (missing mandatory fields)
[DialogHost] Rendering with active type: NONE
stdout | tests/unit/features/ui/containers/growspace-dialog-host.container.spec.ts > GrowspaceDialogHostContainer > New Coverage Tests > should handle @configure-environment-submit validation failure (missing mandatory fields)
[DialogHost] Rendering with active type: NONE
stdout | tests/unit/features/ui/containers/growspace-dialog-host.container.spec.ts > GrowspaceDialogHostContainer > New Coverage Tests > should handle @configure-environment-submit validation failure (missing mandatory fields)
[DialogHost] Rendering with active type: CONFIG
stdout | tests/unit/features/ui/containers/growspace-dialog-host.container.spec.ts > GrowspaceDialogHostContainer > New Coverage Tests > should handle @generate-grow-report on CONFIG dialog
[DialogHost] Rendering with active type: NONE
stdout | tests/unit/features/ui/containers/growspace-dialog-host.container.spec.ts > GrowspaceDialogHostContainer > New Coverage Tests > should handle @generate-grow-report on CONFIG dialog
[DialogHost] Rendering with active type: NONE
stdout | tests/unit/features/ui/containers/growspace-dialog-host.container.spec.ts > GrowspaceDialogHostContainer > New Coverage Tests > should handle @generate-grow-report on CONFIG dialog
[DialogHost] Rendering with active type: CONFIG
stdout | tests/unit/features/ui/containers/growspace-dialog-host.container.spec.ts > GrowspaceDialogHostContainer > New Coverage Tests > should handle @analyze-growspace on GROW_MASTER dialog
[DialogHost] Rendering with active type: NONE
stdout | tests/unit/features/ui/containers/growspace-dialog-host.container.spec.ts > GrowspaceDialogHostContainer > New Coverage Tests > should handle @analyze-growspace on GROW_MASTER dialog
[DialogHost] Rendering with active type: NONE
stdout | tests/unit/features/ui/containers/growspace-dialog-host.container.spec.ts > GrowspaceDialogHostContainer > New Coverage Tests > should handle @analyze-growspace on GROW_MASTER dialog
[DialogHost] Rendering with active type: GROW_MASTER
stdout | tests/unit/features/ui/containers/growspace-dialog-host.container.spec.ts > GrowspaceDialogHostContainer > New Coverage Tests > should handle @analyze-all-growspaces on GROW_MASTER dialog
[DialogHost] Rendering with active type: NONE
stdout | tests/unit/features/ui/containers/growspace-dialog-host.container.spec.ts > GrowspaceDialogHostContainer > New Coverage Tests > should handle @analyze-all-growspaces on GROW_MASTER dialog
[DialogHost] Rendering with active type: NONE
stdout | tests/unit/features/ui/containers/growspace-dialog-host.container.spec.ts > GrowspaceDialogHostContainer > New Coverage Tests > should handle @analyze-all-growspaces on GROW_MASTER dialog
[DialogHost] Rendering with active type: GROW_MASTER
stdout | tests/unit/features/ui/containers/growspace-dialog-host.container.spec.ts > GrowspaceDialogHostContainer > New Coverage Tests > should handle @get-recommendation on STRAIN_RECOMMENDATION dialog
[DialogHost] Rendering with active type: NONE
stdout | tests/unit/features/ui/containers/growspace-dialog-host.container.spec.ts > GrowspaceDialogHostContainer > New Coverage Tests > should handle @get-recommendation on STRAIN_RECOMMENDATION dialog
[DialogHost] Rendering with active type: NONE
stdout | tests/unit/features/ui/containers/growspace-dialog-host.container.spec.ts > GrowspaceDialogHostContainer > New Coverage Tests > should handle @get-recommendation on STRAIN_RECOMMENDATION dialog
[DialogHost] Rendering with active type: STRAIN_RECOMMENDATION
stdout | tests/unit/features/ui/containers/growspace-dialog-host.container.spec.ts > GrowspaceDialogHostContainer > New Coverage Tests > should handle @close on PLANT_OVERVIEW dialog
[DialogHost] Rendering with active type: NONE
stdout | tests/unit/features/ui/containers/growspace-dialog-host.container.spec.ts > GrowspaceDialogHostContainer > New Coverage Tests > should handle @close on PLANT_OVERVIEW dialog
[DialogHost] Rendering with active type: NONE
stdout | tests/unit/features/ui/containers/growspace-dialog-host.container.spec.ts > GrowspaceDialogHostContainer > New Coverage Tests > should handle @close on PLANT_OVERVIEW dialog
[DialogHost] Rendering with active type: PLANT_OVERVIEW
stdout | tests/unit/features/ui/containers/growspace-dialog-host.container.spec.ts > GrowspaceDialogHostContainer > New Coverage Tests > should handle @harvest-plant on PLANT_OVERVIEW dialog
[DialogHost] Rendering with active type: NONE
stdout | tests/unit/features/ui/containers/growspace-dialog-host.container.spec.ts > GrowspaceDialogHostContainer > New Coverage Tests > should handle @harvest-plant on PLANT_OVERVIEW dialog
[DialogHost] Rendering with active type: NONE
stdout | tests/unit/features/ui/containers/growspace-dialog-host.container.spec.ts > GrowspaceDialogHostContainer > New Coverage Tests > should handle @harvest-plant on PLANT_OVERVIEW dialog
[DialogHost] Rendering with active type: PLANT_OVERVIEW
stdout | tests/unit/features/ui/containers/growspace-dialog-host.container.spec.ts > GrowspaceDialogHostContainer > New Coverage Tests > should handle @finish-drying on PLANT_OVERVIEW dialog
[DialogHost] Rendering with active type: NONE
stdout | tests/unit/features/ui/containers/growspace-dialog-host.container.spec.ts > GrowspaceDialogHostContainer > New Coverage Tests > should handle @finish-drying on PLANT_OVERVIEW dialog
[DialogHost] Rendering with active type: NONE
stdout | tests/unit/features/ui/containers/growspace-dialog-host.container.spec.ts > GrowspaceDialogHostContainer > New Coverage Tests > should handle @finish-drying on PLANT_OVERVIEW dialog
[DialogHost] Rendering with active type: PLANT_OVERVIEW
stderr | tests/unit/plant-actions.spec.ts > plant-actions > movePlantToNextStage > should return false for cure stage (edge case)
Unknown stage, cannot move plant 
stderr | tests/unit/plant-actions.spec.ts > plant-actions > movePlantToNextStage > should handle harvestPlant failure
Error moving plant to next stage: [Error: Harvest failed]
stdout | tests/unit/features/ui/containers/growspace-dialog-host.container.spec.ts > GrowspaceDialogHostContainer > New Coverage Tests > should handle @take-clone on PLANT_OVERVIEW dialog
[DialogHost] Rendering with active type: NONE
stdout | tests/unit/features/ui/containers/growspace-dialog-host.container.spec.ts > GrowspaceDialogHostContainer > New Coverage Tests > should handle @take-clone on PLANT_OVERVIEW dialog
[DialogHost] Rendering with active type: NONE
stdout | tests/unit/features/ui/containers/growspace-dialog-host.container.spec.ts > GrowspaceDialogHostContainer > New Coverage Tests > should handle @take-clone on PLANT_OVERVIEW dialog
[DialogHost] Rendering with active type: PLANT_OVERVIEW
stdout | tests/unit/features/ui/containers/growspace-dialog-host.container.spec.ts > GrowspaceDialogHostContainer > New Coverage Tests > should handle @move-clone on PLANT_OVERVIEW dialog
[DialogHost] Rendering with active type: NONE
stdout | tests/unit/features/ui/containers/growspace-dialog-host.container.spec.ts > GrowspaceDialogHostContainer > New Coverage Tests > should handle @move-clone on PLANT_OVERVIEW dialog
[DialogHost] Rendering with active type: NONE
stdout | tests/unit/features/ui/containers/growspace-dialog-host.container.spec.ts > GrowspaceDialogHostContainer > New Coverage Tests > should handle @move-clone on PLANT_OVERVIEW dialog
[DialogHost] Rendering with active type: PLANT_OVERVIEW
stdout | tests/unit/features/ui/containers/growspace-dialog-host.container.spec.ts > GrowspaceDialogHostContainer > New Coverage Tests > should handle @open-watering on PLANT_OVERVIEW dialog
[DialogHost] Rendering with active type: NONE
stdout | tests/unit/features/ui/containers/growspace-dialog-host.container.spec.ts > GrowspaceDialogHostContainer > New Coverage Tests > should handle @open-watering on PLANT_OVERVIEW dialog
[DialogHost] Rendering with active type: NONE
stdout | tests/unit/features/ui/containers/growspace-dialog-host.container.spec.ts > GrowspaceDialogHostContainer > New Coverage Tests > should handle @open-watering on PLANT_OVERVIEW dialog
[DialogHost] Rendering with active type: PLANT_OVERVIEW
stdout | tests/unit/features/ui/containers/growspace-dialog-host.container.spec.ts > GrowspaceDialogHostContainer > New Coverage Tests > should handle @open-training on PLANT_OVERVIEW dialog
[DialogHost] Rendering with active type: NONE
stdout | tests/unit/features/ui/containers/growspace-dialog-host.container.spec.ts > GrowspaceDialogHostContainer > New Coverage Tests > should handle @open-training on PLANT_OVERVIEW dialog
[DialogHost] Rendering with active type: NONE
stdout | tests/unit/features/ui/containers/growspace-dialog-host.container.spec.ts > GrowspaceDialogHostContainer > New Coverage Tests > should handle @open-training on PLANT_OVERVIEW dialog
[DialogHost] Rendering with active type: PLANT_OVERVIEW
stdout | tests/unit/features/ui/containers/growspace-dialog-host.container.spec.ts > GrowspaceDialogHostContainer > New Coverage Tests > should handle @open-ipm on PLANT_OVERVIEW dialog
[DialogHost] Rendering with active type: NONE
stdout | tests/unit/features/ui/containers/growspace-dialog-host.container.spec.ts > GrowspaceDialogHostContainer > New Coverage Tests > should handle @open-ipm on PLANT_OVERVIEW dialog
[DialogHost] Rendering with active type: NONE
stdout | tests/unit/features/ui/containers/growspace-dialog-host.container.spec.ts > GrowspaceDialogHostContainer > New Coverage Tests > should handle @open-ipm on PLANT_OVERVIEW dialog
[DialogHost] Rendering with active type: PLANT_OVERVIEW
stdout | tests/unit/features/ui/containers/growspace-dialog-host.container.spec.ts > GrowspaceDialogHostContainer > New Coverage Tests > should handle @open-clone on PLANT_OVERVIEW dialog
[DialogHost] Rendering with active type: NONE
stdout | tests/unit/features/ui/containers/growspace-dialog-host.container.spec.ts > GrowspaceDialogHostContainer > New Coverage Tests > should handle @open-clone on PLANT_OVERVIEW dialog
[DialogHost] Rendering with active type: NONE
stdout | tests/unit/features/ui/containers/growspace-dialog-host.container.spec.ts > GrowspaceDialogHostContainer > New Coverage Tests > should handle @open-clone on PLANT_OVERVIEW dialog
[DialogHost] Rendering with active type: PLANT_OVERVIEW
stdout | tests/unit/features/ui/containers/growspace-dialog-host.container.spec.ts > GrowspaceDialogHostContainer > New Coverage Tests > should handle @open-strain-editor on PLANT_OVERVIEW dialog
[DialogHost] Rendering with active type: NONE
stdout | tests/unit/features/ui/containers/growspace-dialog-host.container.spec.ts > GrowspaceDialogHostContainer > New Coverage Tests > should handle @open-strain-editor on PLANT_OVERVIEW dialog
[DialogHost] Rendering with active type: NONE
stdout | tests/unit/features/ui/containers/growspace-dialog-host.container.spec.ts > GrowspaceDialogHostContainer > New Coverage Tests > should handle @open-strain-editor on PLANT_OVERVIEW dialog
[DialogHost] Rendering with active type: PLANT_OVERVIEW
stdout | tests/unit/features/ui/containers/growspace-dialog-host.container.spec.ts > GrowspaceDialogHostContainer > New Coverage Tests > should handle @close on STRAIN_LIBRARY dialog
[DialogHost] Rendering with active type: NONE
stdout | tests/unit/features/ui/containers/growspace-dialog-host.container.spec.ts > GrowspaceDialogHostContainer > New Coverage Tests > should handle @close on STRAIN_LIBRARY dialog
[DialogHost] Rendering with active type: NONE
stdout | tests/unit/features/ui/containers/growspace-dialog-host.container.spec.ts > GrowspaceDialogHostContainer > New Coverage Tests > should handle @close on STRAIN_LIBRARY dialog
[DialogHost] Rendering with active type: STRAIN_LIBRARY
stdout | tests/unit/features/ui/containers/growspace-dialog-host.container.spec.ts > GrowspaceDialogHostContainer > New Coverage Tests > should handle @close on STRAIN_LIBRARY dialog
[DialogHost] Rendering with active type: STRAIN_LIBRARY
stdout | tests/unit/features/ui/containers/growspace-dialog-host.container.spec.ts > GrowspaceDialogHostContainer > New Coverage Tests > should handle @close on TRAINING dialog
[DialogHost] Rendering with active type: NONE
stdout | tests/unit/features/ui/containers/growspace-dialog-host.container.spec.ts > GrowspaceDialogHostContainer > New Coverage Tests > should handle @close on TRAINING dialog
[DialogHost] Rendering with active type: NONE
stdout | tests/unit/features/ui/containers/growspace-dialog-host.container.spec.ts > GrowspaceDialogHostContainer > New Coverage Tests > should handle @close on TRAINING dialog
[DialogHost] Rendering with active type: TRAINING
stdout | tests/unit/features/ui/containers/growspace-dialog-host.container.spec.ts > GrowspaceDialogHostContainer > New Coverage Tests > should handle @submit-ipm on IPM dialog
[DialogHost] Rendering with active type: NONE
stdout | tests/unit/features/ui/containers/growspace-dialog-host.container.spec.ts > GrowspaceDialogHostContainer > New Coverage Tests > should handle @submit-ipm on IPM dialog
[DialogHost] Rendering with active type: NONE
stdout | tests/unit/features/ui/containers/growspace-dialog-host.container.spec.ts > GrowspaceDialogHostContainer > New Coverage Tests > should handle @submit-ipm on IPM dialog
[DialogHost] Rendering with active type: IPM
stdout | tests/unit/features/ui/containers/growspace-dialog-host.container.spec.ts > GrowspaceDialogHostContainer > New Coverage Tests > should handle @submit-ipm failure on IPM dialog
[DialogHost] Rendering with active type: NONE
stdout | tests/unit/features/ui/containers/growspace-dialog-host.container.spec.ts > GrowspaceDialogHostContainer > New Coverage Tests > should handle @submit-ipm failure on IPM dialog
[DialogHost] Rendering with active type: NONE
stdout | tests/unit/features/ui/containers/growspace-dialog-host.container.spec.ts > GrowspaceDialogHostContainer > New Coverage Tests > should handle @submit-ipm failure on IPM dialog
[DialogHost] Rendering with active type: IPM
stdout | tests/unit/features/ui/containers/growspace-dialog-host.container.spec.ts > GrowspaceDialogHostContainer > New Coverage Tests > should handle @submit-watering with array nutrients
[DialogHost] Rendering with active type: NONE
stdout | tests/unit/features/ui/containers/growspace-dialog-host.container.spec.ts > GrowspaceDialogHostContainer > New Coverage Tests > should handle @submit-watering with array nutrients
[DialogHost] Rendering with active type: NONE
stdout | tests/unit/features/ui/containers/growspace-dialog-host.container.spec.ts > GrowspaceDialogHostContainer > New Coverage Tests > should handle @submit-watering with array nutrients
[DialogHost] Rendering with active type: WATERING
stdout | tests/unit/features/ui/containers/growspace-dialog-host.container.spec.ts > GrowspaceDialogHostContainer > New Coverage Tests > should handle @submit-watering failure
[DialogHost] Rendering with active type: NONE
stdout | tests/unit/features/ui/containers/growspace-dialog-host.container.spec.ts > GrowspaceDialogHostContainer > New Coverage Tests > should handle @submit-watering failure
[DialogHost] Rendering with active type: NONE
stdout | tests/unit/features/ui/containers/growspace-dialog-host.container.spec.ts > GrowspaceDialogHostContainer > New Coverage Tests > should handle @submit-watering failure
[DialogHost] Rendering with active type: WATERING
stdout | tests/unit/features/ui/containers/growspace-dialog-host.container.spec.ts > GrowspaceDialogHostContainer > New Coverage Tests > should handle @submit-watering growspace mode with no growspaceId (skips call)
[DialogHost] Rendering with active type: NONE
stdout | tests/unit/features/ui/containers/growspace-dialog-host.container.spec.ts > GrowspaceDialogHostContainer > New Coverage Tests > should handle @submit-watering growspace mode with no growspaceId (skips call)
[DialogHost] Rendering with active type: NONE
stdout | tests/unit/features/ui/containers/growspace-dialog-host.container.spec.ts > GrowspaceDialogHostContainer > New Coverage Tests > should handle @submit-watering growspace mode with no growspaceId (skips call)
[DialogHost] Rendering with active type: WATERING
 ✓ |chromium| tests/cards/growspace-ai-insight-card.test.ts (31 tests) 1286ms
     ✓ matches visual snapshot  1147ms
stdout | tests/unit/features/ui/containers/growspace-dialog-host.container.spec.ts > GrowspaceDialogHostContainer > New Coverage Tests > should handle @take-clone-submit failure with toast
[DialogHost] Rendering with active type: NONE
stdout | tests/unit/features/ui/containers/growspace-dialog-host.container.spec.ts > GrowspaceDialogHostContainer > New Coverage Tests > should handle @take-clone-submit failure with toast
[DialogHost] Rendering with active type: NONE
stdout | tests/unit/features/ui/containers/growspace-dialog-host.container.spec.ts > GrowspaceDialogHostContainer > New Coverage Tests > should handle @take-clone-submit failure with toast
[DialogHost] Rendering with active type: TAKE_CLONE
stderr | tests/unit/features/ui/containers/growspace-dialog-host.container.spec.ts > GrowspaceDialogHostContainer > New Coverage Tests > should handle @take-clone-submit failure with toast
[DialogHost] Take clone failed: [Error: Clone error]
stdout | tests/unit/features/ui/containers/growspace-dialog-host.container.spec.ts > GrowspaceDialogHostContainer > New Coverage Tests > should handle @edit-growspace-submit failure on CONFIG dialog
[DialogHost] Rendering with active type: NONE
stdout | tests/unit/features/ui/containers/growspace-dialog-host.container.spec.ts > GrowspaceDialogHostContainer > New Coverage Tests > should handle @edit-growspace-submit failure on CONFIG dialog
[DialogHost] Rendering with active type: NONE
stdout | tests/unit/features/ui/containers/growspace-dialog-host.container.spec.ts > GrowspaceDialogHostContainer > New Coverage Tests > should handle @edit-growspace-submit failure on CONFIG dialog
[DialogHost] Rendering with active type: CONFIG
stdout | tests/unit/growspace-store.spec.ts > GrowspaceStore > Plant Management > should handle take clone
Clone taken from plant 
stdout | tests/unit/features/ui/containers/growspace-dialog-host.container.spec.ts > GrowspaceDialogHostContainer > New Coverage Tests > should handle @delete-growspace-submit failure on CONFIG dialog
[DialogHost] Rendering with active type: NONE
stdout | tests/unit/features/ui/containers/growspace-dialog-host.container.spec.ts > GrowspaceDialogHostContainer > New Coverage Tests > should handle @delete-growspace-submit failure on CONFIG dialog
[DialogHost] Rendering with active type: NONE
stdout | tests/unit/features/ui/containers/growspace-dialog-host.container.spec.ts > GrowspaceDialogHostContainer > New Coverage Tests > should handle @delete-growspace-submit failure on CONFIG dialog
[DialogHost] Rendering with active type: CONFIG
stdout | tests/unit/features/ui/containers/growspace-dialog-host.container.spec.ts > GrowspaceDialogHostContainer > New Coverage Tests > should handle @remove-environment-submit failure on CONFIG dialog
[DialogHost] Rendering with active type: NONE
stdout | tests/unit/features/ui/containers/growspace-dialog-host.container.spec.ts > GrowspaceDialogHostContainer > New Coverage Tests > should handle @remove-environment-submit failure on CONFIG dialog
[DialogHost] Rendering with active type: NONE
stdout | tests/unit/features/ui/containers/growspace-dialog-host.container.spec.ts > GrowspaceDialogHostContainer > New Coverage Tests > should handle @remove-environment-submit failure on CONFIG dialog
[DialogHost] Rendering with active type: CONFIG
 ❯ |chromium| tests/cards/growspace-tank-card.test.ts (19 tests | 1 failed) 1466ms
     ✓ is defined 20ms
     ✓ setConfig updates config and initializes store 4ms
     ✓ throws error on invalid config 2ms
     ✓ renders error state when hass is missing 1ms
     ✓ renders loading state when store is loading and no devices 1ms
     ✓ renders no-data state when devices array is empty 1ms
     ✓ renders error state when selected device is not found 2ms
     ✓ renders empty state when no tanks configured 19ms
     ✓ renders tanks with data correctly 22ms
     ✓ renders tanks with edge case data correctly 6ms
     ✓ renders average level when no warnings 7ms
     ✓ getCardSize returns expected size from component 2ms
     ✓ getStubConfig returns expected config from component 3ms
     ✓ getConfigElement returns editor element 7ms
     ✓ disconnectedCallback destroys store 2ms
     ✓ stale counter triggers data refresh 4ms
     ✓ selectedDevice getter returns value from store 2ms
     ✓ _handleError logs error to console 2ms
     × matches visual snapshot 1359ms
stdout | tests/unit/features/ui/containers/growspace-dialog-host.container.spec.ts > GrowspaceDialogHostContainer > New Coverage Tests > should handle _getPlantsByStage with actual plant data
[DialogHost] Rendering with active type: NONE
stdout | tests/unit/features/ui/containers/growspace-dialog-host.container.spec.ts > GrowspaceDialogHostContainer > New Coverage Tests > should handle _getPlantsByStage with actual plant data
[DialogHost] Rendering with active type: NONE
stdout | tests/unit/features/ui/containers/growspace-dialog-host.container.spec.ts > GrowspaceDialogHostContainer > New Coverage Tests > should handle _getPlantsByStage with actual plant data
[DialogHost] Rendering with active type: ADD_PLANT
stdout | tests/unit/features/ui/containers/growspace-dialog-host.container.spec.ts > GrowspaceDialogHostContainer > New Coverage Tests > should handle _getPlantsByStage with actual plant data
[AddPlantDialog] render called, open: true strains: 0
stdout | tests/unit/features/ui/containers/growspace-dialog-host.container.spec.ts > GrowspaceDialogHostContainer > New Coverage Tests > should handle _closeDialogIfActive when type does not match (no-op)
[DialogHost] Rendering with active type: NONE
stdout | tests/unit/features/ui/containers/growspace-dialog-host.container.spec.ts > GrowspaceDialogHostContainer > New Coverage Tests > should handle _closeDialogIfActive when type does not match (no-op)
[DialogHost] Rendering with active type: NONE
stdout | tests/unit/features/ui/containers/growspace-dialog-host.container.spec.ts > GrowspaceDialogHostContainer > New Coverage Tests > should handle _closeDialogIfActive when type does not match (no-op)
[DialogHost] Rendering with active type: ADD_PLANT
stdout | tests/unit/features/ui/containers/growspace-dialog-host.container.spec.ts > GrowspaceDialogHostContainer > New Coverage Tests > should handle _closeDialogIfActive when type does not match (no-op)
[AddPlantDialog] render called, open: true strains: 0
stdout | tests/unit/features/ui/containers/growspace-dialog-host.container.spec.ts > GrowspaceDialogHostContainer > New Coverage Tests > should handle _closeDialogIfActive when type does not match (no-op)
[DialogHost] Rendering with active type: CONFIG
stdout | tests/unit/features/ui/containers/growspace-dialog-host.container.spec.ts > GrowspaceDialogHostContainer > New Coverage Tests > should not render any dialog when store is not initialized
[DialogHost] Rendering with active type: NONE
stdout | tests/unit/features/ui/containers/growspace-dialog-host.container.spec.ts > GrowspaceDialogHostContainer > New Coverage Tests > should not render any dialog when store is not initialized
[DialogHost] Rendering with active type: NONE
stdout | tests/unit/features/ui/containers/growspace-dialog-host.container.spec.ts > GrowspaceDialogHostContainer > New Coverage Tests > should handle @strain-created-at-source with non-ADD_PLANT/ADD_PLANTS source (no-op)
[DialogHost] Rendering with active type: NONE
stdout | tests/unit/features/ui/containers/growspace-dialog-host.container.spec.ts > GrowspaceDialogHostContainer > New Coverage Tests > should handle @strain-created-at-source with non-ADD_PLANT/ADD_PLANTS source (no-op)
[DialogHost] Rendering with active type: NONE
stdout | tests/unit/features/ui/containers/growspace-dialog-host.container.spec.ts > GrowspaceDialogHostContainer > New Coverage Tests > should handle @strain-created-at-source with non-ADD_PLANT/ADD_PLANTS source (no-op)
[DialogHost] Rendering with active type: STRAIN_LIBRARY
stdout | tests/unit/features/ui/containers/growspace-dialog-host.container.spec.ts > GrowspaceDialogHostContainer > New Coverage Tests > should handle @strain-created-at-source with non-ADD_PLANT/ADD_PLANTS source (no-op)
[DialogHost] Rendering with active type: STRAIN_LIBRARY
stdout | tests/unit/features/ui/containers/growspace-dialog-host.container.spec.ts > GrowspaceDialogHostContainer > New Coverage Tests > should handle _refreshGeneticsData when fetchData returns null
[DialogHost] Rendering with active type: NONE
stdout | tests/unit/features/ui/containers/growspace-dialog-host.container.spec.ts > GrowspaceDialogHostContainer > New Coverage Tests > should handle _refreshGeneticsData when fetchData returns null
[DialogHost] Rendering with active type: NONE
stdout | tests/unit/features/ui/containers/growspace-dialog-host.container.spec.ts > GrowspaceDialogHostContainer > New Coverage Tests > should handle @submit on CONFIG dialog (add growspace success)
[DialogHost] Rendering with active type: NONE
stdout | tests/unit/features/ui/containers/growspace-dialog-host.container.spec.ts > GrowspaceDialogHostContainer > New Coverage Tests > should handle @submit on CONFIG dialog (add growspace success)
[DialogHost] Rendering with active type: NONE
stdout | tests/unit/features/ui/containers/growspace-dialog-host.container.spec.ts > GrowspaceDialogHostContainer > New Coverage Tests > should handle @submit on CONFIG dialog (add growspace success)
[DialogHost] Rendering with active type: CONFIG
 ✓ |chromium| tests/cards/growspace-subarea-card.test.ts (42 tests) 1533ms
     ✓ matches visual snapshot  1136ms
stdout | tests/unit/features/ui/containers/growspace-dialog-host.container.spec.ts > GrowspaceDialogHostContainer > New Coverage Tests > should handle @submit on CONFIG with missing store (no-op guard)
[DialogHost] Rendering with active type: NONE
stdout | tests/unit/features/ui/containers/growspace-dialog-host.container.spec.ts > GrowspaceDialogHostContainer > New Coverage Tests > should handle @submit on CONFIG with missing store (no-op guard)
[DialogHost] Rendering with active type: NONE
stdout | tests/unit/features/ui/containers/growspace-dialog-host.container.spec.ts > GrowspaceDialogHostContainer > New Coverage Tests > should handle @submit on CONFIG with missing store (no-op guard)
[DialogHost] Rendering with active type: CONFIG
stdout | tests/unit/features/ui/containers/growspace-dialog-host.container.spec.ts > GrowspaceDialogHostContainer > New Coverage Tests > should handle @submit on CONFIG with missing store (no-op guard)
[DialogHost] Rendering with active type: CONFIG
stdout | tests/unit/features/ui/containers/growspace-dialog-host.container.spec.ts > GrowspaceDialogHostContainer > New Coverage Tests > should handle @submit on CONFIG with missing store (no-op guard)
[DialogHost] Rendering with active type: CONFIG
stderr | unknown test
Lit is in dev mode. Not recommended for production! See https://lit.dev/msg/dev-mode for more information.
 ✓ |chromium| tests/unit/training-dialog.spec.ts (11 tests) 898ms
 ✓ |chromium| tests/unit/features/ui/containers/growspace-dialog-host.container.spec.ts (151 tests) 1727ms
 ✓ |chromium| tests/unit/dialogs/print-label-dialog.spec.ts (49 tests) 2472ms
       ✓ should call store.actions.plant.printLabel with preview=true  803ms
       ✓ should handle preview success  802ms
       ✓ should handle missing image attribute after success  801ms
 ✓ |chromium| tests/unit/features/plants/containers/plant-overview.container.spec.ts (22 tests) 1891ms
stderr | unknown test
Lit is in dev mode. Not recommended for production! See https://lit.dev/msg/dev-mode for more information.
stderr | unknown test
Lit is in dev mode. Not recommended for production! See https://lit.dev/msg/dev-mode for more information.
stderr | unknown test
Lit is in dev mode. Not recommended for production! See https://lit.dev/msg/dev-mode for more information.
stderr | unknown test
Lit is in dev mode. Not recommended for production! See https://lit.dev/msg/dev-mode for more information.
 ✓ |chromium| tests/unit/dialogs/irrigation-dialog.spec.ts (69 tests) 364ms
stderr | tests/unit/dialogs/strain-editor-view.spec.ts > StrainEditorView > Editor Interactions > should handle image drop
Gallery upload failed: [TypeError: Cannot read properties of undefined (reading 'connection')]
stderr | tests/unit/dialogs/strain-editor-view.spec.ts > StrainEditorView > Image Upload & Camera > should handle file selection via input change
Gallery upload failed: [TypeError: Cannot read properties of undefined (reading 'connection')]
stderr | unknown test
Lit is in dev mode. Not recommended for production! See https://lit.dev/msg/dev-mode for more information.
stderr | unknown test
Lit is in dev mode. Not recommended for production! See https://lit.dev/msg/dev-mode for more information.
 ✓ |chromium| tests/unit/growspace-env-chart.spec.ts (73 tests) 3003ms
stdout | tests/unit/growspace-store.spec.ts > GrowspaceStore > Advanced Drag & Drop > should swap plants if target is occupied
handlePlantDrop: {
  "growspaceId": "d1",
  "sourceId": "p1",
  "targetId": "p2",
}
stdout | tests/unit/growspace-store.spec.ts > GrowspaceStore > Advanced Drag & Drop > should move plant if target is empty
handlePlantDrop: {
  "growspaceId": "d1",
  "sourceId": "p1",
  "targetId": "",
}
 ✓ |chromium| tests/unit/components/heatmap-3d.spec.ts (85 tests) 2431ms
stderr | tests/unit/plant-actions.spec.ts > plant-actions > movePlantToGrowspace > should show error on failure
Error moving plant: [Error: Move failed]
stdout | tests/unit/growspace-store.spec.ts > GrowspaceStore > Additional Coverage > should handle drop with same source and target
handlePlantDrop: {
  "growspaceId": "d1",
  "sourceId": "p1",
  "targetId": "p1",
}
stdout | tests/unit/growspace-store.spec.ts > GrowspaceStore > Additional Coverage > should handle drop error
handlePlantDrop: {
  "growspaceId": "d1",
  "sourceId": "p1",
  "targetId": "p2",
}
stderr | tests/unit/growspace-store.spec.ts > GrowspaceStore > Strain Library Caching > should handle malformed cache gracefully
Failed to parse cached strain library [SyntaxError: Expected property name or '}' in JSON at position 2 (line 1 column 3)]
stderr | tests/unit/growspace-store.spec.ts > GrowspaceStore > Strain Library Caching > should handle fetch failure without cache
Failed to fetch strain library: [Error: Fail]
stderr | tests/unit/growspace-store.spec.ts > GrowspaceStore > Import/Export Errors > performImport should handle invalid JSON
Import failed [SyntaxError: Unexpected token 'o', "not json" is not valid JSON]
stderr | tests/unit/growspace-store.spec.ts > GrowspaceStore > Import/Export Errors > performImport should handle non-array JSON
Import failed [Error: Invalid format]
stderr | tests/unit/growspace-store.spec.ts > GrowspaceStore > Additional Logic Coverage > should handle _refreshGrowspaceData loading state on error
Failed to fetch growspace data [Error: Fetch Fail]
stderr | tests/unit/growspace-store.spec.ts > GrowspaceStore > Coverage Gap Filling 2 > getStrainRecommendation check dialog type after await (error)
Error getting strain recommendation: [Error: fail]
stdout | tests/unit/growspace-store.spec.ts > GrowspaceStore > handleDrop Coverage > should return early if selectedDevice is null
handlePlantDrop: {
  "growspaceId": "d1",
  "sourceId": "p1",
  "targetId": "p1",
}
stdout | tests/unit/growspace-store.spec.ts > GrowspaceStore > handleDrop Coverage > should call dataService.updatePlant if valid and target empty
handlePlantDrop: {
  "growspaceId": "d1",
  "sourceId": "p1",
  "targetId": "",
}
stdout | tests/unit/growspace-store.spec.ts > GrowspaceStore > handleDrop Coverage > should call dataService.swapPlants if valid and target occupied
handlePlantDrop: {
  "growspaceId": "d1",
  "sourceId": "p1",
  "targetId": "p2",
}
stdout | tests/unit/growspace-store.spec.ts > GrowspaceStore > Coverage Gap Filling 4 > should handle handleDrop with no selectedDevice
handlePlantDrop: {
  "growspaceId": "d1",
  "sourceId": "p1",
  "targetId": "src",
}
 ✓ |chromium| tests/unit/dialogs/config-dialog.spec.ts (78 tests) 476ms
 ✓ |chromium| tests/unit/dialogs/strain-editor-view.spec.ts (83 tests) 380ms
stderr | tests/unit/components/plant/plant-timeline.spec.ts > PlantTimeline > Interactions > handles event deletion flow
Error deleting event: [Error: Delete fail]
stdout | tests/cards/growspace-analytics-card.test.ts > GrowspaceAnalyticsCard > is defined
[GrowspaceDataStore] Mounted - subscribers connected
stdout | tests/cards/growspace-analytics-card.test.ts > GrowspaceAnalyticsCard > is defined
[MockHass] sendMessagePromise: {
  "growspace_id": undefined,
  "type": "growspace_manager/get_data",
}
stderr | tests/cards/growspace-analytics-card.test.ts > GrowspaceAnalyticsCard > is defined
[GrowspaceAPI] API Validation Failed for Collection (All Data): {
  "_errors": [
    "Required"
  ]
}
stdout | tests/cards/growspace-manager-card.test.ts > GrowspaceManagerCard > is defined
[GrowspaceDataStore] Mounted - subscribers connected
stdout | tests/cards/growspace-manager-card.test.ts > GrowspaceManagerCard > is defined
[StrainAPI:fetchStrainLibrary] Fetching strain library via WebSocket API
stderr | tests/cards/growspace-manager-card.test.ts > GrowspaceManagerCard > is defined
Failed to fetch strain library for grid: [TypeError: Cannot read properties of undefined (reading 'connection')]
stdout | tests/cards/growspace-manager-card.test.ts > GrowspaceManagerCard > is defined
[LibraryActions] Fetching nutrient presets from server (Force: false)
stdout | tests/cards/growspace-analytics-card.test.ts > GrowspaceAnalyticsCard > initializes default growspace from config
[GrowspaceAPI] Returning cached data for __all__
stdout | tests/cards/growspace-manager-card.test.ts > GrowspaceManagerCard > is defined
[LibraryActions] Fetching IPM presets from server (Force: false)
stderr | tests/cards/growspace-manager-card.test.ts > GrowspaceManagerCard > is defined
Element growspace-manager-card scheduled an update (generally because a property was set) after an update completed, causing a new update to be scheduled. This is inefficient and should be avoided unless the next update can only be scheduled as a side effect of the previous update. See https://lit.dev/msg/change-in-update for more information.
stdout | tests/cards/growspace-analytics-card.test.ts > GrowspaceAnalyticsCard > throws error on invalid config
[GrowspaceAPI] Returning cached data for __all__
stdout | tests/cards/growspace-manager-card.test.ts > GrowspaceManagerCard > is defined
[MockHass] sendMessagePromise: {
  "growspace_id": undefined,
  "type": "growspace_manager/get_data",
}
stdout | tests/cards/growspace-analytics-card.test.ts > GrowspaceAnalyticsCard > renders error state when hass is missing
[GrowspaceAPI] Returning cached data for __all__
stderr | tests/cards/growspace-manager-card.test.ts > GrowspaceManagerCard > is defined
[GrowspaceAPI] API Validation Failed for Collection (All Data): {
  "_errors": [
    "Required"
  ]
}
stdout | tests/cards/growspace-analytics-card.test.ts > GrowspaceAnalyticsCard > provides fallback stub config
[GrowspaceAPI] Returning cached data for __all__
stdout | tests/cards/growspace-analytics-card.test.ts > GrowspaceAnalyticsCard > returns standard card size
[GrowspaceAPI] Returning cached data for __all__
stdout | tests/cards/growspace-analytics-card.test.ts > GrowspaceAnalyticsCard > calls store updateHass on updated
[GrowspaceAPI] Returning cached data for __all__
stdout | tests/cards/growspace-analytics-card.test.ts > GrowspaceAnalyticsCard > calls store updateHass on updated
[GrowspaceAPI] Returning cached data for __all__
stdout | tests/cards/growspace-manager-card.test.ts > GrowspaceManagerCard > renders error state when hass is missing
[LibraryActions] Fetching nutrient presets from server (Force: false)
stdout | tests/cards/growspace-manager-card.test.ts > GrowspaceManagerCard > renders error state when hass is missing
[MockHass] sendMessagePromise: {
  "type": "growspace_manager/get_nutrient_presets",
}
stdout | tests/cards/growspace-manager-card.test.ts > GrowspaceManagerCard > renders error state when hass is missing
[LibraryActions] Fetching IPM presets from server (Force: false)
stdout | tests/cards/growspace-manager-card.test.ts > GrowspaceManagerCard > renders error state when hass is missing
[MockHass] sendMessagePromise: {
  "type": "growspace_manager/get_ipm_presets",
}
stderr | tests/cards/growspace-analytics-card.test.ts > GrowspaceAnalyticsCard > calls store updateHass on updated
Element growspace-analytics-card scheduled an update (generally because a property was set) after an update completed, causing a new update to be scheduled. This is inefficient and should be avoided unless the next update can only be scheduled as a side effect of the previous update. See https://lit.dev/msg/change-in-update for more information.
stdout | tests/cards/growspace-analytics-card.test.ts > GrowspaceAnalyticsCard > disconnectedCallback destroys store
[GrowspaceAPI] Returning cached data for __all__
stdout | tests/cards/growspace-manager-card.test.ts > GrowspaceManagerCard > renders error state when hass is missing
[MockHass] sendMessagePromise: {
  "type": "growspace_manager/get_nutrient_inventory",
}
stderr | tests/cards/growspace-manager-card.test.ts > GrowspaceManagerCard > renders error state when hass is missing
[NutrientAPI] Nutrient Presets Validation Failed: {
  "_errors": [
    "Required",
  ],
}
stderr | tests/cards/growspace-manager-card.test.ts > GrowspaceManagerCard > renders error state when hass is missing
[NutrientAPI] IPM Presets Validation Failed: {
  "_errors": [
    "Required",
  ],
}
stderr | tests/cards/growspace-manager-card.test.ts > GrowspaceManagerCard > renders error state when hass is missing
[NutrientAPI] Nutrient Inventory Validation Failed: {
  "_errors": [
    "Required",
  ],
}
stdout | tests/cards/growspace-manager-card.test.ts > GrowspaceManagerCard > renders error state when hass is missing
[GrowspaceAPI] Returning cached data for __all__
stdout | tests/cards/growspace-manager-card.test.ts > GrowspaceManagerCard > renders error state when hass is missing
[LibraryActions] Fetching nutrient presets from server (Force: false)
stdout | tests/cards/growspace-manager-card.test.ts > GrowspaceManagerCard > renders error state when hass is missing
[MockHass] sendMessagePromise: {
  "type": "growspace_manager/get_nutrient_presets",
}
stdout | tests/cards/growspace-manager-card.test.ts > GrowspaceManagerCard > renders error state when hass is missing
[LibraryActions] Fetching IPM presets from server (Force: false)
stdout | tests/cards/growspace-manager-card.test.ts > GrowspaceManagerCard > renders error state when hass is missing
[MockHass] sendMessagePromise: {
  "type": "growspace_manager/get_ipm_presets",
}
stdout | tests/cards/growspace-manager-card.test.ts > GrowspaceManagerCard > renders error state when hass is missing
[MockHass] sendMessagePromise: {
  "type": "growspace_manager/get_nutrient_inventory",
}
stderr | tests/cards/growspace-manager-card.test.ts > GrowspaceManagerCard > renders error state when hass is missing
[NutrientAPI] Nutrient Presets Validation Failed: {
  "_errors": [
    "Required",
  ],
}
stderr | tests/cards/growspace-manager-card.test.ts > GrowspaceManagerCard > renders error state when hass is missing
[NutrientAPI] IPM Presets Validation Failed: {
  "_errors": [
    "Required",
  ],
}
stdout | tests/cards/growspace-analytics-card.test.ts > GrowspaceAnalyticsCard > stale counter triggers data refresh
[GrowspaceAPI] Returning cached data for __all__
stdout | tests/cards/growspace-analytics-card.test.ts > GrowspaceAnalyticsCard > stale counter triggers data refresh
[GrowspaceAPI] Returning cached data for __all__
stdout | tests/cards/growspace-analytics-card.test.ts > GrowspaceAnalyticsCard > stale counter triggers data refresh
[GrowspaceAPI] Returning cached data for __all__
stdout | tests/cards/growspace-analytics-card.test.ts > GrowspaceAnalyticsCard > stale counter triggers data refresh
[GrowspaceAPI] Returning cached data for __all__
stdout | tests/cards/growspace-analytics-card.test.ts > GrowspaceAnalyticsCard > stale counter triggers data refresh
[GrowspaceAPI] Returning cached data for __all__
stdout | tests/cards/growspace-analytics-card.test.ts > GrowspaceAnalyticsCard > stale counter triggers data refresh
[GrowspaceAPI] Returning cached data for __all__
stdout | tests/cards/growspace-analytics-card.test.ts > GrowspaceAnalyticsCard > stale counter triggers data refresh
[GrowspaceAPI] Returning cached data for __all__
stderr | tests/cards/growspace-manager-card.test.ts > GrowspaceManagerCard > renders error state when hass is missing
[NutrientAPI] Nutrient Inventory Validation Failed: {
  "_errors": [
    "Required",
  ],
}
stdout | tests/cards/growspace-manager-card.test.ts > GrowspaceManagerCard > throws error on invalid config
[LibraryActions] Fetching nutrient presets from server (Force: false)
stdout | tests/cards/growspace-manager-card.test.ts > GrowspaceManagerCard > throws error on invalid config
[MockHass] sendMessagePromise: {
  "type": "growspace_manager/get_nutrient_presets",
}
stdout | tests/cards/growspace-manager-card.test.ts > GrowspaceManagerCard > throws error on invalid config
[LibraryActions] Fetching IPM presets from server (Force: false)
stdout | tests/cards/growspace-manager-card.test.ts > GrowspaceManagerCard > throws error on invalid config
[MockHass] sendMessagePromise: {
  "type": "growspace_manager/get_ipm_presets",
}
stdout | tests/cards/growspace-manager-card.test.ts > GrowspaceManagerCard > throws error on invalid config
[MockHass] sendMessagePromise: {
  "type": "growspace_manager/get_nutrient_inventory",
}
stdout | tests/cards/growspace-analytics-card.test.ts > GrowspaceAnalyticsCard > stale counter triggers data refresh
[GrowspaceAPI] Returning cached data for __all__
stdout | tests/cards/growspace-analytics-card.test.ts > GrowspaceAnalyticsCard > stale counter triggers data refresh
[GrowspaceAPI] Returning cached data for __all__
stdout | tests/cards/growspace-analytics-card.test.ts > GrowspaceAnalyticsCard > stale counter triggers data refresh
[GrowspaceAPI] Returning cached data for __all__
stdout | tests/cards/growspace-analytics-card.test.ts > GrowspaceAnalyticsCard > renders loading state when store is loading
[GrowspaceAPI] Returning cached data for __all__
stderr | tests/cards/growspace-manager-card.test.ts > GrowspaceManagerCard > throws error on invalid config
[NutrientAPI] Nutrient Presets Validation Failed: {
  "_errors": [
    "Required",
  ],
}
stderr | tests/cards/growspace-manager-card.test.ts > GrowspaceManagerCard > throws error on invalid config
[NutrientAPI] IPM Presets Validation Failed: {
  "_errors": [
    "Required",
  ],
}
stderr | tests/cards/growspace-manager-card.test.ts > GrowspaceManagerCard > throws error on invalid config
[NutrientAPI] Nutrient Inventory Validation Failed: {
  "_errors": [
    "Required",
  ],
}
stdout | tests/cards/growspace-manager-card.test.ts > GrowspaceManagerCard > throws error on invalid config
[GrowspaceAPI] Returning cached data for __all__
stdout | tests/cards/growspace-analytics-card.test.ts > GrowspaceAnalyticsCard > renders no-data state when devices array is empty
[GrowspaceAPI] Returning cached data for __all__
stdout | tests/cards/growspace-manager-card.test.ts > GrowspaceManagerCard > selectedDevice comes from _viewController.grid
[LibraryActions] Fetching nutrient presets from server (Force: false)
stdout | tests/cards/growspace-manager-card.test.ts > GrowspaceManagerCard > selectedDevice comes from _viewController.grid
[MockHass] sendMessagePromise: {
  "type": "growspace_manager/get_nutrient_presets",
}
stdout | tests/cards/growspace-manager-card.test.ts > GrowspaceManagerCard > selectedDevice comes from _viewController.grid
[LibraryActions] Fetching IPM presets from server (Force: false)
stdout | tests/cards/growspace-manager-card.test.ts > GrowspaceManagerCard > selectedDevice comes from _viewController.grid
[MockHass] sendMessagePromise: {
  "type": "growspace_manager/get_ipm_presets",
}
stdout | tests/cards/growspace-manager-card.test.ts > GrowspaceManagerCard > selectedDevice comes from _viewController.grid
[MockHass] sendMessagePromise: {
  "type": "growspace_manager/get_nutrient_inventory",
}
stderr | tests/cards/growspace-manager-card.test.ts > GrowspaceManagerCard > selectedDevice comes from _viewController.grid
[NutrientAPI] Nutrient Presets Validation Failed: {
  "_errors": [
    "Required",
  ],
}
stderr | tests/cards/growspace-manager-card.test.ts > GrowspaceManagerCard > selectedDevice comes from _viewController.grid
[NutrientAPI] IPM Presets Validation Failed: {
  "_errors": [
    "Required",
  ],
}
stderr | tests/cards/growspace-manager-card.test.ts > GrowspaceManagerCard > selectedDevice comes from _viewController.grid
[NutrientAPI] Nutrient Inventory Validation Failed: {
  "_errors": [
    "Required",
  ],
}
stdout | tests/cards/growspace-manager-card.test.ts > GrowspaceManagerCard > selectedDevice comes from _viewController.grid
[GrowspaceAPI] Returning cached data for __all__
stdout | tests/cards/growspace-manager-card.test.ts > GrowspaceManagerCard > devices getter returns active (filtered) devices from _viewController.grid
[LibraryActions] Fetching nutrient presets from server (Force: false)
stdout | tests/cards/growspace-manager-card.test.ts > GrowspaceManagerCard > devices getter returns active (filtered) devices from _viewController.grid
[MockHass] sendMessagePromise: {
  "type": "growspace_manager/get_nutrient_presets",
}
stdout | tests/cards/growspace-manager-card.test.ts > GrowspaceManagerCard > devices getter returns active (filtered) devices from _viewController.grid
[LibraryActions] Fetching IPM presets from server (Force: false)
stdout | tests/cards/growspace-manager-card.test.ts > GrowspaceManagerCard > devices getter returns active (filtered) devices from _viewController.grid
[MockHass] sendMessagePromise: {
  "type": "growspace_manager/get_ipm_presets",
}
stdout | tests/cards/growspace-manager-card.test.ts > GrowspaceManagerCard > devices getter returns active (filtered) devices from _viewController.grid
[MockHass] sendMessagePromise: {
  "type": "growspace_manager/get_nutrient_inventory",
}
stderr | tests/cards/growspace-manager-card.test.ts > GrowspaceManagerCard > devices getter returns active (filtered) devices from _viewController.grid
[NutrientAPI] Nutrient Presets Validation Failed: {
  "_errors": [
    "Required",
  ],
}
stdout | tests/cards/growspace-analytics-card.test.ts > GrowspaceAnalyticsCard > renders error state when selected device is not found
[GrowspaceAPI] Returning cached data for __all__
stdout | tests/cards/growspace-analytics-card.test.ts > GrowspaceAnalyticsCard > renders analytics view when valid device selected
[GrowspaceAPI] Returning cached data for __all__
stderr | tests/cards/growspace-manager-card.test.ts > GrowspaceManagerCard > devices getter returns active (filtered) devices from _viewController.grid
[NutrientAPI] IPM Presets Validation Failed: {
  "_errors": [
    "Required",
  ],
}
stderr | tests/cards/growspace-manager-card.test.ts > GrowspaceManagerCard > devices getter returns active (filtered) devices from _viewController.grid
[NutrientAPI] Nutrient Inventory Validation Failed: {
  "_errors": [
    "Required",
  ],
}
stdout | tests/cards/growspace-manager-card.test.ts > GrowspaceManagerCard > devices getter returns active (filtered) devices from _viewController.grid
[GrowspaceAPI] Returning cached data for __all__
stdout | tests/cards/growspace-manager-card.test.ts > GrowspaceManagerCard > selectedCount uses selectedPlants from $cardViewState — no separate _selectedPlantsController
[LibraryActions] Fetching nutrient presets from server (Force: false)
stdout | tests/cards/growspace-manager-card.test.ts > GrowspaceManagerCard > selectedCount uses selectedPlants from $cardViewState — no separate _selectedPlantsController
[MockHass] sendMessagePromise: {
  "type": "growspace_manager/get_nutrient_presets",
}
stdout | tests/cards/growspace-manager-card.test.ts > GrowspaceManagerCard > selectedCount uses selectedPlants from $cardViewState — no separate _selectedPlantsController
[LibraryActions] Fetching IPM presets from server (Force: false)
stdout | tests/cards/growspace-analytics-card.test.ts > GrowspaceAnalyticsCard > calls system_log/write on handle error
[GrowspaceAPI] Returning cached data for __all__
stderr | tests/cards/growspace-analytics-card.test.ts > GrowspaceAnalyticsCard > calls system_log/write on handle error
Growspace Analytics Card caught error: [Error: Analytics Error] {
  "componentStack": "Mock",
}
stdout | tests/cards/growspace-analytics-card.test.ts > GrowspaceAnalyticsCard > calls system_log/write on handle error
[MockHass] Service Called: system_log.write {
  "level": "error",
  "logger": "lovelace_growspace_manager_card",
  "message": "Growspace Analytics Card Error: Analytics Error",
}
stdout | tests/cards/growspace-manager-card.test.ts > GrowspaceManagerCard > selectedCount uses selectedPlants from $cardViewState — no separate _selectedPlantsController
[MockHass] sendMessagePromise: {
  "type": "growspace_manager/get_ipm_presets",
}
stdout | tests/cards/growspace-manager-card.test.ts > GrowspaceManagerCard > selectedCount uses selectedPlants from $cardViewState — no separate _selectedPlantsController
[MockHass] sendMessagePromise: {
  "type": "growspace_manager/get_nutrient_inventory",
}
stderr | tests/cards/growspace-manager-card.test.ts > GrowspaceManagerCard > selectedCount uses selectedPlants from $cardViewState — no separate _selectedPlantsController
[NutrientAPI] Nutrient Presets Validation Failed: {
  "_errors": [
    "Required",
  ],
}
stderr | tests/cards/growspace-manager-card.test.ts > GrowspaceManagerCard > selectedCount uses selectedPlants from $cardViewState — no separate _selectedPlantsController
[NutrientAPI] IPM Presets Validation Failed: {
  "_errors": [
    "Required",
  ],
}
stderr | tests/cards/growspace-manager-card.test.ts > GrowspaceManagerCard > selectedCount uses selectedPlants from $cardViewState — no separate _selectedPlantsController
[NutrientAPI] Nutrient Inventory Validation Failed: {
  "_errors": [
    "Required",
  ],
}
stdout | tests/cards/growspace-manager-card.test.ts > GrowspaceManagerCard > selectedCount uses selectedPlants from $cardViewState — no separate _selectedPlantsController
[GrowspaceAPI] Returning cached data for __all__
stdout | tests/cards/growspace-manager-card.test.ts > GrowspaceManagerCard > sets view mode from config on setConfig
[LibraryActions] Fetching nutrient presets from server (Force: false)
stdout | tests/cards/growspace-manager-card.test.ts > GrowspaceManagerCard > sets view mode from config on setConfig
[MockHass] sendMessagePromise: {
  "type": "growspace_manager/get_nutrient_presets",
}
stdout | tests/cards/growspace-analytics-card.test.ts > GrowspaceAnalyticsCard > gets config element correctly
[GrowspaceAPI] Returning cached data for __all__
stdout | tests/cards/growspace-manager-card.test.ts > GrowspaceManagerCard > sets view mode from config on setConfig
[LibraryActions] Fetching IPM presets from server (Force: false)
stdout | tests/cards/growspace-manager-card.test.ts > GrowspaceManagerCard > sets view mode from config on setConfig
[MockHass] sendMessagePromise: {
  "type": "growspace_manager/get_ipm_presets",
}
stdout | tests/cards/growspace-manager-card.test.ts > GrowspaceManagerCard > sets view mode from config on setConfig
[MockHass] sendMessagePromise: {
  "type": "growspace_manager/get_nutrient_inventory",
}
stderr | tests/cards/growspace-manager-card.test.ts > GrowspaceManagerCard > sets view mode from config on setConfig
[NutrientAPI] Nutrient Presets Validation Failed: {
  "_errors": [
    "Required",
  ],
}
stderr | tests/cards/growspace-manager-card.test.ts > GrowspaceManagerCard > sets view mode from config on setConfig
[NutrientAPI] IPM Presets Validation Failed: {
  "_errors": [
    "Required",
  ],
}
stderr | tests/cards/growspace-manager-card.test.ts > GrowspaceManagerCard > sets view mode from config on setConfig
[NutrientAPI] Nutrient Inventory Validation Failed: {
  "_errors": [
    "Required",
  ],
}
stdout | tests/cards/growspace-manager-card.test.ts > GrowspaceManagerCard > sets view mode from config on setConfig
[GrowspaceAPI] Returning cached data for __all__
stdout | tests/cards/growspace-manager-card.test.ts > GrowspaceManagerCard > _handleToggleExpansion switches from header view to standard view
[LibraryActions] Fetching nutrient presets from server (Force: false)
stdout | tests/cards/growspace-manager-card.test.ts > GrowspaceManagerCard > _handleToggleExpansion switches from header view to standard view
[MockHass] sendMessagePromise: {
  "type": "growspace_manager/get_nutrient_presets",
}
stdout | tests/cards/growspace-manager-card.test.ts > GrowspaceManagerCard > _handleToggleExpansion switches from header view to standard view
[LibraryActions] Fetching IPM presets from server (Force: false)
stdout | tests/cards/growspace-manager-card.test.ts > GrowspaceManagerCard > _handleToggleExpansion switches from header view to standard view
[MockHass] sendMessagePromise: {
  "type": "growspace_manager/get_ipm_presets",
}
stdout | tests/cards/growspace-manager-card.test.ts > GrowspaceManagerCard > _handleToggleExpansion switches from header view to standard view
[MockHass] sendMessagePromise: {
  "type": "growspace_manager/get_nutrient_inventory",
}
stderr | tests/cards/growspace-manager-card.test.ts > GrowspaceManagerCard > _handleToggleExpansion switches from header view to standard view
[NutrientAPI] Nutrient Presets Validation Failed: {
  "_errors": [
    "Required",
  ],
}
stderr | tests/cards/growspace-manager-card.test.ts > GrowspaceManagerCard > _handleToggleExpansion switches from header view to standard view
[NutrientAPI] IPM Presets Validation Failed: {
  "_errors": [
    "Required",
  ],
}
stderr | tests/cards/growspace-manager-card.test.ts > GrowspaceManagerCard > _handleToggleExpansion switches from header view to standard view
[NutrientAPI] Nutrient Inventory Validation Failed: {
  "_errors": [
    "Required",
  ],
}
stdout | tests/cards/growspace-manager-card.test.ts > GrowspaceManagerCard > _handleToggleExpansion switches from header view to standard view
[GrowspaceAPI] Returning cached data for __all__
stdout | tests/cards/growspace-manager-card.test.ts > GrowspaceManagerCard > _handleToggleExpansion switches from standard view to header view
[LibraryActions] Fetching nutrient presets from server (Force: false)
stdout | tests/cards/growspace-manager-card.test.ts > GrowspaceManagerCard > _handleToggleExpansion switches from standard view to header view
[MockHass] sendMessagePromise: {
  "type": "growspace_manager/get_nutrient_presets",
}
stdout | tests/cards/growspace-manager-card.test.ts > GrowspaceManagerCard > _handleToggleExpansion switches from standard view to header view
[LibraryActions] Fetching IPM presets from server (Force: false)
stdout | tests/cards/growspace-manager-card.test.ts > GrowspaceManagerCard > _handleToggleExpansion switches from standard view to header view
[MockHass] sendMessagePromise: {
  "type": "growspace_manager/get_ipm_presets",
}
stdout | tests/cards/growspace-manager-card.test.ts > GrowspaceManagerCard > _handleToggleExpansion switches from standard view to header view
[MockHass] sendMessagePromise: {
  "type": "growspace_manager/get_nutrient_inventory",
}
stderr | tests/cards/growspace-manager-card.test.ts > GrowspaceManagerCard > _handleToggleExpansion switches from standard view to header view
[NutrientAPI] Nutrient Presets Validation Failed: {
  "_errors": [
    "Required",
  ],
}
stderr | tests/cards/growspace-manager-card.test.ts > GrowspaceManagerCard > _handleToggleExpansion switches from standard view to header view
[NutrientAPI] IPM Presets Validation Failed: {
  "_errors": [
    "Required",
  ],
}
stderr | tests/cards/growspace-manager-card.test.ts > GrowspaceManagerCard > _handleToggleExpansion switches from standard view to header view
[NutrientAPI] Nutrient Inventory Validation Failed: {
  "_errors": [
    "Required",
  ],
}
stdout | tests/cards/growspace-manager-card.test.ts > GrowspaceManagerCard > _handleToggleExpansion switches from standard view to header view
[GrowspaceAPI] Returning cached data for __all__
stdout | tests/cards/growspace-manager-card.test.ts > GrowspaceManagerCard > expand button: view mode stays standard after user switches from compact, even when setConfig is called again
[LibraryActions] Fetching nutrient presets from server (Force: false)
stdout | tests/cards/growspace-manager-card.test.ts > GrowspaceManagerCard > expand button: view mode stays standard after user switches from compact, even when setConfig is called again
[MockHass] sendMessagePromise: {
  "type": "growspace_manager/get_nutrient_presets",
}
stdout | tests/cards/growspace-manager-card.test.ts > GrowspaceManagerCard > expand button: view mode stays standard after user switches from compact, even when setConfig is called again
[LibraryActions] Fetching IPM presets from server (Force: false)
stdout | tests/cards/growspace-manager-card.test.ts > GrowspaceManagerCard > expand button: view mode stays standard after user switches from compact, even when setConfig is called again
[MockHass] sendMessagePromise: {
  "type": "growspace_manager/get_ipm_presets",
}
stdout | tests/cards/growspace-manager-card.test.ts > GrowspaceManagerCard > expand button: view mode stays standard after user switches from compact, even when setConfig is called again
[MockHass] sendMessagePromise: {
  "type": "growspace_manager/get_nutrient_inventory",
}
stderr | tests/cards/growspace-manager-card.test.ts > GrowspaceManagerCard > expand button: view mode stays standard after user switches from compact, even when setConfig is called again
[NutrientAPI] Nutrient Presets Validation Failed: {
  "_errors": [
    "Required",
  ],
}
stderr | tests/cards/growspace-manager-card.test.ts > GrowspaceManagerCard > expand button: view mode stays standard after user switches from compact, even when setConfig is called again
[NutrientAPI] IPM Presets Validation Failed: {
  "_errors": [
    "Required",
  ],
}
stderr | tests/cards/growspace-manager-card.test.ts > GrowspaceManagerCard > expand button: view mode stays standard after user switches from compact, even when setConfig is called again
[NutrientAPI] Nutrient Inventory Validation Failed: {
  "_errors": [
    "Required",
  ],
}
stdout | tests/cards/growspace-manager-card.test.ts > GrowspaceManagerCard > expand button: view mode stays standard after user switches from compact, even when setConfig is called again
[GrowspaceAPI] Returning cached data for __all__
stdout | tests/cards/growspace-manager-card.test.ts > GrowspaceManagerCard > initial_view_mode is applied on first setConfig but ignored on subsequent calls
[LibraryActions] Fetching nutrient presets from server (Force: false)
stdout | tests/cards/growspace-manager-card.test.ts > GrowspaceManagerCard > initial_view_mode is applied on first setConfig but ignored on subsequent calls
[MockHass] sendMessagePromise: {
  "type": "growspace_manager/get_nutrient_presets",
}
stdout | tests/cards/growspace-manager-card.test.ts > GrowspaceManagerCard > initial_view_mode is applied on first setConfig but ignored on subsequent calls
[LibraryActions] Fetching IPM presets from server (Force: false)
stdout | tests/cards/growspace-manager-card.test.ts > GrowspaceManagerCard > initial_view_mode is applied on first setConfig but ignored on subsequent calls
[MockHass] sendMessagePromise: {
  "type": "growspace_manager/get_ipm_presets",
}
stdout | tests/cards/growspace-manager-card.test.ts > GrowspaceManagerCard > initial_view_mode is applied on first setConfig but ignored on subsequent calls
[MockHass] sendMessagePromise: {
  "type": "growspace_manager/get_nutrient_inventory",
}
stderr | tests/cards/growspace-manager-card.test.ts > GrowspaceManagerCard > initial_view_mode is applied on first setConfig but ignored on subsequent calls
[NutrientAPI] Nutrient Presets Validation Failed: {
  "_errors": [
    "Required",
  ],
}
stderr | tests/cards/growspace-manager-card.test.ts > GrowspaceManagerCard > initial_view_mode is applied on first setConfig but ignored on subsequent calls
[NutrientAPI] IPM Presets Validation Failed: {
  "_errors": [
    "Required",
  ],
}
stderr | tests/cards/growspace-manager-card.test.ts > GrowspaceManagerCard > initial_view_mode is applied on first setConfig but ignored on subsequent calls
[NutrientAPI] Nutrient Inventory Validation Failed: {
  "_errors": [
    "Required",
  ],
}
stdout | tests/cards/growspace-manager-card.test.ts > GrowspaceManagerCard > initial_view_mode is applied on first setConfig but ignored on subsequent calls
[GrowspaceAPI] Returning cached data for __all__
stdout | tests/cards/growspace-manager-card.test.ts > GrowspaceManagerCard > matches visual snapshot
[LibraryActions] Fetching nutrient presets from server (Force: false)
stdout | tests/cards/growspace-manager-card.test.ts > GrowspaceManagerCard > matches visual snapshot
[MockHass] sendMessagePromise: {
  "type": "growspace_manager/get_nutrient_presets",
}
stdout | tests/cards/growspace-manager-card.test.ts > GrowspaceManagerCard > matches visual snapshot
[LibraryActions] Fetching IPM presets from server (Force: false)
stdout | tests/cards/growspace-manager-card.test.ts > GrowspaceManagerCard > matches visual snapshot
[MockHass] sendMessagePromise: {
  "type": "growspace_manager/get_ipm_presets",
}
stdout | tests/cards/growspace-manager-card.test.ts > GrowspaceManagerCard > matches visual snapshot
[MockHass] sendMessagePromise: {
  "type": "growspace_manager/get_nutrient_inventory",
}
stderr | tests/cards/growspace-manager-card.test.ts > GrowspaceManagerCard > matches visual snapshot
[NutrientAPI] Nutrient Presets Validation Failed: {
  "_errors": [
    "Required",
  ],
}
stderr | tests/cards/growspace-manager-card.test.ts > GrowspaceManagerCard > matches visual snapshot
[NutrientAPI] IPM Presets Validation Failed: {
  "_errors": [
    "Required",
  ],
}
stderr | tests/cards/growspace-manager-card.test.ts > GrowspaceManagerCard > matches visual snapshot
[NutrientAPI] Nutrient Inventory Validation Failed: {
  "_errors": [
    "Required",
  ],
}
stdout | tests/cards/growspace-manager-card.test.ts > GrowspaceManagerCard > matches visual snapshot
[GrowspaceAPI] Returning cached data for __all__
 ✓ |chromium| tests/unit/components/plant/plant-timeline.spec.ts (49 tests) 262ms
stdout | tests/cards/growspace-analytics-card.test.ts > GrowspaceAnalyticsCard > matches visual snapshot
[GrowspaceAPI] Returning cached data for __all__
stderr | unknown test
Lit is in dev mode. Not recommended for production! See https://lit.dev/msg/dev-mode for more information.
stdout | tests/cards/growspace-logbook-card.test.ts > GrowspaceLogbookCard > is defined
[GrowspaceDataStore] Mounted - subscribers connected
stdout | tests/cards/growspace-logbook-card.test.ts > GrowspaceLogbookCard > is defined
[MockHass] sendMessagePromise: {
  "growspace_id": undefined,
  "type": "growspace_manager/get_data",
}
stderr | tests/cards/growspace-logbook-card.test.ts > GrowspaceLogbookCard > is defined
[GrowspaceAPI] API Validation Failed for Collection (All Data): {
  "_errors": [
    "Required"
  ]
}
stderr | unknown test
Lit is in dev mode. Not recommended for production! See https://lit.dev/msg/dev-mode for more information.
stdout | tests/cards/growspace-logbook-card.test.ts > GrowspaceLogbookCard > initializes default growspace from config
[GrowspaceAPI] Returning cached data for __all__
stdout | tests/cards/growspace-logbook-card.test.ts > GrowspaceLogbookCard > throws error on invalid config
[GrowspaceAPI] Returning cached data for __all__
stdout | tests/cards/growspace-logbook-card.test.ts > GrowspaceLogbookCard > renders nothing when hass is missing
[GrowspaceAPI] Returning cached data for __all__
stdout | tests/cards/growspace-logbook-card.test.ts > GrowspaceLogbookCard > provides fallback stub config
[GrowspaceAPI] Returning cached data for __all__
stdout | tests/cards/growspace-logbook-card.test.ts > GrowspaceLogbookCard > returns standard card size
[GrowspaceAPI] Returning cached data for __all__
stdout | tests/cards/growspace-logbook-card.test.ts > GrowspaceLogbookCard > calls store updateHass on updated
[GrowspaceAPI] Returning cached data for __all__
stdout | tests/cards/growspace-logbook-card.test.ts > GrowspaceLogbookCard > calls store updateHass on updated
[GrowspaceAPI] Returning cached data for __all__
stderr | tests/cards/growspace-logbook-card.test.ts > GrowspaceLogbookCard > calls store updateHass on updated
Element growspace-logbook-card scheduled an update (generally because a property was set) after an update completed, causing a new update to be scheduled. This is inefficient and should be avoided unless the next update can only be scheduled as a side effect of the previous update. See https://lit.dev/msg/change-in-update for more information.
stdout | tests/cards/growspace-logbook-card.test.ts > GrowspaceLogbookCard > disconnectedCallback destroys store
[GrowspaceAPI] Returning cached data for __all__
stdout | tests/cards/growspace-logbook-card.test.ts > GrowspaceLogbookCard > renders loading state when store is loading
[GrowspaceAPI] Returning cached data for __all__
stdout | tests/cards/growspace-logbook-card.test.ts > GrowspaceLogbookCard > renders error state when selected device is not found
[GrowspaceAPI] Returning cached data for __all__
stdout | tests/cards/growspace-logbook-card.test.ts > GrowspaceLogbookCard > renders logbook card with tab bar when valid device selected
[GrowspaceAPI] Returning cached data for __all__
stderr | unknown test
Lit is in dev mode. Not recommended for production! See https://lit.dev/msg/dev-mode for more information.
stdout | tests/cards/growspace-logbook-card.test.ts > GrowspaceLogbookCard > respects default_view: timeline config
[GrowspaceAPI] Returning cached data for __all__
stdout | tests/cards/growspace-logbook-card.test.ts > GrowspaceLogbookCard > tab click switches active view
[GrowspaceAPI] Returning cached data for __all__
stdout | tests/cards/growspace-logbook-card.test.ts > GrowspaceLogbookCard > gets config element correctly
[GrowspaceAPI] Returning cached data for __all__
stdout | tests/cards/growspace-logbook-card.test.ts > GrowspaceLogbookCard > matches visual snapshot
[GrowspaceAPI] Returning cached data for __all__
stderr | unknown test
Lit is in dev mode. Not recommended for production! See https://lit.dev/msg/dev-mode for more information.
stderr | tests/unit/components/ui/growspace-logbook.spec.ts > GrowspaceLogbook > should handle fetch error and reset loading state
Error fetching growspace events: [Error: Fetch failed]
stderr | tests/unit/components/ui/growspace-logbook.spec.ts > GrowspaceLogbook > should handle fetch error and reset loading state
Error fetching logbook events: [Error: Fetch failed]
stdout | tests/unit/growspace-store.spec.ts > GrowspaceStore > Undo Support in Actions > should push undo action when reordering plants (drag-drop)
handlePlantDrop: {
  "growspaceId": "d1",
  "sourceId": "p1",
  "targetId": "",
}
stdout | tests/unit/growspace-store.spec.ts > GrowspaceStore > Undo Support in Actions > should push undo action when swapping plants (drag-drop)
handlePlantDrop: {
  "growspaceId": "d1",
  "sourceId": "p1",
  "targetId": "p2",
}
stdout | tests/unit/growspace-store.spec.ts > GrowspaceStore > Preset Fetching > should handle fetchNutrientPresets success and caching
[LibraryActions] Fetching nutrient presets from server (Force: false)
stdout | tests/unit/growspace-store.spec.ts > GrowspaceStore > Preset Fetching > should use valid cache for nutrient presets
[LibraryActions] Using cached nutrient presets (Age: 0ms)
stdout | tests/unit/growspace-store.spec.ts > GrowspaceStore > Preset Fetching > should ignore expired cache
[LibraryActions] Fetching nutrient presets from server (Force: false)
stderr | tests/unit/growspace-store.spec.ts > GrowspaceStore > Preset Fetching > should handle corrupt cache
[LibraryActions] Failed to parse cached nutrient presets [SyntaxError: Unexpected token 'i', "invalid json" is not valid JSON]
stdout | tests/unit/growspace-store.spec.ts > GrowspaceStore > Preset Fetching > should handle corrupt cache
[LibraryActions] Fetching nutrient presets from server (Force: false)
stdout | tests/unit/growspace-store.spec.ts > GrowspaceStore > Preset Fetching > should handle fetch error
[LibraryActions] Fetching nutrient presets from server (Force: true)
stdout | tests/unit/growspace-store.spec.ts > GrowspaceStore > Preset Fetching > should fetch IPM presets with similar logic
[LibraryActions] Fetching IPM presets from server (Force: false)
stdout | tests/unit/growspace-store.spec.ts > GrowspaceStore > Preset Fetching > should handle IPM fetch error
[LibraryActions] Fetching IPM presets from server (Force: true)
stderr | tests/unit/growspace-store.spec.ts > GrowspaceStore > Ultimate Coverage Gap Fillers > should handle fetchIPMPresets corrupt cache
[LibraryActions] Failed to parse cached IPM presets [SyntaxError: Unexpected token 'i', "invalid json" is not valid JSON]
stdout | tests/unit/growspace-store.spec.ts > GrowspaceStore > Ultimate Coverage Gap Fillers > should handle fetchIPMPresets corrupt cache
[LibraryActions] Fetching IPM presets from server (Force: false)
stderr | tests/unit/growspace-store.spec.ts > GrowspaceStore > Ultimate Coverage Gap Fillers > Coverage Improvements > should handle fetchStrainLibrary cache (invalid/missing timestamp)
Failed to parse cached strain library [SyntaxError: Unexpected token 'i', "invalid {" is not valid JSON]
stdout | tests/unit/growspace-store.spec.ts > GrowspaceStore > Ultimate Coverage Gap Fillers > Coverage Improvements > should openIPMDialog with no context
[LibraryActions] Fetching IPM presets from server (Force: false)
 ✓ |chromium| tests/unit/growspace-store.spec.ts (225 tests) 4252ms
       ✓ should move Flower -> Dry  501ms
       ✓ should move Mother -> Clone  501ms
       ✓ should handle move plant  501ms
       ✓ should call harvest wrappers  1004ms
       ✓ should move clone using moveClone service  501ms
       ✓ should push undo action when moving plant  1001ms
 ✓ |chromium| tests/unit/components/ui/vpd-heatmap.spec.ts (21 tests) 206ms
 ✓ |chromium| tests/unit/components/ui/growspace-logbook.spec.ts (38 tests) 394ms
 ❯ |chromium| tests/cards/growspace-manager-card.test.ts (12 tests | 1 failed) 626ms
     ✓ is defined 22ms
     ✓ renders error state when hass is missing 9ms
     ✓ throws error on invalid config 5ms
     ✓ selectedDevice comes from _viewController.grid 4ms
     ✓ devices getter returns active (filtered) devices from _viewController.grid 4ms
     ✓ selectedCount uses selectedPlants from $cardViewState — no separate _selectedPlantsController 3ms
     ✓ sets view mode from config on setConfig 4ms
     ✓ _handleToggleExpansion switches from header view to standard view 3ms
     ✓ _handleToggleExpansion switches from standard view to header view 3ms
     ✓ expand button: view mode stays standard after user switches from compact, even when setConfig is called again 9ms
     ✓ initial_view_mode is applied on first setConfig but ignored on subsequent calls 3ms
     × matches visual snapshot 557ms
stdout | tests/cards/growspace-grid-card.test.ts > GrowspaceGridCard > is defined
[GrowspaceDataStore] Mounted - subscribers connected
stdout | tests/cards/growspace-grid-card.test.ts > GrowspaceGridCard > is defined
[MockHass] sendMessagePromise: {
  "growspace_id": undefined,
  "type": "growspace_manager/get_data",
}
 ✓ |chromium| tests/unit/dialogs/irrigation-dialog-extra.spec.ts (70 tests) 433ms
stderr | tests/cards/growspace-grid-card.test.ts > GrowspaceGridCard > is defined
[GrowspaceAPI] API Validation Failed for Collection (All Data): {
  "_errors": [
    "Required"
  ]
}
stdout | tests/cards/growspace-grid-card.test.ts > GrowspaceGridCard > forces compact mode and standard view on config set
[GrowspaceAPI] Returning cached data for __all__
stdout | tests/cards/growspace-grid-card.test.ts > GrowspaceGridCard > throws error on invalid config
[GrowspaceAPI] Returning cached data for __all__
stdout | tests/cards/growspace-grid-card.test.ts > GrowspaceGridCard > renders error state when hass is missing
[GrowspaceAPI] Returning cached data for __all__
stdout | tests/cards/growspace-grid-card.test.ts > GrowspaceGridCard > provides fallback stub config
[GrowspaceAPI] Returning cached data for __all__
stdout | tests/cards/growspace-grid-card.test.ts > GrowspaceGridCard > returns standard card size
[GrowspaceAPI] Returning cached data for __all__
stdout | tests/cards/growspace-grid-card.test.ts > GrowspaceGridCard > calls store updateHass on updated
[GrowspaceAPI] Returning cached data for __all__
stdout | tests/cards/growspace-grid-card.test.ts > GrowspaceGridCard > calls store updateHass on updated
[GrowspaceAPI] Returning cached data for __all__
stderr | tests/cards/growspace-grid-card.test.ts > GrowspaceGridCard > calls store updateHass on updated
Element growspace-grid-card scheduled an update (generally because a property was set) after an update completed, causing a new update to be scheduled. This is inefficient and should be avoided unless the next update can only be scheduled as a side effect of the previous update. See https://lit.dev/msg/change-in-update for more information.
stdout | tests/cards/growspace-grid-card.test.ts > GrowspaceGridCard > disconnectedCallback destroys store
[GrowspaceAPI] Returning cached data for __all__
stdout | tests/cards/growspace-grid-card.test.ts > GrowspaceGridCard > stale counter triggers data refresh
[GrowspaceAPI] Returning cached data for __all__
stdout | tests/cards/growspace-grid-card.test.ts > GrowspaceGridCard > stale counter triggers data refresh
[GrowspaceAPI] Returning cached data for __all__
stdout | tests/cards/growspace-grid-card.test.ts > GrowspaceGridCard > stale counter triggers data refresh
[GrowspaceAPI] Returning cached data for __all__
stdout | tests/cards/growspace-grid-card.test.ts > GrowspaceGridCard > stale counter triggers data refresh
[GrowspaceAPI] Returning cached data for __all__
stdout | tests/cards/growspace-grid-card.test.ts > GrowspaceGridCard > stale counter triggers data refresh
[GrowspaceAPI] Returning cached data for __all__
stdout | tests/cards/growspace-grid-card.test.ts > GrowspaceGridCard > stale counter triggers data refresh
[GrowspaceAPI] Returning cached data for __all__
stdout | tests/cards/growspace-grid-card.test.ts > GrowspaceGridCard > stale counter triggers data refresh
[GrowspaceAPI] Returning cached data for __all__
stdout | tests/cards/growspace-grid-card.test.ts > GrowspaceGridCard > stale counter triggers data refresh
[GrowspaceAPI] Returning cached data for __all__
stdout | tests/cards/growspace-grid-card.test.ts > GrowspaceGridCard > stale counter triggers data refresh
[GrowspaceAPI] Returning cached data for __all__
stdout | tests/cards/growspace-grid-card.test.ts > GrowspaceGridCard > stale counter triggers data refresh
[GrowspaceAPI] Returning cached data for __all__
stdout | tests/cards/growspace-grid-card.test.ts > GrowspaceGridCard > event handlers trigger store actions
[GrowspaceAPI] Returning cached data for __all__
stdout | tests/cards/growspace-grid-card.test.ts > GrowspaceGridCard > event handlers trigger store actions
[LibraryActions] Fetching IPM presets from server (Force: false)
stdout | tests/cards/growspace-grid-card.test.ts > GrowspaceGridCard > event handlers trigger store actions
[MockHass] sendMessagePromise: {
  "type": "growspace_manager/get_ipm_presets",
}
stderr | tests/cards/growspace-grid-card.test.ts > GrowspaceGridCard > event handlers trigger store actions
[NutrientAPI] IPM Presets Validation Failed: {
  "_errors": [
    "Required",
  ],
}
stdout | tests/cards/growspace-grid-card.test.ts > GrowspaceGridCard > renders loading state when store is loading
[GrowspaceAPI] Returning cached data for __all__
stdout | tests/cards/growspace-grid-card.test.ts > GrowspaceGridCard > renders no-data state when devices array is empty
[GrowspaceAPI] Returning cached data for __all__
stdout | tests/cards/growspace-grid-card.test.ts > GrowspaceGridCard > renders error state when selected device is not found
[GrowspaceAPI] Returning cached data for __all__
stdout | tests/cards/growspace-grid-card.test.ts > GrowspaceGridCard > renders grid view and handles all mapped UI events
[GrowspaceAPI] Returning cached data for __all__
stdout | tests/cards/growspace-grid-card.test.ts > GrowspaceGridCard > calls system_log/write on handle error
[GrowspaceAPI] Returning cached data for __all__
stderr | tests/cards/growspace-grid-card.test.ts > GrowspaceGridCard > calls system_log/write on handle error
Growspace Grid Card caught error: [Error: Test Error] {
  "componentStack": "Mock",
}
stdout | tests/cards/growspace-grid-card.test.ts > GrowspaceGridCard > calls system_log/write on handle error
[MockHass] Service Called: system_log.write {
  "level": "error",
  "logger": "lovelace_growspace_manager_card",
  "message": "Growspace Grid Card Error: Test Error",
}
stdout | tests/cards/growspace-grid-card.test.ts > GrowspaceGridCard > gets config element correctly
[GrowspaceAPI] Returning cached data for __all__
stderr | unknown test
Lit is in dev mode. Not recommended for production! See https://lit.dev/msg/dev-mode for more information.
stdout | tests/cards/growspace-grid-card.test.ts > GrowspaceGridCard > matches visual snapshot
[GrowspaceAPI] Returning cached data for __all__
stderr | tests/unit/utils/three/renderers/plant-renderer.spec.ts > PlantRenderer > should handle extractStrainColors failure
[vitest] The vi.fn() mock did not use 'function' or 'class' in its implementation, see https://vitest.dev/api/vi#vi-spyon for examples.
stderr | tests/unit/growspace-manager-card.spec.ts > GrowspaceManagerCard > Lifecycle & Rendering > should add/remove event listeners
Element growspace-manager-card scheduled an update (generally because a property was set) after an update completed, causing a new update to be scheduled. This is inefficient and should be avoided unless the next update can only be scheduled as a side effect of the previous update. See https://lit.dev/msg/change-in-update for more information.
stdout | tests/unit/growspace-manager-card.spec.ts > GrowspaceManagerCard > Deep Linking > should handle deep link on firstUpdated
[GrowspaceCard] Deep link detected for plant: p1
 ✓ |chromium| tests/unit/growspace-manager-card.spec.ts (35 tests) 199ms
stderr | unknown test
Lit is in dev mode. Not recommended for production! See https://lit.dev/msg/dev-mode for more information.
stdout | tests/unit/dialogs/add-plant-dialog.spec.ts > AddPlantDialog > should render content when open
[AddPlantDialog] render called, open: false strains: 0
stdout | tests/unit/dialogs/add-plant-dialog.spec.ts > AddPlantDialog > should render content when open
[AddPlantDialog] render called, open: true strains: 3
stdout | tests/unit/dialogs/add-plant-dialog.spec.ts > AddPlantDialog > should render nothing when closed
[AddPlantDialog] render called, open: false strains: 0
stdout | tests/unit/dialogs/add-plant-dialog.spec.ts > AddPlantDialog > should render nothing when closed
[AddPlantDialog] render called, open: true strains: 3
stdout | tests/unit/dialogs/add-plant-dialog.spec.ts > AddPlantDialog > should render nothing when closed
[AddPlantDialog] render called, open: false strains: 3
stdout | tests/unit/dialogs/add-plant-dialog.spec.ts > AddPlantDialog > should show strain typeahead on step 1
[AddPlantDialog] render called, open: false strains: 0
stdout | tests/unit/dialogs/add-plant-dialog.spec.ts > AddPlantDialog > should show strain typeahead on step 1
[AddPlantDialog] render called, open: true strains: 3
stdout | tests/unit/dialogs/add-plant-dialog.spec.ts > AddPlantDialog > should populate phenotype suggestions when strain is selected
[AddPlantDialog] render called, open: false strains: 0
stdout | tests/unit/dialogs/add-plant-dialog.spec.ts > AddPlantDialog > should populate phenotype suggestions when strain is selected
[AddPlantDialog] render called, open: true strains: 3
stdout | tests/unit/dialogs/add-plant-dialog.spec.ts > AddPlantDialog > should populate phenotype suggestions when strain is selected
[AddPlantDialog] render called, open: true strains: 3
stdout | tests/unit/dialogs/add-plant-dialog.spec.ts > AddPlantDialog > should set initial state
[AddPlantDialog] render called, open: false strains: 0
stdout | tests/unit/dialogs/add-plant-dialog.spec.ts > AddPlantDialog > should set initial state
[AddPlantDialog] render called, open: true strains: 3
stdout | tests/unit/dialogs/add-plant-dialog.spec.ts > AddPlantDialog > should set initial state
[AddPlantDialog] render called, open: true strains: 3
 ✓ |chromium| tests/unit/utils/three/renderers/plant-renderer.spec.ts (23 tests) 494ms
stderr | unknown test
Lit is in dev mode. Not recommended for production! See https://lit.dev/msg/dev-mode for more information.
stdout | tests/unit/dialogs/add-plant-dialog.spec.ts > AddPlantDialog > Timeline Variations > should show veg/flower inputs for standard growspace
[AddPlantDialog] render called, open: false strains: 0
stdout | tests/unit/dialogs/add-plant-dialog.spec.ts > AddPlantDialog > Timeline Variations > should show veg/flower inputs for standard growspace
[AddPlantDialog] render called, open: true strains: 3
stdout | tests/unit/dialogs/add-plant-dialog.spec.ts > AddPlantDialog > Timeline Variations > should show veg/flower inputs for standard growspace
[AddPlantDialog] render called, open: true strains: 3
stdout | tests/unit/dialogs/add-plant-dialog.spec.ts > AddPlantDialog > Timeline Variations > should show veg/flower inputs for standard growspace
[AddPlantDialog] render called, open: true strains: 3
stdout | tests/unit/dialogs/add-plant-dialog.spec.ts > AddPlantDialog > Timeline Variations > should show mother input for mother growspace and handle change
[AddPlantDialog] render called, open: false strains: 0
stdout | tests/unit/dialogs/add-plant-dialog.spec.ts > AddPlantDialog > Timeline Variations > should show mother input for mother growspace and handle change
[AddPlantDialog] render called, open: true strains: 3
stdout | tests/unit/dialogs/add-plant-dialog.spec.ts > AddPlantDialog > Timeline Variations > should show mother input for mother growspace and handle change
[AddPlantDialog] render called, open: true strains: 3
stdout | tests/unit/dialogs/add-plant-dialog.spec.ts > AddPlantDialog > Timeline Variations > should show mother input for mother growspace and handle change
[AddPlantDialog] render called, open: true strains: 3
stdout | tests/unit/dialogs/add-plant-dialog.spec.ts > AddPlantDialog > Timeline Variations > should show mother input for mother growspace and handle change
[AddPlantDialog] render called, open: true strains: 3
stdout | tests/unit/dialogs/add-plant-dialog.spec.ts > AddPlantDialog > Timeline Variations > should show cure input for cure growspace and handle change
[AddPlantDialog] render called, open: false strains: 0
stdout | tests/unit/dialogs/add-plant-dialog.spec.ts > AddPlantDialog > Timeline Variations > should show cure input for cure growspace and handle change
[AddPlantDialog] render called, open: true strains: 3
stdout | tests/unit/dialogs/add-plant-dialog.spec.ts > AddPlantDialog > Timeline Variations > should show cure input for cure growspace and handle change
[AddPlantDialog] render called, open: true strains: 3
stdout | tests/unit/dialogs/add-plant-dialog.spec.ts > AddPlantDialog > Timeline Variations > should show cure input for cure growspace and handle change
[AddPlantDialog] render called, open: true strains: 3
stdout | tests/unit/dialogs/add-plant-dialog.spec.ts > AddPlantDialog > Timeline Variations > should show cure input for cure growspace and handle change
[AddPlantDialog] render called, open: true strains: 3
stdout | tests/unit/dialogs/add-plant-dialog.spec.ts > AddPlantDialog > Timeline Variations > should show clone input for clone growspace and handle change
[AddPlantDialog] render called, open: false strains: 0
stdout | tests/unit/dialogs/add-plant-dialog.spec.ts > AddPlantDialog > Timeline Variations > should show clone input for clone growspace and handle change
[AddPlantDialog] render called, open: true strains: 3
stdout | tests/unit/dialogs/add-plant-dialog.spec.ts > AddPlantDialog > Timeline Variations > should show clone input for clone growspace and handle change
[AddPlantDialog] render called, open: true strains: 3
stdout | tests/unit/dialogs/add-plant-dialog.spec.ts > AddPlantDialog > Timeline Variations > should show clone input for clone growspace and handle change
[AddPlantDialog] render called, open: true strains: 3
stdout | tests/unit/dialogs/add-plant-dialog.spec.ts > AddPlantDialog > Timeline Variations > should show clone input for clone growspace and handle change
[AddPlantDialog] render called, open: true strains: 3
stdout | tests/unit/dialogs/add-plant-dialog.spec.ts > AddPlantDialog > Timeline Variations > should show dry input for dry growspace and handle change
[AddPlantDialog] render called, open: false strains: 0
stdout | tests/unit/dialogs/add-plant-dialog.spec.ts > AddPlantDialog > Timeline Variations > should show dry input for dry growspace and handle change
[AddPlantDialog] render called, open: true strains: 3
stdout | tests/unit/dialogs/add-plant-dialog.spec.ts > AddPlantDialog > Timeline Variations > should show dry input for dry growspace and handle change
[AddPlantDialog] render called, open: true strains: 3
stdout | tests/unit/dialogs/add-plant-dialog.spec.ts > AddPlantDialog > Timeline Variations > should show dry input for dry growspace and handle change
[AddPlantDialog] render called, open: true strains: 3
stdout | tests/unit/dialogs/add-plant-dialog.spec.ts > AddPlantDialog > Timeline Variations > should show dry input for dry growspace and handle change
[AddPlantDialog] render called, open: true strains: 3
stdout | tests/unit/dialogs/add-plant-dialog.spec.ts > AddPlantDialog > Interaction Tests > should handle Row and Col changes
[AddPlantDialog] render called, open: false strains: 0
stdout | tests/unit/dialogs/add-plant-dialog.spec.ts > AddPlantDialog > Interaction Tests > should handle Row and Col changes
[AddPlantDialog] render called, open: true strains: 3
stdout | tests/unit/dialogs/add-plant-dialog.spec.ts > AddPlantDialog > Interaction Tests > should handle Row and Col changes
[AddPlantDialog] render called, open: true strains: 3
stdout | tests/unit/dialogs/add-plant-dialog.spec.ts > AddPlantDialog > Interaction Tests > should handle Row and Col changes
[AddPlantDialog] render called, open: true strains: 3
stdout | tests/unit/dialogs/add-plant-dialog.spec.ts > AddPlantDialog > Interaction Tests > should dispatch close event on cancel
[AddPlantDialog] render called, open: false strains: 0
stdout | tests/unit/dialogs/add-plant-dialog.spec.ts > AddPlantDialog > Interaction Tests > should dispatch close event on cancel
[AddPlantDialog] render called, open: true strains: 3
stdout | tests/unit/dialogs/add-plant-dialog.spec.ts > AddPlantDialog > Interaction Tests > should dispatch close event on verify close button
[AddPlantDialog] render called, open: false strains: 0
stdout | tests/unit/dialogs/add-plant-dialog.spec.ts > AddPlantDialog > Interaction Tests > should dispatch close event on verify close button
[AddPlantDialog] render called, open: true strains: 3
stdout | tests/unit/dialogs/add-plant-dialog.spec.ts > AddPlantDialog > Interaction Tests > should dispatch create-new-strain event
[AddPlantDialog] render called, open: false strains: 0
stdout | tests/unit/dialogs/add-plant-dialog.spec.ts > AddPlantDialog > Interaction Tests > should dispatch create-new-strain event
[AddPlantDialog] render called, open: true strains: 3
stdout | tests/unit/dialogs/add-plant-dialog.spec.ts > AddPlantDialog > Interaction Tests > should update addToLibrary state on switch change
[AddPlantDialog] render called, open: false strains: 0
stdout | tests/unit/dialogs/add-plant-dialog.spec.ts > AddPlantDialog > Interaction Tests > should update addToLibrary state on switch change
[AddPlantDialog] render called, open: true strains: 3
stdout | tests/unit/dialogs/add-plant-dialog.spec.ts > AddPlantDialog > Interaction Tests > should update addToLibrary state on switch change
[AddPlantDialog] render called, open: true strains: 3
stdout | tests/unit/dialogs/add-plant-dialog.spec.ts > AddPlantDialog > Interaction Tests > should update addToLibrary state on switch change
[AddPlantDialog] render called, open: true strains: 3
stdout | tests/unit/dialogs/add-plant-dialog.spec.ts > AddPlantDialog > Interaction Tests > should update addToLibrary state on switch change
[AddPlantDialog] render called, open: true strains: 3
stdout | tests/unit/dialogs/add-plant-dialog.spec.ts > AddPlantDialog > should dispatch submit event with payload
[AddPlantDialog] render called, open: false strains: 0
stdout | tests/unit/dialogs/add-plant-dialog.spec.ts > AddPlantDialog > should dispatch submit event with payload
[AddPlantDialog] render called, open: true strains: 3
stdout | tests/unit/dialogs/add-plant-dialog.spec.ts > AddPlantDialog > should dispatch submit event with payload
[AddPlantDialog] render called, open: true strains: 3
stdout | tests/unit/dialogs/add-plant-dialog.spec.ts > AddPlantDialog > should handle seedling and flower start date changes
[AddPlantDialog] render called, open: false strains: 0
stdout | tests/unit/dialogs/add-plant-dialog.spec.ts > AddPlantDialog > should handle seedling and flower start date changes
[AddPlantDialog] render called, open: true strains: 3
stdout | tests/unit/dialogs/add-plant-dialog.spec.ts > AddPlantDialog > should handle seedling and flower start date changes
[AddPlantDialog] render called, open: true strains: 3
stdout | tests/unit/dialogs/add-plant-dialog.spec.ts > AddPlantDialog > should handle seedling and flower start date changes
[AddPlantDialog] render called, open: true strains: 3
stdout | tests/unit/dialogs/add-plant-dialog.spec.ts > AddPlantDialog > Transplant Mode > should switch to clone tab and render clone form
[AddPlantDialog] render called, open: false strains: 0
stdout | tests/unit/dialogs/add-plant-dialog.spec.ts > AddPlantDialog > Transplant Mode > should switch to clone tab and render clone form
[AddPlantDialog] render called, open: true strains: 3
stdout | tests/unit/dialogs/add-plant-dialog.spec.ts > AddPlantDialog > Transplant Mode > should switch to clone tab and render clone form
[AddPlantDialog] render called, open: true strains: 3
stdout | tests/unit/dialogs/add-plant-dialog.spec.ts > AddPlantDialog > Transplant Mode > should switch to clone tab and render clone form
[AddPlantDialog] render called, open: true strains: 3
stdout | tests/unit/dialogs/add-plant-dialog.spec.ts > AddPlantDialog > Transplant Mode > should switch to seedling tab and render seedling form
[AddPlantDialog] render called, open: false strains: 0
stdout | tests/unit/dialogs/add-plant-dialog.spec.ts > AddPlantDialog > Transplant Mode > should switch to seedling tab and render seedling form
[AddPlantDialog] render called, open: true strains: 3
stdout | tests/unit/dialogs/add-plant-dialog.spec.ts > AddPlantDialog > Transplant Mode > should switch to seedling tab and render seedling form
[AddPlantDialog] render called, open: true strains: 3
stdout | tests/unit/dialogs/add-plant-dialog.spec.ts > AddPlantDialog > Transplant Mode > should switch to seedling tab and render seedling form
[AddPlantDialog] render called, open: true strains: 3
stdout | tests/unit/dialogs/add-plant-dialog.spec.ts > AddPlantDialog > Transplant Mode > should show empty message if no plants available
[AddPlantDialog] render called, open: false strains: 0
stdout | tests/unit/dialogs/add-plant-dialog.spec.ts > AddPlantDialog > Transplant Mode > should show empty message if no plants available
[AddPlantDialog] render called, open: true strains: 3
stdout | tests/unit/dialogs/add-plant-dialog.spec.ts > AddPlantDialog > Transplant Mode > should show empty message if no plants available
[AddPlantDialog] render called, open: true strains: 3
stdout | tests/unit/dialogs/add-plant-dialog.spec.ts > AddPlantDialog > Transplant Mode > should show empty message if no plants available
[AddPlantDialog] render called, open: true strains: 3
stdout | tests/unit/dialogs/add-plant-dialog.spec.ts > AddPlantDialog > Transplant Mode > should select a plant and show its details
[AddPlantDialog] render called, open: false strains: 0
stdout | tests/unit/dialogs/add-plant-dialog.spec.ts > AddPlantDialog > Transplant Mode > should select a plant and show its details
[AddPlantDialog] render called, open: true strains: 3
stdout | tests/unit/dialogs/add-plant-dialog.spec.ts > AddPlantDialog > Transplant Mode > should select a plant and show its details
[AddPlantDialog] render called, open: true strains: 3
stdout | tests/unit/dialogs/add-plant-dialog.spec.ts > AddPlantDialog > Transplant Mode > should select a plant and show its details
[AddPlantDialog] render called, open: true strains: 3
stdout | tests/unit/dialogs/add-plant-dialog.spec.ts > AddPlantDialog > Transplant Mode > should select a plant and show its details
[AddPlantDialog] render called, open: true strains: 3
stdout | tests/unit/dialogs/add-plant-dialog.spec.ts > AddPlantDialog > Transplant Mode > should select a plant with minimal attributes
[AddPlantDialog] render called, open: false strains: 0
stdout | tests/unit/dialogs/add-plant-dialog.spec.ts > AddPlantDialog > Transplant Mode > should select a plant with minimal attributes
[AddPlantDialog] render called, open: true strains: 3
stdout | tests/unit/dialogs/add-plant-dialog.spec.ts > AddPlantDialog > Transplant Mode > should select a plant with minimal attributes
[AddPlantDialog] render called, open: true strains: 3
stdout | tests/unit/dialogs/add-plant-dialog.spec.ts > AddPlantDialog > Transplant Mode > should select a plant with minimal attributes
[AddPlantDialog] render called, open: true strains: 3
stdout | tests/unit/dialogs/add-plant-dialog.spec.ts > AddPlantDialog > Transplant Mode > should select a plant with minimal attributes
[AddPlantDialog] render called, open: true strains: 3
stdout | tests/unit/dialogs/add-plant-dialog.spec.ts > AddPlantDialog > Transplant Mode > should submit transplant payload
[AddPlantDialog] render called, open: false strains: 0
stdout | tests/unit/dialogs/add-plant-dialog.spec.ts > AddPlantDialog > Transplant Mode > should submit transplant payload
[AddPlantDialog] render called, open: true strains: 3
stdout | tests/unit/dialogs/add-plant-dialog.spec.ts > AddPlantDialog > Transplant Mode > should submit transplant payload
[AddPlantDialog] render called, open: true strains: 3
stdout | tests/unit/dialogs/add-plant-dialog.spec.ts > AddPlantDialog > Transplant Mode > should submit transplant payload
[AddPlantDialog] render called, open: true strains: 3
stdout | tests/unit/dialogs/add-plant-dialog.spec.ts > AddPlantDialog > Transplant Mode > should not submit if no plant selected
[AddPlantDialog] render called, open: false strains: 0
stdout | tests/unit/dialogs/add-plant-dialog.spec.ts > AddPlantDialog > Transplant Mode > should not submit if no plant selected
[AddPlantDialog] render called, open: true strains: 3
stdout | tests/unit/dialogs/add-plant-dialog.spec.ts > AddPlantDialog > Transplant Mode > should not submit if no plant selected
[AddPlantDialog] render called, open: true strains: 3
stdout | tests/unit/dialogs/add-plant-dialog.spec.ts > AddPlantDialog > Transplant Mode > should not submit if no plant selected
[AddPlantDialog] render called, open: true strains: 3
stdout | tests/unit/dialogs/add-plant-dialog.spec.ts > AddPlantDialog > Transplant Mode > should update state to null if wrong plant id selected
[AddPlantDialog] render called, open: false strains: 0
stdout | tests/unit/dialogs/add-plant-dialog.spec.ts > AddPlantDialog > Transplant Mode > should update state to null if wrong plant id selected
[AddPlantDialog] render called, open: true strains: 3
stdout | tests/unit/dialogs/add-plant-dialog.spec.ts > AddPlantDialog > Transplant Mode > should update state to null if wrong plant id selected
[AddPlantDialog] render called, open: true strains: 3
stdout | tests/unit/dialogs/add-plant-dialog.spec.ts > AddPlantDialog > Transplant Mode > should update state to null if wrong plant id selected
[AddPlantDialog] render called, open: true strains: 3
stdout | tests/unit/dialogs/add-plant-dialog.spec.ts > AddPlantDialog > Transplant Mode > should handle Row/Col changes in transplant mode
[AddPlantDialog] render called, open: false strains: 0
stdout | tests/unit/dialogs/add-plant-dialog.spec.ts > AddPlantDialog > Transplant Mode > should handle Row/Col changes in transplant mode
[AddPlantDialog] render called, open: true strains: 3
stdout | tests/unit/dialogs/add-plant-dialog.spec.ts > AddPlantDialog > Transplant Mode > should handle Row/Col changes in transplant mode
[AddPlantDialog] render called, open: true strains: 3
stdout | tests/unit/dialogs/add-plant-dialog.spec.ts > AddPlantDialog > Transplant Mode > should handle Row/Col changes in transplant mode
[AddPlantDialog] render called, open: true strains: 3
stdout | tests/unit/dialogs/add-plant-dialog.spec.ts > AddPlantDialog > Transplant Mode > should handle Row/Col changes in transplant mode
[AddPlantDialog] render called, open: true strains: 3
stdout | tests/unit/dialogs/add-plant-dialog.spec.ts > AddPlantDialog > Transplant Mode > should switch back to add tab
[AddPlantDialog] render called, open: false strains: 0
stdout | tests/unit/dialogs/add-plant-dialog.spec.ts > AddPlantDialog > Transplant Mode > should switch back to add tab
[AddPlantDialog] render called, open: true strains: 3
stdout | tests/unit/dialogs/add-plant-dialog.spec.ts > AddPlantDialog > Transplant Mode > should switch back to add tab
[AddPlantDialog] render called, open: true strains: 3
stdout | tests/unit/dialogs/add-plant-dialog.spec.ts > AddPlantDialog > Transplant Mode > should switch back to add tab
[AddPlantDialog] render called, open: true strains: 3
stdout | tests/unit/dialogs/add-plant-dialog.spec.ts > AddPlantDialog > Transplant Mode > should switch back to add tab
[AddPlantDialog] render called, open: true strains: 3
stdout | tests/unit/dialogs/add-plant-dialog.spec.ts > AddPlantDialog > Wizard Navigation > should navigate through wizard steps next and back
[AddPlantDialog] render called, open: false strains: 0
stdout | tests/unit/dialogs/add-plant-dialog.spec.ts > AddPlantDialog > Wizard Navigation > should navigate through wizard steps next and back
[AddPlantDialog] render called, open: true strains: 3
stdout | tests/unit/dialogs/add-plant-dialog.spec.ts > AddPlantDialog > Wizard Navigation > should navigate through wizard steps next and back
[AddPlantDialog] render called, open: true strains: 3
stdout | tests/unit/dialogs/add-plant-dialog.spec.ts > AddPlantDialog > Strain Typeahead and Phenotype Inputs > should update query and clear strain on input change
[AddPlantDialog] render called, open: false strains: 0
stdout | tests/unit/dialogs/add-plant-dialog.spec.ts > AddPlantDialog > Strain Typeahead and Phenotype Inputs > should update query and clear strain on input change
[AddPlantDialog] render called, open: true strains: 3
stdout | tests/unit/dialogs/add-plant-dialog.spec.ts > AddPlantDialog > Strain Typeahead and Phenotype Inputs > should update query and clear strain on input change
[AddPlantDialog] render called, open: true strains: 3
stdout | tests/unit/dialogs/add-plant-dialog.spec.ts > AddPlantDialog > Strain Typeahead and Phenotype Inputs > should update query and clear strain on input change
[AddPlantDialog] render called, open: true strains: 3
 ❯ |chromium| tests/cards/growspace-analytics-card.test.ts (16 tests | 1 failed) 1222ms
     ✓ is defined 16ms
     ✓ initializes default growspace from config 3ms
     ✓ throws error on invalid config 3ms
     ✓ renders error state when hass is missing 3ms
     ✓ provides fallback stub config 2ms
     ✓ returns standard card size 2ms
     ✓ calls store updateHass on updated 3ms
     ✓ disconnectedCallback destroys store 2ms
     ✓ stale counter triggers data refresh 5ms
     ✓ renders loading state when store is loading 3ms
     ✓ renders no-data state when devices array is empty 2ms
     ✓ renders error state when selected device is not found 3ms
     ✓ renders analytics view when valid device selected 3ms
     ✓ calls system_log/write on handle error 3ms
     ✓ gets config element correctly 39ms
     × matches visual snapshot 1131ms
stdout | tests/unit/dialogs/add-plant-dialog.spec.ts > AddPlantDialog > Strain Typeahead and Phenotype Inputs > should select strain from dropdown on click and render phenotype input
[AddPlantDialog] render called, open: false strains: 0
stdout | tests/unit/dialogs/add-plant-dialog.spec.ts > AddPlantDialog > Strain Typeahead and Phenotype Inputs > should select strain from dropdown on click and render phenotype input
[AddPlantDialog] render called, open: true strains: 3
stdout | tests/unit/dialogs/add-plant-dialog.spec.ts > AddPlantDialog > Strain Typeahead and Phenotype Inputs > should select strain from dropdown on click and render phenotype input
[AddPlantDialog] render called, open: true strains: 3
stdout | tests/unit/dialogs/add-plant-dialog.spec.ts > AddPlantDialog > Strain Typeahead and Phenotype Inputs > should select strain from dropdown on click and render phenotype input
[AddPlantDialog] render called, open: true strains: 3
stdout | tests/unit/dialogs/add-plant-dialog.spec.ts > AddPlantDialog > Strain Typeahead and Phenotype Inputs > should select strain from dropdown on click and render phenotype input
[AddPlantDialog] render called, open: true strains: 3
stdout | tests/unit/dialogs/add-plant-dialog.spec.ts > AddPlantDialog > Sibling Plants and Clone Source Picker > should render clonable sibling plants and handle selection/deselection
[AddPlantDialog] render called, open: false strains: 0
stdout | tests/unit/dialogs/add-plant-dialog.spec.ts > AddPlantDialog > Sibling Plants and Clone Source Picker > should render clonable sibling plants and handle selection/deselection
[AddPlantDialog] render called, open: true strains: 3
stdout | tests/unit/dialogs/add-plant-dialog.spec.ts > AddPlantDialog > Sibling Plants and Clone Source Picker > should render clonable sibling plants and handle selection/deselection
[AddPlantDialog] render called, open: true strains: 3
stdout | tests/unit/dialogs/add-plant-dialog.spec.ts > AddPlantDialog > Sibling Plants and Clone Source Picker > should render clonable sibling plants and handle selection/deselection
[AddPlantDialog] render called, open: true strains: 3
stdout | tests/unit/dialogs/add-plant-dialog.spec.ts > AddPlantDialog > Sibling Plants and Clone Source Picker > should render clonable sibling plants and handle selection/deselection
[AddPlantDialog] render called, open: true strains: 3
stdout | tests/unit/dialogs/add-plant-dialog.spec.ts > AddPlantDialog > Sibling Plants and Clone Source Picker > should render clonable sibling plants and handle selection/deselection
[AddPlantDialog] render called, open: true strains: 3
stdout | tests/unit/dialogs/add-plant-dialog.spec.ts > AddPlantDialog > Sibling Plants and Clone Source Picker > should change source type between seed and clone
[AddPlantDialog] render called, open: false strains: 0
stdout | tests/unit/dialogs/add-plant-dialog.spec.ts > AddPlantDialog > Sibling Plants and Clone Source Picker > should change source type between seed and clone
[AddPlantDialog] render called, open: true strains: 3
stdout | tests/unit/dialogs/add-plant-dialog.spec.ts > AddPlantDialog > Sibling Plants and Clone Source Picker > should change source type between seed and clone
[AddPlantDialog] render called, open: true strains: 3
stdout | tests/unit/dialogs/add-plant-dialog.spec.ts > AddPlantDialog > Sibling Plants and Clone Source Picker > should change source type between seed and clone
[AddPlantDialog] render called, open: true strains: 3
stdout | tests/unit/dialogs/add-plant-dialog.spec.ts > AddPlantDialog > Sibling Plants and Clone Source Picker > should change source type between seed and clone
[AddPlantDialog] render called, open: true strains: 3
stdout | tests/unit/dialogs/add-plant-dialog.spec.ts > AddPlantDialog > Sibling Plants and Clone Source Picker > should change source type between seed and clone
[AddPlantDialog] render called, open: true strains: 3
stdout | tests/unit/dialogs/add-plant-dialog.spec.ts > AddPlantDialog > Extra Date Changes > should handle veg start date change
[AddPlantDialog] render called, open: false strains: 0
stdout | tests/unit/dialogs/add-plant-dialog.spec.ts > AddPlantDialog > Extra Date Changes > should handle veg start date change
[AddPlantDialog] render called, open: true strains: 3
stdout | tests/unit/dialogs/add-plant-dialog.spec.ts > AddPlantDialog > Extra Date Changes > should handle veg start date change
[AddPlantDialog] render called, open: true strains: 3
stdout | tests/unit/dialogs/add-plant-dialog.spec.ts > AddPlantDialog > Extra Date Changes > should handle veg start date change
[AddPlantDialog] render called, open: true strains: 3
 ✓ |chromium| tests/unit/dialogs/add-plant-dialog.spec.ts (33 tests) 149ms
stderr | unknown test
Lit is in dev mode. Not recommended for production! See https://lit.dev/msg/dev-mode for more information.
stdout | tests/unit/plant-actions.spec.ts > plant-actions > takeClone > should take clone successfully
Clone taken from Test Strain to target_gs
stderr | tests/unit/plant-actions.spec.ts > plant-actions > takeClone > should return false on failure
Failed to take clone: Clone failed
stdout | tests/unit/plant-actions.spec.ts > plant-actions > takeClone > should use entity_id fallback for plant without plant_id
Clone taken from Test Strain to target_gs
stdout | tests/unit/plant-actions.spec.ts > plant-actions > takeClone > should log with strain name when available
Clone taken from Test Strain 
stdout | tests/unit/plant-actions.spec.ts > plant-actions > takeClone > should log with plant when strain is missing
Clone taken from plant 
stderr | tests/unit/plant-actions.spec.ts > plant-actions > movePlantPosition > should return false on error
Error moving plant: [Error: Position error]
stdout | tests/unit/plant-actions.spec.ts > plant-actions > handlePlantDrop > should swap plants when target exists
handlePlantDrop: {
  "growspaceId": "gs1",
  "sourceId": "test123",
  "targetId": "target456",
}
stdout | tests/unit/plant-actions.spec.ts > plant-actions > handlePlantDrop > should perform optimistic update when swapping in a growspace
handlePlantDrop: {
  "growspaceId": "gs1",
  "sourceId": "test123",
  "targetId": "target456",
}
stdout | tests/unit/plant-actions.spec.ts > plant-actions > handlePlantDrop > should not swap when source and target are same
handlePlantDrop: {
  "growspaceId": undefined,
  "sourceId": "test123",
  "targetId": "test123",
}
stdout | tests/unit/plant-actions.spec.ts > plant-actions > handlePlantDrop > should move to empty cell when no target
handlePlantDrop: {
  "growspaceId": "gs1",
  "sourceId": "test123",
  "targetId": "",
}
stdout | tests/unit/plant-actions.spec.ts > plant-actions > handlePlantDrop > should return false on swap error
handlePlantDrop: {
  "growspaceId": "gs1",
  "sourceId": "test123",
  "targetId": "target456",
}
stderr | tests/unit/plant-actions.spec.ts > plant-actions > handlePlantDrop > should return false on swap error
Error during drag-and-drop: [Error: Swap failed]
stdout | tests/unit/plant-actions.spec.ts > plant-actions > handlePlantDrop > should execute optimistic revert callback on swap
handlePlantDrop: {
  "growspaceId": "gs1",
  "sourceId": "test123",
  "targetId": "target456",
}
stdout | tests/unit/plant-actions.spec.ts > plant-actions > handlePlantDrop > should handle redo action for swap
handlePlantDrop: {
  "growspaceId": "gs1",
  "sourceId": "test123",
  "targetId": "target456",
}
stdout | tests/unit/plant-actions.spec.ts > plant-actions > handlePlantDrop > should handle redo action for swap
handlePlantDrop: {
  "growspaceId": "gs1",
  "sourceId": "test123",
  "targetId": "target456",
}
stdout | tests/unit/plant-actions.spec.ts > plant-actions > handlePlantDrop > should handle redo action for move to empty
handlePlantDrop: {
  "growspaceId": "gs1",
  "sourceId": "test123",
  "targetId": "",
}
stdout | tests/unit/plant-actions.spec.ts > plant-actions > handlePlantDrop > should handle redo action for move to empty
handlePlantDrop: {
  "growspaceId": "gs1",
  "sourceId": "test123",
  "targetId": "",
}
stdout | tests/unit/plant-actions.spec.ts > plant-actions > handlePlantDrop > should use entity_id fallback when plant_id is missing on source
handlePlantDrop: {
  "growspaceId": "gs1",
  "sourceId": "plant_test123",
  "targetId": "target456",
}
stdout | tests/unit/plant-actions.spec.ts > plant-actions > handlePlantDrop > should use entity_id fallback when plant_id is missing on target
handlePlantDrop: {
  "growspaceId": "gs1",
  "sourceId": "test123",
  "targetId": "plant_target",
}
stdout | tests/unit/plant-actions.spec.ts > plant-actions > handlePlantDrop > should handle optimistic update when growspace not found in store
handlePlantDrop: {
  "growspaceId": "invalid_gs",
  "sourceId": "test123",
  "targetId": "target456",
}
stdout | tests/unit/plant-actions.spec.ts > plant-actions > handlePlantDrop > should handle grid with null entries and missing sData/tData
handlePlantDrop: {
  "growspaceId": "gs1",
  "sourceId": "test123",
  "targetId": "target456",
}
stdout | tests/unit/plant-actions.spec.ts > plant-actions > handlePlantDrop > should handle grid items with missing plant_id (fallback to entity_id in updateGridLogic)
handlePlantDrop: {
  "growspaceId": "gs1",
  "sourceId": "source_pid",
  "targetId": "target_pid",
}
stderr | tests/unit/plant-actions.spec.ts > plant-actions > confirmAddPlant > should return false and show error on failure
Failed to add plant: [Error: Add failed]
stderr | tests/unit/plant-actions.spec.ts > plant-actions > confirmAddPlant > should continue adding plant if adding strain fails
Failed to add strain to library: [Error: Library fail]
 ✓ |chromium| tests/unit/dialogs/strain-library-dialog.spec.ts (45 tests) 233ms
stderr | tests/unit/plant-actions.spec.ts > plant-actions > confirmAddPlants > should continue adding plants if adding strain to library fails during batch
Failed to add strains to library: [Error: Library batch fail]
 ✓ |chromium| tests/unit/plant-actions.spec.ts (75 tests) 5624ms
       ✓ should move flower stage plant to dry  502ms
       ✓ should move dry stage plant to cure  502ms
       ✓ should move mother stage plant to clone  501ms
       ✓ should use entity_id fallback when plant_id is missing  501ms
       ✓ should move non-clone plant using harvestPlant  501ms
       ✓ should move clone plant using moveClone  502ms
       ✓ should use entity_id fallback when plant_id is missing  501ms
       ✓ should handle missing stage attribute defaulting to unknown  501ms
       ✓ should handle redo action  1503ms
 ❯ |chromium| tests/cards/growspace-grid-card.test.ts (17 tests | 1 failed) 724ms
     ✓ is defined 21ms
     ✓ forces compact mode and standard view on config set 2ms
     ✓ throws error on invalid config 2ms
     ✓ renders error state when hass is missing 3ms
     ✓ provides fallback stub config 2ms
     ✓ returns standard card size 2ms
     ✓ calls store updateHass on updated 3ms
     ✓ disconnectedCallback destroys store 2ms
     ✓ stale counter triggers data refresh 4ms
     ✓ event handlers trigger store actions 9ms
     ✓ renders loading state when store is loading 4ms
     ✓ renders no-data state when devices array is empty 3ms
     ✓ renders error state when selected device is not found 3ms
     ✓ renders grid view and handles all mapped UI events 5ms
     ✓ calls system_log/write on handle error 5ms
     ✓ gets config element correctly 62ms
     × matches visual snapshot 593ms
stderr | unknown test
Lit is in dev mode. Not recommended for production! See https://lit.dev/msg/dev-mode for more information.
stderr | unknown test
Lit is in dev mode. Not recommended for production! See https://lit.dev/msg/dev-mode for more information.
stderr | tests/unit/dialogs/strain-library-dialog-seeds.spec.ts > StrainLibraryDialog - Seeds & Genetics Tab > Tab bar > respects initialTab property
Element strain-library-dialog scheduled an update (generally because a property was set) after an update completed, causing a new update to be scheduled. This is inefficient and should be avoided unless the next update can only be scheduled as a side effect of the previous update. See https://lit.dev/msg/change-in-update for more information.
stderr | tests/unit/dialogs/subarea-config-dialog.spec.ts > SubareaConfigDialog > should render correctly when open
Element subarea-config-dialog scheduled an update (generally because a property was set) after an update completed, causing a new update to be scheduled. This is inefficient and should be avoided unless the next update can only be scheduled as a side effect of the previous update. See https://lit.dev/msg/change-in-update for more information.
 ❯ |chromium| tests/cards/growspace-logbook-card.test.ts (15 tests | 1 failed) 1420ms
     ✓ is defined 11ms
     ✓ initializes default growspace from config 3ms
     ✓ throws error on invalid config 2ms
     ✓ renders nothing when hass is missing 1ms
     ✓ provides fallback stub config 1ms
     ✓ returns standard card size 2ms
     ✓ calls store updateHass on updated 3ms
     ✓ disconnectedCallback destroys store 2ms
     ✓ renders loading state when store is loading 2ms
     ✓ renders error state when selected device is not found 2ms
     ✓ renders logbook card with tab bar when valid device selected 4ms
     ✓ respects default_view: timeline config 2ms
     ✓ tab click switches active view 2ms
     ✓ gets config element correctly 11ms
     × matches visual snapshot 1371ms
stderr | tests/unit/dialogs/strain-library-dialog-seeds.spec.ts > SeedsGeneticsTab > Add batch form > shows error message when onAddSeedBatch throws
Failed to save seed batch [Error: Network error]
stderr | tests/unit/dialogs/strain-library-dialog-seeds.spec.ts > SeedsGeneticsTab > Log pollination form > shows error when onLogPollination throws
Failed to log pollination [Error: fail]
stderr | tests/unit/features/ui/components/growspace-ipm-dialog-ui.spec.ts > GrowspaceIPMDialogUI > resets to APPLY view when dialog is reopened
Element growspace-ipm-dialog-ui scheduled an update (generally because a property was set) after an update completed, causing a new update to be scheduled. This is inefficient and should be avoided unless the next update can only be scheduled as a side effect of the previous update. See https://lit.dev/msg/change-in-update for more information.
stderr | tests/unit/dialogs/strain-library-dialog-seeds.spec.ts > SeedsGeneticsTab > Harvest form > shows error when onHarvestSeeds throws
Failed to harvest seeds [Error: fail]
 ✓ |chromium| tests/unit/features/ui/components/growspace-ipm-dialog-ui.spec.ts (42 tests) 164ms
 ✓ |chromium| tests/unit/dialogs/strain-library-dialog-seeds.spec.ts (35 tests) 149ms
 ✓ |chromium| tests/unit/dialogs/subarea-config-dialog.spec.ts (21 tests) 201ms
stderr | unknown test
Lit is in dev mode. Not recommended for production! See https://lit.dev/msg/dev-mode for more information.
stderr | unknown test
Lit is in dev mode. Not recommended for production! See https://lit.dev/msg/dev-mode for more information.
stderr | unknown test
Lit is in dev mode. Not recommended for production! See https://lit.dev/msg/dev-mode for more information.
stderr | unknown test
Lit is in dev mode. Not recommended for production! See https://lit.dev/msg/dev-mode for more information.
stderr | unknown test
Lit is in dev mode. Not recommended for production! See https://lit.dev/msg/dev-mode for more information.
stderr | unknown test
Lit is in dev mode. Not recommended for production! See https://lit.dev/msg/dev-mode for more information.
stderr | unknown test
Lit is in dev mode. Not recommended for production! See https://lit.dev/msg/dev-mode for more information.
stderr | tests/unit/components/ui/growspace-timeline.spec.ts > GrowspaceTimeline > should display error state
Error fetching growspace events: [Error: Fetch failed]
stderr | tests/unit/components/ui/growspace-timeline.spec.ts > GrowspaceTimeline > should display error state
Error fetching growspace events: [Error: Fetch failed]
stderr | unknown test
Lit is in dev mode. Not recommended for production! See https://lit.dev/msg/dev-mode for more information.
stderr | tests/unit/dialogs/snapshots-dialog.spec.ts > SnapshotsDialog > should handle capture error "no_cameras"
[SnapshotsDialog] Failed to capture snapshot: {
  "code": "no_cameras",
}
stderr | tests/unit/dialogs/snapshots-dialog.spec.ts > SnapshotsDialog > should handle generic capture error
[SnapshotsDialog] Failed to capture snapshot: [Error: Fail]
stderr | unknown test
Lit is in dev mode. Not recommended for production! See https://lit.dev/msg/dev-mode for more information.
 ✓ |chromium| tests/unit/dialogs/strain-library-dialog-coverage.spec.ts (24 tests) 190ms
stderr | unknown test
Lit is in dev mode. Not recommended for production! See https://lit.dev/msg/dev-mode for more information.
stderr | tests/unit/components/ui/growspace-timeline.spec.ts > GrowspaceTimeline > should handle fetch error gracefully
Error fetching growspace events: [Error: Fetch failed]
stderr | tests/unit/components/ui/growspace-timeline.spec.ts > GrowspaceTimeline > should handle fetch error gracefully
Error fetching growspace events: [Error: Fetch failed]
 ✓ |chromium| tests/unit/dialogs/snapshots-dialog.spec.ts (23 tests) 130ms
 ✓ |chromium| tests/unit/components/ui/growspace-timeline.spec.ts (14 tests) 152ms
stderr | tests/unit/features/ui/components/growspace-header-ui.spec.ts > growspace-header-ui > renders meta row with various plant counts, dominant stages, and problem plant combinations
Element scroll-container scheduled an update (generally because a property was set) after an update completed, causing a new update to be scheduled. This is inefficient and should be avoided unless the next update can only be scheduled as a side effect of the previous update. See https://lit.dev/msg/change-in-update for more information.
 ✓ |chromium| src/features/plants/containers/plant-overview.container.test.ts (27 tests) 110ms
 ✓ |chromium| tests/unit/dialogs/add-plants-dialog.spec.ts (21 tests) 110ms
 ✓ |chromium| tests/unit/features/ui/components/growspace-header-actions-ui.spec.ts (48 tests) 150ms
 ✓ |chromium| tests/unit/features/shared/ui/genetics-tree-view.spec.ts (20 tests) 149ms
 ✓ |chromium| tests/unit/dialogs/config-dialog-full-form-fill.spec.ts (12 tests) 115ms
 ✓ |chromium| tests/unit/features/ui/components/growspace-header-ui.spec.ts (16 tests) 129ms
 ✓ |chromium| tests/unit/features/ui/containers/growspace-nutrient-presets-editor.container.spec.ts (8 tests) 163ms
stderr | unknown test
Lit is in dev mode. Not recommended for production! See https://lit.dev/msg/dev-mode for more information.
stderr | tests/unit/services/data-service.spec.ts > DataService Delegation > GrowspaceAPI delegation > delegates fetchGrowspaceData
[GrowspaceAPI] API Validation Failed for gs1:  {
  "_errors": [
    "Required",
  ],
}
stdout | tests/unit/services/data-service.spec.ts > DataService Delegation > GrowspaceAPI delegation > delegates addGrowspace
[GrowspaceAPI:addGrowspace] Adding growspace: {
  "name": "Test",
  "plantsPerRow": 2,
  "rows": 2,
}
stdout | tests/unit/services/data-service.spec.ts > DataService Delegation > GrowspaceAPI delegation > delegates addGrowspace
[GrowspaceAPI:addGrowspace] Service Called
stdout | tests/unit/services/data-service.spec.ts > DataService Delegation > StrainAPI delegation > delegates fetchStrainLibrary
[StrainAPI:fetchStrainLibrary] Fetching strain library via WebSocket API
stdout | tests/unit/services/data-service.spec.ts > DataService Delegation > StrainAPI delegation > delegates fetchStrainLibrary
[StrainAPI:fetchStrainLibrary] WS Response: undefined
stderr | tests/unit/services/data-service.spec.ts > DataService Delegation > StrainAPI delegation > delegates fetchStrainLibrary
[StrainAPI:fetchStrainLibrary] API Verification warning: {
  "_errors": [
    "Required",
  ],
}
stderr | unknown test
Lit is in dev mode. Not recommended for production! See https://lit.dev/msg/dev-mode for more information.
stdout | tests/unit/services/data-service.spec.ts > DataService Delegation > StrainAPI delegation > delegates addStrain
[StrainAPI:addStrain] Adding strain: {
  "strain": "OG",
}
stdout | tests/unit/services/data-service.spec.ts > DataService Delegation > StrainAPI delegation > delegates addStrain
[StrainAPI:addStrain] Service Called
stderr | tests/unit/services/data-service.spec.ts > DataService Delegation > NutrientAPI delegation > delegates fetchNutrientPresets
[NutrientAPI] Nutrient Presets Validation Failed: {
  "_errors": [
    "Required",
  ],
}
stdout | tests/unit/services/data-service.spec.ts > DataService Delegation > NutrientAPI delegation > delegates updateNutrientStock
[NutrientAPI] Updated stock: Nutrient
stderr | unknown test
Lit is in dev mode. Not recommended for production! See https://lit.dev/msg/dev-mode for more information.
stderr | tests/unit/services/data-service.spec.ts > DataService Delegation > HistoryAPI delegation > delegates getHistory
Error fetching history: [TypeError: this.hass.callApi is not a function]
stderr | tests/unit/services/data-service.spec.ts > DataService Delegation > HistoryAPI delegation > delegates getHistoryStats
[HistoryAPI] History Stats Validation Failed: {
  "_errors": [
    "Required",
  ],
}
stderr | tests/unit/services/data-service.spec.ts > DataService Delegation > HistoryAPI delegation > delegates getHistoryStats
[HistoryAPI] getHistoryStats WS failed, falling back to REST batch. Error: [Error: Validation Failed]
stdout | tests/unit/services/data-service.spec.ts > DataService Delegation > HistoryAPI delegation > delegates getHistoryStats
[HistoryAPI] Fallback params: start=2026-05-21T10:46:38.895Z, end=undefined
stdout | tests/unit/services/data-service.spec.ts > DataService Delegation > HistoryAPI delegation > delegates getHistoryStats
[HistoryAPI.getBatchHistory] entities=1, start=2026-05-21T10:46:38.895Z, end=undefined, duration=undefineds, url=history/period/2026-05-21T10:46:38.895Z?filter_entity_id=e1&minimal_response
stdout | tests/unit/services/data-service.spec.ts > DataService Delegation > HistoryAPI delegation > delegates getHistoryStats
[HistoryAPI.getBatchHistory] About to call API with URL: history/period/2026-05-21T10:46:38.895Z?filter_entity_id=e1&minimal_response
stderr | tests/unit/services/data-service.spec.ts > DataService Delegation > HistoryAPI delegation > delegates getHistoryStats
[HistoryAPI] Error fetching batch history: [TypeError: this.hass.callApi is not a function]
stdout | tests/unit/services/data-service.spec.ts > DataService Delegation > IrrigationAPI delegation > delegates setIrrigationStrategy
[IrrigationAPI:setIrrigationStrategy] Setting strategy: {
  "enabled": true,
}
stdout | tests/unit/services/data-service.spec.ts > DataService Delegation > IrrigationAPI delegation > delegates setIrrigationStrategy
[IrrigationAPI:setIrrigationStrategy] Service Called
stderr | unknown test
Lit is in dev mode. Not recommended for production! See https://lit.dev/msg/dev-mode for more information.
stderr | tests/unit/dialogs/config-dialog-coverage.spec.ts > ConfigDialog - Branch Coverage Expansion > should cover Subarea management branches
[SubareaAPI] Failed to get subareas for gs1: [TypeError: Cannot read properties of undefined (reading 'sendMessagePromise')]
stderr | tests/unit/dialogs/config-dialog-coverage.spec.ts > ConfigDialog - Branch Coverage Expansion > should cover Subarea management branches
[ConfigDialog] Failed to load subareas: [TypeError: Cannot read properties of undefined (reading 'sendMessagePromise')]
stderr | tests/unit/dialogs/ec-ramp-editor-dialog.test.ts > ECRampEditorDialog > should handle back button in edit view
Element ec-ramp-editor-dialog scheduled an update (generally because a property was set) after an update completed, causing a new update to be scheduled. This is inefficient and should be avoided unless the next update can only be scheduled as a side effect of the previous update. See https://lit.dev/msg/change-in-update for more information.
stdout | tests/unit/services/data-service.spec.ts > DataService Delegation > AI/Vision/Camera/Report delegation > delegates AI operations
[AIAPI:askGrowAdvice] Asking advice for: gs1 help
stdout | tests/unit/services/data-service.spec.ts > DataService Delegation > AI/Vision/Camera/Report delegation > delegates Report operations
[ReportAPI:fetchGrowReport] Fetching report for gs1
stdout | tests/unit/services/data-service.spec.ts > DataService Delegation > AI/Vision/Camera/Report delegation > delegates Report operations
[ReportAPI:fetchGrowReport] WS call completed undefined
stderr | tests/unit/dialogs/config-dialog-coverage.spec.ts > ConfigDialog - Branch Coverage Expansion > should cover Subarea management branches
Element subarea-config-dialog scheduled an update (generally because a property was set) after an update completed, causing a new update to be scheduled. This is inefficient and should be avoided unless the next update can only be scheduled as a side effect of the previous update. See https://lit.dev/msg/change-in-update for more information.
stdout | tests/unit/services/data-service.spec.ts > DataService Delegation > callService > calls hass.callService
[DataService:callService] dom.svc {
  "foo": "bar",
}
stderr | tests/unit/dialogs/config-dialog-coverage.spec.ts > ConfigDialog - Branch Coverage Expansion > should cover Subarea event handlers
[ConfigDialog] Failed to delete subarea: [Error: Fail]
 ✓ |chromium| tests/unit/services/data-service.spec.ts (27 tests) 78ms
stderr | unknown test
Lit is in dev mode. Not recommended for production! See https://lit.dev/msg/dev-mode for more information.
stderr | unknown test
Lit is in dev mode. Not recommended for production! See https://lit.dev/msg/dev-mode for more information.
 ✓ |chromium| tests/unit/features/plants/components/plant-drying-tab.spec.ts (20 tests) 60ms
stderr | unknown test
Lit is in dev mode. Not recommended for production! See https://lit.dev/msg/dev-mode for more information.
 ✓ |chromium| tests/unit/dialogs/ec-ramp-editor-dialog.test.ts (34 tests) 93ms
 ✓ |chromium| tests/unit/dialogs/config-dialog-coverage.spec.ts (8 tests) 88ms
stderr | unknown test
Lit is in dev mode. Not recommended for production! See https://lit.dev/msg/dev-mode for more information.
 ✓ |chromium| tests/unit/dialogs/strain-import-dialog.spec.ts (23 tests) 52ms
 ✓ |chromium| tests/unit/dialogs/harvest-scoring-dialog.test.ts (12 tests) 98ms
 ✓ |chromium| tests/unit/utils/three/renderers/fan-renderer.spec.ts (17 tests) 133ms
 ✓ |chromium| tests/unit/dialogs/strain-library-dialog-extra.spec.ts (13 tests) 85ms
 ✓ |chromium| tests/unit/features/ui/components/growspace-nutrient-inventory-dialog-ui.spec.ts (42 tests) 75ms
stderr | unknown test
Lit is in dev mode. Not recommended for production! See https://lit.dev/msg/dev-mode for more information.
stderr | unknown test
Lit is in dev mode. Not recommended for production! See https://lit.dev/msg/dev-mode for more information.
stderr | tests/unit/features/ui/components/growspace-watering-dialog-ui.spec.ts > GrowspaceWateringDialogUI > renders dialog when open
Element growspace-watering-dialog-ui scheduled an update (generally because a property was set) after an update completed, causing a new update to be scheduled. This is inefficient and should be avoided unless the next update can only be scheduled as a side effect of the previous update. See https://lit.dev/msg/change-in-update for more information.
stderr | tests/unit/features/plants/containers/growspace-grid.container.spec.ts > GrowspaceGridContainer > renders grid UI with viewmodel passing correctly
Element growspace-grid-container scheduled an update (generally because a property was set) after an update completed, causing a new update to be scheduled. This is inefficient and should be avoided unless the next update can only be scheduled as a side effect of the previous update. See https://lit.dev/msg/change-in-update for more information.
stderr | tests/unit/growspace-store-coverage.spec.ts > GrowspaceStore Branch Coverage > Optimization Logic > should track environment sensor entities
[GrowspaceSharedStore] Failed to subscribe to growspace events [TypeError: hass.connection.subscribeEvents is not a function]
 ✓ |chromium| tests/unit/features/plants/containers/growspace-grid.container.spec.ts (22 tests) 49ms
stderr | tests/unit/growspace-store-coverage.spec.ts > GrowspaceStore Branch Coverage > Optimization Logic > should skip update if watched entities have not changed
[GrowspaceSharedStore] Failed to subscribe to growspace events [TypeError: hass.connection.subscribeEvents is not a function]
stderr | tests/unit/growspace-store-coverage.spec.ts > GrowspaceStore Branch Coverage > Optimization Logic > should skip update if watched entities have not changed
[GrowspaceSharedStore] Failed to subscribe to growspace events [TypeError: hass.connection.subscribeEvents is not a function]
stderr | tests/unit/growspace-store-coverage.spec.ts > GrowspaceStore Branch Coverage > Optimization Logic > should proceed with update if watched entity changed
[GrowspaceSharedStore] Failed to subscribe to growspace events [TypeError: hass.connection.subscribeEvents is not a function]
stderr | tests/unit/growspace-store-coverage.spec.ts > GrowspaceStore Branch Coverage > Optimization Logic > should proceed with update if watched entity changed
[GrowspaceSharedStore] Failed to subscribe to growspace events [TypeError: hass.connection.subscribeEvents is not a function]
stderr | tests/unit/growspace-store-coverage.spec.ts > GrowspaceStore Branch Coverage > Undo/Redo & State Handling > should updateHass and skip refresh if cache populated
[GrowspaceSharedStore] Failed to subscribe to growspace events [TypeError: hass.connection.subscribeEvents is not a function]
stdout | tests/unit/growspace-store-coverage.spec.ts > GrowspaceStore Branch Coverage > Preset Fetching > should handle fetchNutrientPresets success and caching
[LibraryActions] Fetching nutrient presets from server (Force: false)
stdout | tests/unit/growspace-store-coverage.spec.ts > GrowspaceStore Branch Coverage > Preset Fetching > should use valid cache for nutrient presets
[LibraryActions] Using cached nutrient presets (Age: 0ms)
stdout | tests/unit/growspace-store-coverage.spec.ts > GrowspaceStore Branch Coverage > Preset Fetching > should ignore expired cache
[LibraryActions] Fetching nutrient presets from server (Force: false)
stderr | tests/unit/growspace-store-coverage.spec.ts > GrowspaceStore Branch Coverage > Preset Fetching > should handle corrupt cache
[LibraryActions] Failed to parse cached nutrient presets [SyntaxError: Unexpected token 'i', "invalid json" is not valid JSON]
stdout | tests/unit/growspace-store-coverage.spec.ts > GrowspaceStore Branch Coverage > Preset Fetching > should handle corrupt cache
[LibraryActions] Fetching nutrient presets from server (Force: false)
stdout | tests/unit/growspace-store-coverage.spec.ts > GrowspaceStore Branch Coverage > Preset Fetching > should handle fetch error
[LibraryActions] Fetching nutrient presets from server (Force: true)
stdout | tests/unit/growspace-store-coverage.spec.ts > GrowspaceStore Branch Coverage > Preset Fetching > should fetch IPM presets with similar logic
[LibraryActions] Fetching IPM presets from server (Force: false)
stderr | tests/unit/growspace-store-coverage.spec.ts > GrowspaceStore Branch Coverage > Preset Fetching > should handle corrupt IPM cache
[LibraryActions] Failed to parse cached IPM presets [SyntaxError: Unexpected token 'i', "invalid json" is not valid JSON]
stdout | tests/unit/growspace-store-coverage.spec.ts > GrowspaceStore Branch Coverage > Preset Fetching > should handle corrupt IPM cache
[LibraryActions] Fetching IPM presets from server (Force: false)
stderr | unknown test
Lit is in dev mode. Not recommended for production! See https://lit.dev/msg/dev-mode for more information.
stdout | tests/unit/features/ui/containers/growspace-header.container.spec.ts > GrowspaceHeaderContainer > add_plant action calls store.actions.ui.openAddPlantDialog
[GrowspaceHeaderContainer] Action triggered: add_plant
stdout | tests/unit/features/ui/containers/growspace-header.container.spec.ts > GrowspaceHeaderContainer > config action calls store.openConfigDialog when device is set
[GrowspaceHeaderContainer] Action triggered: config
stdout | tests/unit/features/ui/containers/growspace-header.container.spec.ts > GrowspaceHeaderContainer > config action does not call openConfigDialog when device is absent
[GrowspaceHeaderContainer] Action triggered: config
stdout | tests/unit/features/ui/containers/growspace-header.container.spec.ts > GrowspaceHeaderContainer > strains action calls store.openStrainLibraryDialog
[GrowspaceHeaderContainer] Action triggered: strains
stdout | tests/unit/features/ui/containers/growspace-header.container.spec.ts > GrowspaceHeaderContainer > irrigation action calls store.openIrrigationDialog when device has deviceId
[GrowspaceHeaderContainer] Action triggered: irrigation
stdout | tests/unit/features/ui/containers/growspace-header.container.spec.ts > GrowspaceHeaderContainer > irrigation action does not call openIrrigationDialog when device has no deviceId
[GrowspaceHeaderContainer] Action triggered: irrigation
stdout | tests/unit/growspace-store-coverage.spec.ts > GrowspaceStore Branch Coverage > Preset Fetching > should handle IPM fetch error
[LibraryActions] Fetching IPM presets from server (Force: true)
stdout | tests/unit/features/ui/containers/growspace-header.container.spec.ts > GrowspaceHeaderContainer > ai action calls store.openGrowMasterDialog with deviceId
[GrowspaceHeaderContainer] Action triggered: ai
stdout | tests/unit/features/ui/containers/growspace-header.container.spec.ts > GrowspaceHeaderContainer > logbook action calls store.openLogbookDialog
[GrowspaceHeaderContainer] Action triggered: logbook
stdout | tests/unit/features/ui/containers/growspace-header.container.spec.ts > GrowspaceHeaderContainer > snapshots action calls store.openSnapshotsDialog with deviceId
[GrowspaceHeaderContainer] Action triggered: snapshots
stdout | tests/unit/features/ui/containers/growspace-header.container.spec.ts > GrowspaceHeaderContainer > water action with no selected plants calls openWateringDialog in growspace mode
[GrowspaceHeaderContainer] Action triggered: water
stdout | tests/unit/features/ui/containers/growspace-header.container.spec.ts > GrowspaceHeaderContainer > water action with selected plants calls openWateringDialog in plant mode
[GrowspaceHeaderContainer] Action triggered: water
stdout | tests/unit/growspace-store-coverage.spec.ts > GrowspaceStore Branch Coverage > Additional Coverage > should handle handleDrop swap logic
handlePlantDrop: {
  "growspaceId": "d1",
  "sourceId": "p1",
  "targetId": "p2",
}
stdout | tests/unit/growspace-store-coverage.spec.ts > GrowspaceStore Branch Coverage > Additional Coverage > should handle handleDrop move to empty logic
handlePlantDrop: {
  "growspaceId": "d1",
  "sourceId": "p1",
  "targetId": "",
}
stdout | tests/unit/features/ui/containers/growspace-header.container.spec.ts > GrowspaceHeaderContainer > ipm action with no selected plants calls openIPMDialog without plantIds
[GrowspaceHeaderContainer] Action triggered: ipm
stdout | tests/unit/features/ui/containers/growspace-header.container.spec.ts > GrowspaceHeaderContainer > ipm action with selected plants passes plantIds
[GrowspaceHeaderContainer] Action triggered: ipm
stdout | tests/unit/features/ui/containers/growspace-header.container.spec.ts > GrowspaceHeaderContainer > training action with selected plants passes them to openTrainingDialog
[GrowspaceHeaderContainer] Action triggered: training
stdout | tests/unit/features/ui/containers/growspace-header.container.spec.ts > GrowspaceHeaderContainer > training action with no selected plants passes empty array
[GrowspaceHeaderContainer] Action triggered: training
stdout | tests/unit/growspace-store-coverage.spec.ts > GrowspaceStore Branch Coverage > Additional Coverage > should handle openIPMDialog defaults
[LibraryActions] Fetching IPM presets from server (Force: false)
stderr | unknown test
Lit is in dev mode. Not recommended for production! See https://lit.dev/msg/dev-mode for more information.
stdout | tests/unit/growspace-store-coverage.spec.ts > GrowspaceStore Branch Coverage > Additional Coverage > should handle openIPMDialog with context
[LibraryActions] Fetching IPM presets from server (Force: false)
stdout | tests/unit/growspace-store-coverage.spec.ts > GrowspaceStore Branch Coverage > Additional Coverage > should handle openIPMDialog with plantIds should not set growspaceId from selection
[LibraryActions] Fetching IPM presets from server (Force: false)
stdout | tests/unit/features/ui/containers/growspace-header.container.spec.ts > GrowspaceHeaderContainer > nutrients action calls store.openNutrientsDialog
[GrowspaceHeaderContainer] Action triggered: nutrients
stdout | tests/unit/features/ui/containers/growspace-header.container.spec.ts > GrowspaceHeaderContainer > ec_ramp action calls store.openECRampDialog with deviceId
[GrowspaceHeaderContainer] Action triggered: ec_ramp
stdout | tests/unit/features/ui/containers/growspace-header.container.spec.ts > GrowspaceHeaderContainer > report action calls store.openGrowReportDialog with deviceId
[GrowspaceHeaderContainer] Action triggered: report
stdout | tests/unit/features/ui/containers/growspace-header.container.spec.ts > GrowspaceHeaderContainer > edit action toggles edit mode
[GrowspaceHeaderContainer] Action triggered: edit
stdout | tests/unit/features/ui/containers/growspace-header.container.spec.ts > GrowspaceHeaderContainer > edit action sets edit mode to false when currently true
[GrowspaceHeaderContainer] Action triggered: edit
stdout | tests/unit/features/ui/containers/growspace-header.container.spec.ts > GrowspaceHeaderContainer > heatmap action toggles to HEATMAP from STANDARD
[GrowspaceHeaderContainer] Action triggered: heatmap
stdout | tests/unit/features/ui/containers/growspace-header.container.spec.ts > GrowspaceHeaderContainer > heatmap action toggles back to STANDARD from HEATMAP
[GrowspaceHeaderContainer] Action triggered: heatmap
 ✓ |chromium| tests/unit/features/ui/components/growspace-watering-dialog-ui.spec.ts (23 tests) 62ms
stdout | tests/unit/features/ui/containers/growspace-header.container.spec.ts > GrowspaceHeaderContainer > edit action switches ViewMode to STANDARD if currently COMPACT
[GrowspaceHeaderContainer] Action triggered: edit
stdout | tests/unit/features/ui/containers/growspace-header.container.spec.ts > GrowspaceHeaderContainer > ai action with no deviceId falls back to empty string
[GrowspaceHeaderContainer] Action triggered: ai
stdout | tests/unit/features/ui/containers/growspace-header.container.spec.ts > GrowspaceHeaderContainer > training action with no device passes undefined
[GrowspaceHeaderContainer] Action triggered: training
stdout | tests/unit/features/ui/containers/growspace-header.container.spec.ts > GrowspaceHeaderContainer > ec_ramp action with no device passes undefined
[GrowspaceHeaderContainer] Action triggered: ec_ramp
stderr | tests/unit/growspace-store-coverage.spec.ts > GrowspaceStore Branch Coverage > Additional Coverage > should handle corrupt strain library cache
Failed to parse cached strain library [SyntaxError: Unexpected token 'i', "invalid json" is not valid JSON]
stdout | tests/unit/growspace-store-coverage.spec.ts > GrowspaceStore Branch Coverage > Additional Coverage > should cover openNutrientPresetsDialog
[LibraryActions] Fetching nutrient presets from server (Force: false)
stdout | tests/unit/features/ui/containers/growspace-header.container.spec.ts > GrowspaceHeaderContainer > report action with no device passes undefined
[GrowspaceHeaderContainer] Action triggered: report
stdout | tests/unit/features/ui/containers/growspace-header.container.spec.ts > GrowspaceHeaderContainer > snapshots action with no device passes undefined
[GrowspaceHeaderContainer] Action triggered: snapshots
stdout | tests/unit/features/ui/containers/growspace-header.container.spec.ts > GrowspaceHeaderContainer > water action with no deviceId passes undefined
[GrowspaceHeaderContainer] Action triggered: water
stdout | tests/unit/growspace-store-coverage.spec.ts > GrowspaceStore Branch Coverage > Additional Coverage > should cover fetchECRampCurves
[LibraryActions] Fetching EC ramp curves from server (Force: false)
stdout | tests/unit/features/ui/containers/growspace-header.container.spec.ts > GrowspaceHeaderContainer > ipm action with no deviceId falls back to empty string
[GrowspaceHeaderContainer] Action triggered: ipm
stdout | tests/unit/features/ui/containers/growspace-header.container.spec.ts > GrowspaceHeaderContainer > unknown action logs a warning and does not throw
[GrowspaceHeaderContainer] Action triggered: unknown_action
stdout | tests/unit/features/ui/containers/growspace-header.container.spec.ts > GrowspaceHeaderContainer > action does nothing when store is not set
[GrowspaceHeaderContainer] Action triggered: add_plant
stderr | tests/unit/plant-utils.spec.ts > Display Formatters > should fallback when Intl.DateTimeFormat fails
[vitest] The DateTimeFormat mock did not use 'function' or 'class' in its implementation, see https://vitest.dev/api/vi#vi-spyon for examples.
stderr | tests/unit/plant-utils.spec.ts > Display Formatters > should fallback when Intl.DateTimeFormat fails
[PlantUtils] Date formatting error: [TypeError: () => {
      throw new Error("Intl error");
    } is not a constructor]
stderr | tests/unit/plant-utils.spec.ts > Display Formatters > should fallback when Intl.NumberFormat fails
[vitest] The NumberFormat mock did not use 'function' or 'class' in its implementation, see https://vitest.dev/api/vi#vi-spyon for examples.
stderr | tests/unit/plant-utils.spec.ts > Display Formatters > should fallback when Intl.NumberFormat fails
[PlantUtils] Number formatting error: [TypeError: () => {
      throw new Error("Intl error");
    } is not a constructor]
stdout | tests/unit/growspace-store-coverage.spec.ts > GrowspaceStore Branch Coverage > Deep Branch Coverage > should handle fetchIPMPresets API returning null/undefined
[LibraryActions] Fetching IPM presets from server (Force: false)
stdout | tests/unit/growspace-store-coverage.spec.ts > GrowspaceStore Branch Coverage > Deep Branch Coverage > should handle fetchNutrientPresets API returning null/undefined
[LibraryActions] Fetching nutrient presets from server (Force: false)
stdout | tests/unit/growspace-store-coverage.spec.ts > GrowspaceStore Branch Coverage > Deep Branch Coverage > should handle fetchIPMPresets cache hit
[LibraryActions] Using cached IPM presets (Age: 0ms)
stdout | tests/unit/growspace-store-coverage.spec.ts > GrowspaceStore Branch Coverage > Data Fetching Cache Edge Cases > should handle undefined timestamp in nutrient presets cache
[LibraryActions] Fetching nutrient presets from server (Force: false)
stderr | unknown test
Lit is in dev mode. Not recommended for production! See https://lit.dev/msg/dev-mode for more information.
stdout | tests/unit/growspace-store-coverage.spec.ts > GrowspaceStore Branch Coverage > Data Fetching Cache Edge Cases > should handle undefined timestamp in IPM presets cache
[LibraryActions] Fetching IPM presets from server (Force: false)
stderr | unknown test
Lit is in dev mode. Not recommended for production! See https://lit.dev/msg/dev-mode for more information.
 ✓ |chromium| tests/unit/features/ui/containers/growspace-header.container.spec.ts (60 tests) 70ms
 ✓ |chromium| tests/unit/plant-utils.spec.ts (81 tests) 62ms
 ✓ |chromium| tests/unit/growspace-store-coverage.spec.ts (75 tests) 73ms
 ✓ |chromium| tests/unit/dialogs/logbook-dialog.spec.ts (11 tests) 65ms
 ✓ |chromium| tests/unit/features/shared/ui/lineage-tree.spec.ts (20 tests) 45ms
 ✓ |chromium| tests/unit/components/ui/quick-note-input.spec.ts (31 tests) 62ms
 ✓ |chromium| tests/unit/dialogs/seeds-genetics-tab-coverage.spec.ts (15 tests) 91ms
 ✓ |chromium| tests/unit/utils/three/renderers/vpd-cloud-renderer.spec.ts (22 tests) 53ms
stderr | unknown test
Lit is in dev mode. Not recommended for production! See https://lit.dev/msg/dev-mode for more information.
stderr | unknown test
Lit is in dev mode. Not recommended for production! See https://lit.dev/msg/dev-mode for more information.
stderr | unknown test
Lit is in dev mode. Not recommended for production! See https://lit.dev/msg/dev-mode for more information.
 ✓ |chromium| tests/unit/features/plants/components/plant-harvest-tab.spec.ts (9 tests) 54ms
 ✓ |chromium| tests/unit/features/plants/components/plant-actions-tab.spec.ts (16 tests) 57ms
 ✓ |chromium| tests/unit/utils/three/renderers/equipment-renderer.spec.ts (53 tests) 8854ms
     ✓ should handle drain pump vs irrigation pump in particle animation  2674ms
     ✓ should hit final animation and hose update branches  5820ms
stderr | unknown test
Lit is in dev mode. Not recommended for production! See https://lit.dev/msg/dev-mode for more information.
 ✓ |chromium| tests/unit/dialogs/clone-dialog.spec.ts (20 tests) 61ms
 ✓ |chromium| tests/unit/dialogs/grow-report-dialog.spec.ts (18 tests) 34ms
stdout | tests/unit/library-actions.spec.ts > LibraryActions > fetchECRampCurves > should fetch from server and cache when no cache exists
[LibraryActions] Fetching EC ramp curves from server (Force: false)
stdout | tests/unit/library-actions.spec.ts > LibraryActions > fetchECRampCurves > should use valid cache and not fetch from server
[LibraryActions] Using cached EC ramp curves (Age: 0ms)
stdout | tests/unit/library-actions.spec.ts > LibraryActions > fetchECRampCurves > should fetch from server if cache is expired
[LibraryActions] Fetching EC ramp curves from server (Force: false)
stdout | tests/unit/library-actions.spec.ts > LibraryActions > fetchECRampCurves > should fetch from server if force is true
[LibraryActions] Fetching EC ramp curves from server (Force: true)
stderr | tests/unit/library-actions.spec.ts > LibraryActions > fetchECRampCurves > should handle corrupt cache
[LibraryActions] Failed to parse cached EC ramp curves [SyntaxError: Unexpected token 'i', "invalid-json" is not valid JSON]
stdout | tests/unit/library-actions.spec.ts > LibraryActions > fetchECRampCurves > should handle corrupt cache
[LibraryActions] Fetching EC ramp curves from server (Force: false)
stdout | tests/unit/library-actions.spec.ts > LibraryActions > fetchECRampCurves > should log error on fetch failure
[LibraryActions] Fetching EC ramp curves from server (Force: false)
stdout | tests/unit/library-actions.spec.ts > LibraryActions > fetchECRampCurves > should handle missing timestamp in cache (line 210)
[LibraryActions] Fetching EC ramp curves from server (Force: false)
stdout | tests/unit/library-actions.spec.ts > LibraryActions > saveECRampCurve > should save curve, refresh and show toast
[LibraryActions] Fetching EC ramp curves from server (Force: true)
stdout | tests/unit/library-actions.spec.ts > LibraryActions > removeECRampCurve > should remove curve, refresh and show toast
[LibraryActions] Fetching EC ramp curves from server (Force: true)
stderr | tests/unit/library-actions.spec.ts > LibraryActions > fetchStrainLibrary > should handle JSON parse error
Failed to parse cached strain library [SyntaxError: Unexpected token 'i', "invalid-json" is not valid JSON]
stdout | tests/unit/library-actions.spec.ts > LibraryActions > fetchNutrientPresets > should use valid cache
[LibraryActions] Using cached nutrient presets (Age: 0ms)
stderr | tests/unit/library-actions.spec.ts > LibraryActions > fetchNutrientPresets > should handle parse error
[LibraryActions] Failed to parse cached nutrient presets [SyntaxError: Expected property name or '}' in JSON at position 1 (line 1 column 2)]
stdout | tests/unit/library-actions.spec.ts > LibraryActions > fetchNutrientPresets > should handle parse error
[LibraryActions] Fetching nutrient presets from server (Force: false)
stdout | tests/unit/library-actions.spec.ts > LibraryActions > fetchNutrientPresets > should handle fetch error
[LibraryActions] Fetching nutrient presets from server (Force: false)
stdout | tests/unit/library-actions.spec.ts > LibraryActions > fetchNutrientPresets > should fetch from server and cache on success
[LibraryActions] Fetching nutrient presets from server (Force: true)
stdout | tests/unit/library-actions.spec.ts > LibraryActions > fetchIPMPresets > should use valid cache
[LibraryActions] Using cached IPM presets (Age: 0ms)
stderr | tests/unit/library-actions.spec.ts > LibraryActions > fetchIPMPresets > should handle parse error
[LibraryActions] Failed to parse cached IPM presets [SyntaxError: Expected property name or '}' in JSON at position 1 (line 1 column 2)]
stdout | tests/unit/library-actions.spec.ts > LibraryActions > fetchIPMPresets > should handle parse error
[LibraryActions] Fetching IPM presets from server (Force: false)
stdout | tests/unit/library-actions.spec.ts > LibraryActions > fetchIPMPresets > should handle fetch error
[LibraryActions] Fetching IPM presets from server (Force: false)
stdout | tests/unit/library-actions.spec.ts > LibraryActions > fetchIPMPresets > should fetch from server and cache on success
[LibraryActions] Fetching IPM presets from server (Force: true)
 ✓ |chromium| tests/unit/library-actions.spec.ts (36 tests) 20ms
stderr | unknown test
Lit is in dev mode. Not recommended for production! See https://lit.dev/msg/dev-mode for more information.
stderr | unknown test
Lit is in dev mode. Not recommended for production! See https://lit.dev/msg/dev-mode for more information.
stderr | unknown test
Lit is in dev mode. Not recommended for production! See https://lit.dev/msg/dev-mode for more information.
stderr | unknown test
Lit is in dev mode. Not recommended for production! See https://lit.dev/msg/dev-mode for more information.
stderr | unknown test
Lit is in dev mode. Not recommended for production! See https://lit.dev/msg/dev-mode for more information.
stderr | unknown test
Lit is in dev mode. Not recommended for production! See https://lit.dev/msg/dev-mode for more information.
stderr | unknown test
Lit is in dev mode. Not recommended for production! See https://lit.dev/msg/dev-mode for more information.
stderr | unknown test
Lit is in dev mode. Not recommended for production! See https://lit.dev/msg/dev-mode for more information.
 ✓ |chromium| tests/unit/dialogs/config-dialog-interactions.spec.ts (3 tests) 45ms
 ✓ |chromium| tests/unit/features/ui/components/growspace-header-secondary-ui.spec.ts (16 tests) 37ms
 ✓ |chromium| tests/unit/features/plants/components/plant-identity-card.spec.ts (11 tests) 36ms
stderr | unknown test
Lit is in dev mode. Not recommended for production! See https://lit.dev/msg/dev-mode for more information.
stderr | tests/unit/features/ui/components/growspace-nutrient-presets-editor-ui.spec.ts > GrowspaceNutrientPresetsEditorUI > resets to LIST view when dialog is reopened
Element growspace-nutrient-presets-editor-ui scheduled an update (generally because a property was set) after an update completed, causing a new update to be scheduled. This is inefficient and should be avoided unless the next update can only be scheduled as a side effect of the previous update. See https://lit.dev/msg/change-in-update for more information.
 ✓ |chromium| tests/unit/dialogs/sensor-group-dialog.spec.ts (16 tests) 36ms
 ✓ |chromium| tests/unit/coverage-top-off.spec.ts (11 tests) 60ms
 ✓ |chromium| src/features/ui/components/growspace-header-actions-ui.test.ts (27 tests) 50ms
 ✓ |chromium| tests/unit/features/ui/components/growspace-header-hero-ui.spec.ts (25 tests) 49ms
 ✓ |chromium| tests/unit/features/ui/components/growspace-nutrient-presets-editor-ui.spec.ts (21 tests) 66ms
 ✓ |chromium| tests/unit/features/plants/components/plant-genetics-tab.spec.ts (12 tests) 47ms
stdout | tests/unit/services/api/nutrient-api.spec.ts > DataService - NutrientAPI > IPM Actions > should save IPM preset
[NutrientAPI:saveIPMPreset] Saving IPM preset: {
  "items": [
    {
      "dose_amount": 5,
      "dose_unit": "ml/L",
      "name": "Neem Oil",
    },
  ],
  "name": "Neem",
  "type": "Foliar",
}
stdout | tests/unit/services/api/nutrient-api.spec.ts > DataService - NutrientAPI > IPM Actions > should save IPM preset
[NutrientAPI:saveIPMPreset] Service Called
stdout | tests/unit/services/api/nutrient-api.spec.ts > DataService - NutrientAPI > IPM Actions > should handle error in saveIPMPreset
[NutrientAPI:saveIPMPreset] Saving IPM preset: {
  "items": [],
  "name": "X",
  "type": "Y",
}
stderr | tests/unit/services/api/nutrient-api.spec.ts > DataService - NutrientAPI > IPM Actions > should handle error in saveIPMPreset
[NutrientAPI:saveIPMPreset] Error: [Error: Save Fail]
stdout | tests/unit/services/api/nutrient-api.spec.ts > DataService - NutrientAPI > IPM Actions > should remove IPM preset
[NutrientAPI:removeIPMPreset] Removing IPM preset: p1
stdout | tests/unit/services/api/nutrient-api.spec.ts > DataService - NutrientAPI > IPM Actions > should remove IPM preset
[NutrientAPI:removeIPMPreset] Service Called
stdout | tests/unit/services/api/nutrient-api.spec.ts > DataService - NutrientAPI > IPM Actions > should handle error in removeIPMPreset
[NutrientAPI:removeIPMPreset] Removing IPM preset: p1
stderr | tests/unit/services/api/nutrient-api.spec.ts > DataService - NutrientAPI > IPM Actions > should handle error in removeIPMPreset
[NutrientAPI:removeIPMPreset] Error: [Error: Remove Fail]
stdout | tests/unit/services/api/nutrient-api.spec.ts > DataService - NutrientAPI > IPM Actions > should apply IPM preset
[NutrientAPI:applyIPM] Applying IPM: {
  "growspace_id": "g1",
  "preset_id": "p1",
}
stdout | tests/unit/services/api/nutrient-api.spec.ts > DataService - NutrientAPI > IPM Actions > should apply IPM preset
[NutrientAPI:applyIPM] Service Called
stdout | tests/unit/services/api/nutrient-api.spec.ts > DataService - NutrientAPI > IPM Actions > should handle error in applyIPM
[NutrientAPI:applyIPM] Applying IPM: {
  "preset_id": "p1",
}
stderr | tests/unit/services/api/nutrient-api.spec.ts > DataService - NutrientAPI > IPM Actions > should handle error in applyIPM
[NutrientAPI:applyIPM] Error: [Error: Apply Fail]
stdout | tests/unit/services/api/nutrient-api.spec.ts > DataService - NutrientAPI > Nutrient Presets > should save nutrient preset
[NutrientAPI:saveNutrientPreset] Saving nutrient preset: {
  "min_days_in_stage": 7,
  "name": "Veg Week 1",
  "nutrients": [
    {
      "dose_ml_l": 2,
      "name": "Base",
    },
  ],
  "stage": "veg",
}
stdout | tests/unit/services/api/nutrient-api.spec.ts > DataService - NutrientAPI > Nutrient Presets > should save nutrient preset
[NutrientAPI:saveNutrientPreset] Service Called
stdout | tests/unit/services/api/nutrient-api.spec.ts > DataService - NutrientAPI > Nutrient Presets > should save nutrient preset with preset_id for update
[NutrientAPI:saveNutrientPreset] Saving nutrient preset: {
  "name": "Updated Preset",
  "nutrients": [
    {
      "dose_ml_l": 3,
      "name": "Bloom",
    },
  ],
  "preset_id": "existing1",
}
stdout | tests/unit/services/api/nutrient-api.spec.ts > DataService - NutrientAPI > Nutrient Presets > should save nutrient preset with preset_id for update
[NutrientAPI:saveNutrientPreset] Service Called
stdout | tests/unit/services/api/nutrient-api.spec.ts > DataService - NutrientAPI > Nutrient Presets > should handle error in saveNutrientPreset
[NutrientAPI:saveNutrientPreset] Saving nutrient preset: {
  "name": "X",
  "nutrients": [],
}
stderr | tests/unit/services/api/nutrient-api.spec.ts > DataService - NutrientAPI > Nutrient Presets > should handle error in saveNutrientPreset
[NutrientAPI:saveNutrientPreset] Error: [Error: Save preset failed]
stdout | tests/unit/services/api/nutrient-api.spec.ts > DataService - NutrientAPI > Nutrient Presets > should remove nutrient preset
[NutrientAPI:removeNutrientPreset] Removing nutrient preset: preset123
stdout | tests/unit/services/api/nutrient-api.spec.ts > DataService - NutrientAPI > Nutrient Presets > should remove nutrient preset
[NutrientAPI:removeNutrientPreset] Service Called
stdout | tests/unit/services/api/nutrient-api.spec.ts > DataService - NutrientAPI > Nutrient Presets > should handle error in removeNutrientPreset
[NutrientAPI:removeNutrientPreset] Removing nutrient preset: p1
stderr | tests/unit/services/api/nutrient-api.spec.ts > DataService - NutrientAPI > Nutrient Presets > should handle error in removeNutrientPreset
[NutrientAPI:removeNutrientPreset] Error: [Error: Remove preset failed]
stdout | tests/unit/services/api/nutrient-api.spec.ts > DataService - NutrientAPI > Nutrient Inventory > should update nutrient stock
[NutrientAPI] Updated stock: Base
stderr | tests/unit/services/api/nutrient-api.spec.ts > DataService - NutrientAPI > Nutrient Inventory > should handle error in updateNutrientStock
[NutrientAPI:updateNutrientStock] Error: [Error: Update Fail]
stdout | tests/unit/services/api/nutrient-api.spec.ts > DataService - NutrientAPI > Nutrient Inventory > should remove nutrient stock
[NutrientAPI] Removed stock: n1
stderr | tests/unit/services/api/nutrient-api.spec.ts > DataService - NutrientAPI > Nutrient Inventory > should handle error in removeNutrientStock
[NutrientAPI:removeNutrientStock] Error: [Error: Remove Fail]
stderr | tests/unit/services/api/nutrient-api.spec.ts > DataService - NutrientAPI > EC Ramp Curves > fetchECRampCurves should fetch and return curves on success
[NutrientAPI] EC Ramp Curves Validation Failed: {
  "_errors": [
    "Expected array, received object",
  ],
  "c1": {
    "_errors": [],
    "id": {
      "_errors": [
        "Required",
      ],
    },
  },
}
stdout | tests/unit/services/api/nutrient-api.spec.ts > DataService - NutrientAPI > EC Ramp Curves > saveECRampCurve should call service with transformed data
[NutrientAPI:saveECRampCurve] Saving curve: {
  "name": "New Curve",
  "points": [
    {
      "day": 1,
      "target_ec": 1,
    },
  ],
}
stdout | tests/unit/services/api/nutrient-api.spec.ts > DataService - NutrientAPI > EC Ramp Curves > removeECRampCurve should call service with id
[NutrientAPI:removeECRampCurve] Removing curve: c1
stdout | tests/unit/services/api/nutrient-api.spec.ts > DataService - NutrientAPI > EC Ramp Curves > saveECRampCurve should handle error
[NutrientAPI:saveECRampCurve] Saving curve: {
  "name": "X",
  "points": [],
}
stderr | tests/unit/services/api/nutrient-api.spec.ts > DataService - NutrientAPI > EC Ramp Curves > saveECRampCurve should handle error
[NutrientAPI:saveECRampCurve] Error: [Error: Save fail]
stdout | tests/unit/services/api/nutrient-api.spec.ts > DataService - NutrientAPI > EC Ramp Curves > removeECRampCurve should handle error
[NutrientAPI:removeECRampCurve] Removing curve: c1
stderr | tests/unit/services/api/nutrient-api.spec.ts > DataService - NutrientAPI > EC Ramp Curves > removeECRampCurve should handle error
[NutrientAPI:removeECRampCurve] Error: [Error: Remove fail]
stdout | tests/unit/history-store.spec.ts > history-store > Entity ID Resolution > should correct resolve overviewEntityID
[GrowspaceDataStore] Mounted - subscribers connected
stdout | tests/unit/history-store.spec.ts > history-store > Entity ID Resolution > should correct resolve overviewEntityID
[HistoryStore] History loaded successfully
stdout | tests/unit/history-store.spec.ts > history-store > Graph Ranges > should handle all time ranges correctly
[GrowspaceDataStore] Mounted - subscribers connected
stdout | tests/unit/history-store.spec.ts > history-store > Graph Ranges > should handle all time ranges correctly
[HistoryStore] History loaded successfully
stdout | tests/unit/history-store.spec.ts > history-store > Graph Ranges > should handle all time ranges correctly
[HistoryStore] History loaded successfully
stdout | tests/unit/history-store.spec.ts > history-store > Graph Ranges > should handle all time ranges correctly
[HistoryStore] History loaded successfully
stdout | tests/unit/history-store.spec.ts > history-store > Graph Ranges > should handle all time ranges correctly
[HistoryStore] History loaded successfully
stdout | tests/unit/history-store.spec.ts > history-store > History Fetching > should load history on demand successfully
[GrowspaceDataStore] Mounted - subscribers connected
stdout | tests/unit/history-store.spec.ts > history-store > History Fetching > should load history on demand successfully
[HistoryStore] History loaded successfully
stdout | tests/unit/history-store.spec.ts > history-store > History Fetching > should handle load history failure
[GrowspaceDataStore] Mounted - subscribers connected
stderr | tests/unit/history-store.spec.ts > history-store > History Fetching > should handle load history failure
[HistoryStore] Failed to load history [Error: Fetch failed]
stdout | tests/unit/history-store.spec.ts > history-store > History Fetching > should start and stop auto refresh
[GrowspaceDataStore] Mounted - subscribers connected
stdout | tests/unit/history-store.spec.ts > history-store > History Fetching > should refresh when tab becomes visible
[GrowspaceDataStore] Mounted - subscribers connected
stdout | tests/unit/history-store.spec.ts > history-store > History Fetching > should fetch delta when timestamps exist
[GrowspaceDataStore] Mounted - subscribers connected
stdout | tests/unit/history-store.spec.ts > history-store > History Fetching > should handle delta merge correctly (filtering old)
[GrowspaceDataStore] Mounted - subscribers connected
stdout | tests/unit/history-store.spec.ts > history-store > Coverage Gap Filling > should handle overview entity correctly in _fetchHistory
[GrowspaceDataStore] Mounted - subscribers connected
stdout | tests/unit/history-store.spec.ts > history-store > Coverage Gap Filling > should handle _fetchHistoryDelta errors
[GrowspaceDataStore] Mounted - subscribers connected
stdout | tests/unit/history-store.spec.ts > history-store > Coverage Gap Filling > should return early in _fetchHistoryDelta when device is not found
[GrowspaceDataStore] Mounted - subscribers connected
stdout | tests/unit/history-store.spec.ts > history-store > Coverage Gap Filling > should handle empty delta data in _fetchHistoryDelta
[GrowspaceDataStore] Mounted - subscribers connected
stdout | tests/unit/history-store.spec.ts > history-store > Coverage Gap Filling > should return early in _fetchHistoryDelta if no entities to fetch
[GrowspaceDataStore] Mounted - subscribers connected
stdout | tests/unit/history-store.spec.ts > history-store > Coverage Gap Filling > should return early in _fetchHistory if no entities to fetch
[GrowspaceDataStore] Mounted - subscribers connected
stdout | tests/unit/history-store.spec.ts > history-store > Coverage Gap Filling > should handle deltaData branch in _fetchHistoryDelta
[GrowspaceDataStore] Mounted - subscribers connected
stdout | tests/unit/history-store.spec.ts > history-store > Coverage Gap Filling > should return early in _fetchHistory if device not found
[GrowspaceDataStore] Mounted - subscribers connected
stdout | tests/unit/history-store.spec.ts > history-store > Coverage Gap Filling > should handle loadHistoryOnDemand error with no message
[GrowspaceDataStore] Mounted - subscribers connected
stderr | tests/unit/history-store.spec.ts > history-store > Coverage Gap Filling > should handle loadHistoryOnDemand error with no message
[HistoryStore] Failed to load history {}
stdout | tests/unit/history-store.spec.ts > history-store > Coverage Gap Filling > should handle missing entity in batchResults in _fetchHistoryDelta
[GrowspaceDataStore] Mounted - subscribers connected
stdout | src/store/growspace/irrigation-actions.test.ts > addIrrigationTime > calls dataService.addIrrigationTime with correct params
[GrowspaceDataStore] Mounted - subscribers connected
stdout | src/store/growspace/irrigation-actions.test.ts > addIrrigationTime > applies the new time to the device immediately (optimistic)
[GrowspaceDataStore] Mounted - subscribers connected
stdout | src/store/growspace/irrigation-actions.test.ts > addIrrigationTime > registers an undoable action after backend confirms
[GrowspaceDataStore] Mounted - subscribers connected
stdout | src/store/growspace/irrigation-actions.test.ts > addIrrigationTime > rolls back the optimistic update when backend fails
[GrowspaceDataStore] Mounted - subscribers connected
stderr | src/store/growspace/irrigation-actions.test.ts > addIrrigationTime > rolls back the optimistic update when backend fails
Rolling back optimistic action: update {
  "duration": 60,
  "growspaceId": "gs1",
  "time": "06:00:00",
}
stdout | src/store/growspace/irrigation-actions.test.ts > addIrrigationTime > shows error toast when backend fails
[GrowspaceDataStore] Mounted - subscribers connected
stderr | src/store/growspace/irrigation-actions.test.ts > addIrrigationTime > shows error toast when backend fails
Rolling back optimistic action: update {
  "duration": 60,
  "growspaceId": "gs1",
  "time": "06:00:00",
}
stdout | src/store/growspace/irrigation-actions.test.ts > addIrrigationTime > executes redo callback successfully
[GrowspaceDataStore] Mounted - subscribers connected
stdout | src/store/growspace/irrigation-actions.test.ts > addIrrigationTime > handles non-existent device and returns default configuration
[GrowspaceDataStore] Mounted - subscribers connected
stdout | src/store/growspace/irrigation-actions.test.ts > addIrrigationTime > uses default duration of 60 when duration is not provided
[GrowspaceDataStore] Mounted - subscribers connected
stdout | src/store/growspace/irrigation-actions.test.ts > addIrrigationTime > sorts multiple irrigation times correctly
[GrowspaceDataStore] Mounted - subscribers connected
stdout | src/store/growspace/irrigation-actions.test.ts > removeIrrigationTime > calls dataService.removeIrrigationTime with correct params
[GrowspaceDataStore] Mounted - subscribers connected
stdout | src/store/growspace/irrigation-actions.test.ts > removeIrrigationTime > removes the time from the device immediately (optimistic)
[GrowspaceDataStore] Mounted - subscribers connected
stdout | src/store/growspace/irrigation-actions.test.ts > removeIrrigationTime > registers an undoable action after backend confirms
[GrowspaceDataStore] Mounted - subscribers connected
stdout | src/store/growspace/irrigation-actions.test.ts > removeIrrigationTime > restores the time when backend fails
[GrowspaceDataStore] Mounted - subscribers connected
stderr | src/store/growspace/irrigation-actions.test.ts > removeIrrigationTime > restores the time when backend fails
Rolling back optimistic action: delete {
  "growspaceId": "gs1",
  "time": "06:00:00",
}
stdout | src/store/growspace/irrigation-actions.test.ts > removeIrrigationTime > executes redo callback successfully
[GrowspaceDataStore] Mounted - subscribers connected
stdout | src/store/growspace/irrigation-actions.test.ts > addDrainTime > calls dataService.addDrainTime with correct params
[GrowspaceDataStore] Mounted - subscribers connected
stdout | src/store/growspace/irrigation-actions.test.ts > addDrainTime > applies the new drain time to the device immediately (optimistic)
[GrowspaceDataStore] Mounted - subscribers connected
stdout | src/store/growspace/irrigation-actions.test.ts > addDrainTime > registers an undoable action after backend confirms
[GrowspaceDataStore] Mounted - subscribers connected
stdout | src/store/growspace/irrigation-actions.test.ts > addDrainTime > rolls back when backend fails
[GrowspaceDataStore] Mounted - subscribers connected
stderr | src/store/growspace/irrigation-actions.test.ts > addDrainTime > rolls back when backend fails
Rolling back optimistic action: update {
  "duration": 30,
  "growspaceId": "gs1",
  "time": "18:00:00",
}
stdout | src/store/growspace/irrigation-actions.test.ts > addDrainTime > executes redo callback successfully
[GrowspaceDataStore] Mounted - subscribers connected
stdout | src/store/growspace/irrigation-actions.test.ts > addDrainTime > uses default duration of 60 when duration is not provided
[GrowspaceDataStore] Mounted - subscribers connected
stdout | src/store/growspace/irrigation-actions.test.ts > addDrainTime > sorts multiple drain times correctly
[GrowspaceDataStore] Mounted - subscribers connected
stdout | src/store/growspace/irrigation-actions.test.ts > removeDrainTime > calls dataService.removeDrainTime with correct params
[GrowspaceDataStore] Mounted - subscribers connected
stdout | src/store/growspace/irrigation-actions.test.ts > removeDrainTime > removes the drain time from the device immediately (optimistic)
[GrowspaceDataStore] Mounted - subscribers connected
stdout | src/store/growspace/irrigation-actions.test.ts > removeDrainTime > restores the drain time when backend fails
[GrowspaceDataStore] Mounted - subscribers connected
stderr | src/store/growspace/irrigation-actions.test.ts > removeDrainTime > restores the drain time when backend fails
Rolling back optimistic action: delete {
  "growspaceId": "gs1",
  "time": "18:00:00",
}
stdout | src/store/growspace/irrigation-actions.test.ts > removeDrainTime > executes redo callback successfully
[GrowspaceDataStore] Mounted - subscribers connected
stdout | src/store/growspace/irrigation-actions.test.ts > setIrrigationSettings > calls dataService.setIrrigationSettings with correct params
[GrowspaceDataStore] Mounted - subscribers connected
 ✓ |chromium| tests/unit/services/api/nutrient-api.spec.ts (33 tests) 41ms
stdout | src/store/growspace/irrigation-actions.test.ts > setIrrigationSettings > applies settings to device immediately (optimistic)
[GrowspaceDataStore] Mounted - subscribers connected
stdout | src/store/growspace/irrigation-actions.test.ts > setIrrigationSettings > registers an undoable action after backend confirms
[GrowspaceDataStore] Mounted - subscribers connected
stdout | src/store/growspace/irrigation-actions.test.ts > setIrrigationSettings > restores previous settings when backend fails
[GrowspaceDataStore] Mounted - subscribers connected
stderr | src/store/growspace/irrigation-actions.test.ts > setIrrigationSettings > restores previous settings when backend fails
Rolling back optimistic action: update {
  "drainDuration": 45,
  "drainPumpEntity": "",
  "growspaceId": "gs1",
  "irrigationDuration": 90,
  "irrigationPumpEntity": "switch.new_pump",
}
stdout | src/store/growspace/irrigation-actions.test.ts > setIrrigationSettings > executes redo callback successfully
[GrowspaceDataStore] Mounted - subscribers connected
stderr | unknown test
Lit is in dev mode. Not recommended for production! See https://lit.dev/msg/dev-mode for more information.
 ✓ |chromium| tests/unit/history-store.spec.ts (63 tests) 42ms
 ✓ |chromium| tests/unit/sync-service.spec.ts (5 tests) 28ms
 ✓ |chromium| src/store/growspace/irrigation-actions.test.ts (30 tests) 25ms
 ✓ |chromium| tests/unit/features/ui/components/growspace-edit-mode-banner-ui.spec.ts (20 tests) 36ms
stdout | tests/unit/services/api/plant-api.spec.ts > DataService - PlantAPI > Plant Actions Extensions > should clean undefined keys in addStrain
[StrainAPI:addStrain] Adding strain: {
  "breeder": undefined,
  "strain": "X",
}
stdout | tests/unit/services/api/plant-api.spec.ts > DataService - PlantAPI > Plant Actions Extensions > should clean undefined keys in addStrain
[StrainAPI:addStrain] Service Called
stderr | tests/unit/services/api/plant-api.spec.ts > DataService - PlantAPI > Batch Plant Actions > should handle error in addPlants
[PlantAPI:addPlants] Error: [Error: Batch Fail]
stderr | tests/unit/services/api/plant-api.spec.ts > DataService - PlantAPI > Batch Plant Actions > should handle non-Error rejection in addPlants
[PlantAPI:addPlants] Error: String Error
stderr | tests/unit/services/api/plant-api.spec.ts > DataService - PlantAPI > Edge Cases > Service Error Handling > addPlant should handle error
[PlantAPI:addPlant] Error: [Error: Fail]
stderr | tests/unit/services/api/plant-api.spec.ts > DataService - PlantAPI > Edge Cases > Service Error Handling > addPlant should handle non-Error rejections
[PlantAPI:addPlant] Error: String Fail
stderr | tests/unit/services/api/plant-api.spec.ts > DataService - PlantAPI > Edge Cases > Service Error Handling > updatePlant should handle error
[PlantAPI:updatePlant] Error: [Error: Fail]
stderr | tests/unit/services/api/plant-api.spec.ts > DataService - PlantAPI > Edge Cases > Service Error Handling > removePlant should handle error
[PlantAPI:removePlant] Error: [Error: Fail]
stderr | tests/unit/services/api/plant-api.spec.ts > DataService - PlantAPI > Edge Cases > Service Error Handling > swapPlants should handle error
[PlantAPI:swapPlants] Error: [Error: Fail]
stderr | tests/unit/services/api/plant-api.spec.ts > DataService - PlantAPI > Edge Cases > Service Error Handling > harvestPlant should handle error
[PlantAPI:harvestPlant] Error: [Error: Fail]
stderr | tests/unit/services/api/plant-api.spec.ts > DataService - PlantAPI > Edge Cases > Service Error Handling > takeClone should handle error
[PlantAPI:takeClone] Error: [Error: Fail]
stderr | tests/unit/services/api/plant-api.spec.ts > DataService - PlantAPI > Edge Cases > Service Error Handling > moveClone should handle error
[PlantAPI:moveClone] Error: [Error: Fail]
stderr | tests/unit/services/api/plant-api.spec.ts > DataService - PlantAPI > waterPlant > should handle error
[PlantAPI:waterPlant] Error: [Error: Water fail]
stderr | tests/unit/services/api/plant-api.spec.ts > DataService - PlantAPI > printLabel > should handle printing error
[PlantAPI:printLabel] Error: [Error: Print failed]
stderr | tests/unit/services/api/plant-api.spec.ts > DataService - PlantAPI > scorePlant > should handle error
[PlantAPI:scorePlant] Error: [Error: Score fail]
stderr | tests/unit/services/api/plant-api.spec.ts > DataService - PlantAPI > updateHarvestMetrics > should handle error
[PlantAPI:updateHarvestMetrics] Error: [Error: Metrics fail]
stderr | tests/unit/services/api/plant-api.spec.ts > DataService - PlantAPI > movePlant > should handle error
[PlantAPI:movePlant] Error: [Error: Move fail]
stderr | tests/unit/services/api/plant-api.spec.ts > DataService - PlantAPI > logDryingWeight > should handle error
[PlantAPI:logDryingWeight] Error: [Error: Log fail]
stderr | tests/unit/services/api/plant-api.spec.ts > DataService - PlantAPI > logMoistureReading > should handle error
[PlantAPI:logMoistureReading] Error: [Error: Moisture fail]
stderr | tests/unit/services/api/plant-api.spec.ts > DataService - PlantAPI > setVisualTag > should handle error
[PlantAPI:setVisualTag] Error: [Error: Tag fail]
 ✓ |chromium| tests/unit/services/api/plant-api.spec.ts (56 tests) 29ms
stderr | unknown test
Lit is in dev mode. Not recommended for production! See https://lit.dev/msg/dev-mode for more information.
stderr | tests/unit/data-service-coverage.spec.ts > DataService Coverage Gap Fill > fetchGrowspaceData Cache > should return cached data if called twice within TTL
[GrowspaceAPI] API Validation Failed for gs1:  {
  "_errors": [],
  "plants_per_row": {
    "_errors": [
      "Required",
    ],
  },
  "rows": {
    "_errors": [
      "Required",
    ],
  },
  "type": {
    "_errors": [
      "Required",
    ],
  },
}
stdout | tests/unit/data-service-coverage.spec.ts > DataService Coverage Gap Fill > fetchGrowspaceData Cache > should return cached data if called twice within TTL
[GrowspaceAPI] Returning cached data for gs1
stdout | tests/unit/data-service-coverage.spec.ts > DataService Coverage Gap Fill > invalidateCache > should invalidate specific growspace and collection
[GrowspaceAPI] Cache invalidated: g1
stdout | tests/unit/data-service-coverage.spec.ts > DataService Coverage Gap Fill > invalidateCache > should invalidate all if no ID provided
[GrowspaceAPI] Cache invalidated: all
stderr | tests/unit/data-service-coverage.spec.ts > DataService Coverage Gap Fill > fetchNutrientInventory > should strictly return parsed data on success
[NutrientAPI] Nutrient Inventory Validation Failed: {
  "_errors": [],
  "stocks": {
    "_errors": [
      "Required",
    ],
  },
}
stdout | tests/unit/data-service-coverage.spec.ts > DataService Coverage Gap Fill > Delegation Tests > should delegate Growspace API calls
[GrowspaceAPI:addGrowspace] Adding growspace: {
  "name": "test",
  "plantsPerRow": 1,
  "rows": 1,
}
stdout | tests/unit/data-service-coverage.spec.ts > DataService Coverage Gap Fill > Delegation Tests > should delegate Growspace API calls
[GrowspaceAPI:updateGrowspace] Updating growspace: {
  "growspaceId": "g1",
  "name": "new name",
}
stdout | tests/unit/data-service-coverage.spec.ts > DataService Coverage Gap Fill > Delegation Tests > should delegate Growspace API calls
[GrowspaceAPI:removeGrowspace] Removing growspace: g1
stdout | tests/unit/data-service-coverage.spec.ts > DataService Coverage Gap Fill > Delegation Tests > should delegate Growspace API calls
[GrowspaceAPI:configureEnvironment] Configuring sensors: {
  "growspaceId": "g1",
}
stdout | tests/unit/data-service-coverage.spec.ts > DataService Coverage Gap Fill > Delegation Tests > should delegate Growspace API calls
[GrowspaceAPI:setDehumidifierControl] Setting dehumidifier control for g1 to true
stdout | tests/unit/data-service-coverage.spec.ts > DataService Coverage Gap Fill > Delegation Tests > should delegate Growspace API calls
[GrowspaceAPI:addGrowspace] Service Called
stdout | tests/unit/data-service-coverage.spec.ts > DataService Coverage Gap Fill > Delegation Tests > should delegate Growspace API calls
[GrowspaceAPI:updateGrowspace] Service Called
stdout | tests/unit/data-service-coverage.spec.ts > DataService Coverage Gap Fill > Delegation Tests > should delegate Growspace API calls
[GrowspaceAPI:removeGrowspace] Service Called
stdout | tests/unit/data-service-coverage.spec.ts > DataService Coverage Gap Fill > Delegation Tests > should delegate Growspace API calls
[GrowspaceAPI:configureEnvironment] Service Called
stdout | tests/unit/data-service-coverage.spec.ts > DataService Coverage Gap Fill > Delegation Tests > should delegate Growspace API calls
[GrowspaceAPI:setDehumidifierControl] Service Called
stdout | tests/unit/data-service-coverage.spec.ts > DataService Coverage Gap Fill > Delegation Tests > should delegate Strain API calls
[StrainAPI:fetchStrainLibrary] Fetching strain library via WebSocket API
stdout | tests/unit/data-service-coverage.spec.ts > DataService Coverage Gap Fill > Delegation Tests > should delegate Strain API calls
[StrainAPI:addStrain] Adding strain: {
  "strain": "S1",
}
stdout | tests/unit/data-service-coverage.spec.ts > DataService Coverage Gap Fill > Delegation Tests > should delegate Strain API calls
[StrainAPI:removeStrain] Removing strain: S1 undefined
stdout | tests/unit/data-service-coverage.spec.ts > DataService Coverage Gap Fill > Delegation Tests > should delegate Strain API calls
[StrainAPI:exportStrainLibrary] Exporting strain library
stdout | tests/unit/data-service-coverage.spec.ts > DataService Coverage Gap Fill > Delegation Tests > should delegate Strain API calls
[StrainAPI:importStrainLibrary] Importing strain library ZIP via HTTP. Replace: true
stderr | tests/unit/data-service-coverage.spec.ts > DataService Coverage Gap Fill > Delegation Tests > should delegate Strain API calls
[StrainAPI:importStrainLibrary] Error: [TypeError: this.hass.fetchWithAuth is not a function]
stdout | tests/unit/data-service-coverage.spec.ts > DataService Coverage Gap Fill > Delegation Tests > should delegate Strain API calls
[StrainAPI:clearStrainLibrary] Clearing library
stdout | tests/unit/data-service-coverage.spec.ts > DataService Coverage Gap Fill > Delegation Tests > should delegate Strain API calls
[StrainAPI:fetchStrainLibrary] WS Response: {}
stdout | tests/unit/data-service-coverage.spec.ts > DataService Coverage Gap Fill > Delegation Tests > should delegate Strain API calls
[StrainAPI:addStrain] Service Called
stdout | tests/unit/data-service-coverage.spec.ts > DataService Coverage Gap Fill > Delegation Tests > should delegate Strain API calls
[StrainAPI:removeStrain] Service Called
stdout | tests/unit/data-service-coverage.spec.ts > DataService Coverage Gap Fill > Delegation Tests > should delegate Strain API calls
[StrainAPI:exportStrainLibrary] Service Called
stdout | tests/unit/data-service-coverage.spec.ts > DataService Coverage Gap Fill > Delegation Tests > should delegate Strain API calls
[StrainAPI:clearStrainLibrary] Service Called
stdout | tests/unit/data-service-coverage.spec.ts > DataService Coverage Gap Fill > Delegation Tests > should delegate Nutrient API calls
[NutrientAPI:saveIPMPreset] Saving IPM preset: {
  "items": [],
  "name": "IPM1",
  "type": "Foliar",
}
stdout | tests/unit/data-service-coverage.spec.ts > DataService Coverage Gap Fill > Delegation Tests > should delegate Nutrient API calls
[NutrientAPI:removeIPMPreset] Removing IPM preset: ipm1
stdout | tests/unit/data-service-coverage.spec.ts > DataService Coverage Gap Fill > Delegation Tests > should delegate Nutrient API calls
[NutrientAPI:saveNutrientPreset] Saving nutrient preset: {
  "name": "Base",
  "nutrients": [],
}
stdout | tests/unit/data-service-coverage.spec.ts > DataService Coverage Gap Fill > Delegation Tests > should delegate Nutrient API calls
[NutrientAPI:removeNutrientPreset] Removing nutrient preset: p1
stdout | tests/unit/data-service-coverage.spec.ts > DataService Coverage Gap Fill > Delegation Tests > should delegate Nutrient API calls
[NutrientAPI:applyIPM] Applying IPM: {
  "preset_id": "p1",
}
stdout | tests/unit/data-service-coverage.spec.ts > DataService Coverage Gap Fill > Delegation Tests > should delegate Nutrient API calls
[NutrientAPI] Updated stock: N1
stdout | tests/unit/data-service-coverage.spec.ts > DataService Coverage Gap Fill > Delegation Tests > should delegate Nutrient API calls
[NutrientAPI] Removed stock: n1
stdout | tests/unit/data-service-coverage.spec.ts > DataService Coverage Gap Fill > Delegation Tests > should delegate Nutrient API calls
[NutrientAPI:saveIPMPreset] Service Called
stdout | tests/unit/data-service-coverage.spec.ts > DataService Coverage Gap Fill > Delegation Tests > should delegate Nutrient API calls
[NutrientAPI:removeIPMPreset] Service Called
stdout | tests/unit/data-service-coverage.spec.ts > DataService Coverage Gap Fill > Delegation Tests > should delegate Nutrient API calls
[NutrientAPI:saveNutrientPreset] Service Called
stdout | tests/unit/data-service-coverage.spec.ts > DataService Coverage Gap Fill > Delegation Tests > should delegate Nutrient API calls
[NutrientAPI:removeNutrientPreset] Service Called
stdout | tests/unit/data-service-coverage.spec.ts > DataService Coverage Gap Fill > Delegation Tests > should delegate Nutrient API calls
[NutrientAPI:applyIPM] Service Called
stdout | tests/unit/data-service-coverage.spec.ts > DataService Coverage Gap Fill > Delegation Tests > should delegate History API calls
[HistoryAPI.getBatchHistory] entities=1, start=2026-05-21T10:46:41.882Z, end=undefined, duration=undefineds, url=history/period/2026-05-21T10:46:41.882Z?filter_entity_id=e1&minimal_response
stdout | tests/unit/data-service-coverage.spec.ts > DataService Coverage Gap Fill > Delegation Tests > should delegate History API calls
[HistoryAPI.getBatchHistory] About to call API with URL: history/period/2026-05-21T10:46:41.882Z?filter_entity_id=e1&minimal_response
stderr | tests/unit/data-service-coverage.spec.ts > DataService Coverage Gap Fill > Delegation Tests > should delegate History API calls
[HistoryAPI] Error fetching batch history: [TypeError: this.hass.callApi is not a function]
stderr | tests/unit/data-service-coverage.spec.ts > DataService Coverage Gap Fill > Delegation Tests > should delegate History API calls
[HistoryAPI] getHistoryStats WS failed, falling back to REST batch. Error: [TypeError: this.hass.callWS is not a function]
stdout | tests/unit/data-service-coverage.spec.ts > DataService Coverage Gap Fill > Delegation Tests > should delegate History API calls
[HistoryAPI] Fallback params: start=2026-05-21T10:46:41.884Z, end=undefined
stdout | tests/unit/data-service-coverage.spec.ts > DataService Coverage Gap Fill > Delegation Tests > should delegate History API calls
[HistoryAPI.getBatchHistory] entities=1, start=2026-05-21T10:46:41.884Z, end=undefined, duration=undefineds, url=history/period/2026-05-21T10:46:41.884Z?filter_entity_id=e1&minimal_response
stdout | tests/unit/data-service-coverage.spec.ts > DataService Coverage Gap Fill > Delegation Tests > should delegate History API calls
[HistoryAPI.getBatchHistory] About to call API with URL: history/period/2026-05-21T10:46:41.884Z?filter_entity_id=e1&minimal_response
stderr | tests/unit/data-service-coverage.spec.ts > DataService Coverage Gap Fill > Delegation Tests > should delegate History API calls
[HistoryAPI] Error fetching batch history: [TypeError: this.hass.callApi is not a function]
stdout | tests/unit/data-service-coverage.spec.ts > DataService Coverage Gap Fill > Delegation Tests > should delegate Irrigation API calls
[IrrigationAPI:setIrrigationSettings] Setting irrigation settings: {
  "growspaceId": "g1",
}
stdout | tests/unit/data-service-coverage.spec.ts > DataService Coverage Gap Fill > Delegation Tests > should delegate Irrigation API calls
[IrrigationAPI:addIrrigationTime] Adding irrigation time: {
  "growspaceId": "g1",
  "time": "10:00",
}
stdout | tests/unit/data-service-coverage.spec.ts > DataService Coverage Gap Fill > Delegation Tests > should delegate Irrigation API calls
[IrrigationAPI:removeIrrigationTime] Removing irrigation time: {
  "growspaceId": "g1",
  "time": "10:00",
}
stdout | tests/unit/data-service-coverage.spec.ts > DataService Coverage Gap Fill > Delegation Tests > should delegate Irrigation API calls
[IrrigationAPI:addDrainTime] Adding drain time: {
  "growspaceId": "g1",
  "time": "10:00",
}
stdout | tests/unit/data-service-coverage.spec.ts > DataService Coverage Gap Fill > Delegation Tests > should delegate Irrigation API calls
[IrrigationAPI:removeDrainTime] Removing drain time: {
  "growspaceId": "g1",
  "time": "10:00",
}
stdout | tests/unit/data-service-coverage.spec.ts > DataService Coverage Gap Fill > Delegation Tests > should delegate Irrigation API calls
[IrrigationAPI:setIrrigationStrategy] Setting strategy: {}
stdout | tests/unit/data-service-coverage.spec.ts > DataService Coverage Gap Fill > Delegation Tests > should delegate Irrigation API calls
[IrrigationAPI:waterGrowspace] Watering growspace: g1 total amount: 1000 preset: undefined
stdout | tests/unit/data-service-coverage.spec.ts > DataService Coverage Gap Fill > Delegation Tests > should delegate Irrigation API calls
[IrrigationAPI:setIrrigationSettings] Service Called
stdout | tests/unit/data-service-coverage.spec.ts > DataService Coverage Gap Fill > Delegation Tests > should delegate Irrigation API calls
[IrrigationAPI:addIrrigationTime] Service Called
stdout | tests/unit/data-service-coverage.spec.ts > DataService Coverage Gap Fill > Delegation Tests > should delegate Irrigation API calls
[IrrigationAPI:removeIrrigationTime] Service Called
stdout | tests/unit/data-service-coverage.spec.ts > DataService Coverage Gap Fill > Delegation Tests > should delegate Irrigation API calls
[IrrigationAPI:addDrainTime] Service Called
stdout | tests/unit/data-service-coverage.spec.ts > DataService Coverage Gap Fill > Delegation Tests > should delegate Irrigation API calls
[IrrigationAPI:removeDrainTime] Service Called
stdout | tests/unit/data-service-coverage.spec.ts > DataService Coverage Gap Fill > Delegation Tests > should delegate Irrigation API calls
[IrrigationAPI:setIrrigationStrategy] Service Called
stdout | tests/unit/data-service-coverage.spec.ts > DataService Coverage Gap Fill > Delegation Tests > should delegate Irrigation API calls
[IrrigationAPI:waterGrowspace] Service Called
stdout | tests/unit/data-service-coverage.spec.ts > DataService Coverage Gap Fill > Delegation Tests > should delegate AI API calls
[AIAPI:askGrowAdvice] Asking advice for: g1 help
stdout | tests/unit/data-service-coverage.spec.ts > DataService Coverage Gap Fill > Delegation Tests > should delegate AI API calls
[AIAPI:analyzeAllGrowspaces] Analyzing all growspaces
stdout | tests/unit/data-service-coverage.spec.ts > DataService Coverage Gap Fill > Delegation Tests > should delegate AI API calls
[AIAPI:getStrainRecommendation] Getting strain recommendation for: something fruity
stderr | unknown test
Lit is in dev mode. Not recommended for production! See https://lit.dev/msg/dev-mode for more information.
 ✓ |chromium| tests/unit/data-service-coverage.spec.ts (13 tests) 32ms
 ✓ |chromium| tests/unit/dialogs/crop-steering-dialog.spec.ts (12 tests) 41ms
stdout | src/dialogs/batch-print-label-dialog.test.ts > GrowspaceStore.openBatchPrintLabelsDialog > reflects dialogHostState after opening
[GrowspaceDataStore] Mounted - subscribers connected
 ✓ |chromium| src/dialogs/batch-print-label-dialog.test.ts (37 tests) 49ms
stderr | unknown test
Lit is in dev mode. Not recommended for production! See https://lit.dev/msg/dev-mode for more information.
stderr | unknown test
Lit is in dev mode. Not recommended for production! See https://lit.dev/msg/dev-mode for more information.
 ✓ |chromium| tests/unit/features/plants/components/growspace-grid-ui.spec.ts (13 tests) 18ms
stderr | tests/unit/components/error-boundary.spec.ts > ErrorBoundary > shows error UI when error is set programmatically
[ErrorBoundary] Caught error: [Error: Test error message]
stderr | tests/unit/components/error-boundary.spec.ts > ErrorBoundary > clears error when clearError is called
[ErrorBoundary] Caught error: [Error: Test error]
stderr | tests/unit/components/error-boundary.spec.ts > ErrorBoundary > handles reset with callback success
[ErrorBoundary] Caught error: [Error: Test error]
stderr | tests/unit/components/error-boundary.spec.ts > ErrorBoundary > resets error count after interval
Element error-boundary scheduled an update (generally because a property was set) after an update completed, causing a new update to be scheduled. This is inefficient and should be avoided unless the next update can only be scheduled as a side effect of the previous update. See https://lit.dev/msg/change-in-update for more information.
stderr | unknown test
Lit is in dev mode. Not recommended for production! See https://lit.dev/msg/dev-mode for more information.
stdout | tests/unit/services/api/strain-api.spec.ts > DataService - StrainAPI > Strain Library > should fetch strain library via service
[StrainAPI:fetchStrainLibrary] Fetching strain library via WebSocket API
stdout | tests/unit/services/api/strain-api.spec.ts > DataService - StrainAPI > Strain Library > should fetch strain library via service
[StrainAPI:fetchStrainLibrary] WS Response: {
  "Kush": {
    "meta": {
      "breeder": "Me",
    },
    "phenotypes": {
      "default": {
        "description": "Good",
      },
    },
  },
}
stdout | tests/unit/services/api/strain-api.spec.ts > DataService - StrainAPI > Strain Library > should fetch strain library via service with wrapper format
[StrainAPI:fetchStrainLibrary] Fetching strain library via WebSocket API
stdout | tests/unit/services/api/strain-api.spec.ts > DataService - StrainAPI > Strain Library > should fetch strain library via service with wrapper format
[StrainAPI:fetchStrainLibrary] WS Response: {
  "strain_list": [
    "Haze",
  ],
  "strains": {
    "Haze": {
      "meta": {
        "breeder": "You",
      },
      "phenotypes": {
        "default": {
          "description": "Sativa",
        },
      },
    },
  },
}
stdout | tests/unit/services/api/strain-api.spec.ts > DataService - StrainAPI > Strain Library > should add strain with base64 image handling
[StrainAPI:addStrain] Adding strain: {
  "image": "data:image/png;base64,abc",
  "strain": "X",
}
stdout | tests/unit/services/api/strain-api.spec.ts > DataService - StrainAPI > Strain Library > should add strain with base64 image handling
[StrainAPI:addStrain] Service Called
stdout | tests/unit/services/api/strain-api.spec.ts > DataService - StrainAPI > Strain Library > should add strain sending image_path for non-base64 local paths
[StrainAPI:addStrain] Adding strain: {
  "image": "/local/img.jpg",
  "strain": "X",
}
stdout | tests/unit/services/api/strain-api.spec.ts > DataService - StrainAPI > Strain Library > should add strain sending image_path for non-base64 local paths
[StrainAPI:addStrain] Service Called
stdout | tests/unit/services/api/strain-api.spec.ts > DataService - StrainAPI > should clean undefined keys in addStrain
[StrainAPI:addStrain] Adding strain: {
  "description": undefined,
  "strain": "X",
}
stdout | tests/unit/services/api/strain-api.spec.ts > DataService - StrainAPI > should clean undefined keys in addStrain
[StrainAPI:addStrain] Service Called
stdout | tests/unit/services/api/strain-api.spec.ts > DataService - StrainAPI > should remove strain successfully
[StrainAPI:removeStrain] Removing strain: X pheno1
stdout | tests/unit/services/api/strain-api.spec.ts > DataService - StrainAPI > should remove strain successfully
[StrainAPI:removeStrain] Service Called
stdout | tests/unit/services/api/strain-api.spec.ts > DataService - StrainAPI > Import/Export > should export strain library
[StrainAPI:exportStrainLibrary] Exporting strain library
stdout | tests/unit/services/api/strain-api.spec.ts > DataService - StrainAPI > Import/Export > should export strain library
[StrainAPI:exportStrainLibrary] Service Called
stdout | tests/unit/services/api/strain-api.spec.ts > DataService - StrainAPI > Import/Export > should clear strain library
[StrainAPI:clearStrainLibrary] Clearing library
stdout | tests/unit/services/api/strain-api.spec.ts > DataService - StrainAPI > Import/Export > should clear strain library
[StrainAPI:clearStrainLibrary] Service Called
stdout | tests/unit/services/api/strain-api.spec.ts > DataService - StrainAPI > Import/Export > should import strain library via HTTP
[StrainAPI:importStrainLibrary] Importing strain library ZIP via HTTP. Replace: true
stdout | tests/unit/services/api/strain-api.spec.ts > DataService - StrainAPI > Import/Export > should import strain library via HTTP
[StrainAPI:importStrainLibrary] Response: {
  "success": true,
}
stdout | tests/unit/services/api/strain-api.spec.ts > DataService - StrainAPI > Import/Export > should handle import errors
[StrainAPI:importStrainLibrary] Importing strain library ZIP via HTTP. Replace: false
stderr | tests/unit/services/api/strain-api.spec.ts > DataService - StrainAPI > Import/Export > should handle import errors
[StrainAPI:importStrainLibrary] Error: [Error: Error]
stdout | tests/unit/services/api/strain-api.spec.ts > DataService - StrainAPI > Import/Export > should handle import errors with empty text response (fallback to statusText)
[StrainAPI:importStrainLibrary] Importing strain library ZIP via HTTP. Replace: false
stderr | tests/unit/services/api/strain-api.spec.ts > DataService - StrainAPI > Import/Export > should handle import errors with empty text response (fallback to statusText)
[StrainAPI:importStrainLibrary] Error: [Error: Bad Request]
stdout | tests/unit/services/api/strain-api.spec.ts > DataService - StrainAPI > Import/Export > should verify import failure result success:false
[StrainAPI:importStrainLibrary] Importing strain library ZIP via HTTP. Replace: false
stdout | tests/unit/services/api/strain-api.spec.ts > DataService - StrainAPI > Import/Export > should verify import failure result success:false
[StrainAPI:importStrainLibrary] Response: {
  "error": "Logic Error",
  "success": false,
}
stderr | tests/unit/services/api/strain-api.spec.ts > DataService - StrainAPI > Import/Export > should verify import failure result success:false
[StrainAPI:importStrainLibrary] Error: [Error: Logic Error]
stdout | tests/unit/services/api/strain-api.spec.ts > DataService - StrainAPI > Import/Export > should verify import failure result success:false default error
[StrainAPI:importStrainLibrary] Importing strain library ZIP via HTTP. Replace: false
stdout | tests/unit/services/api/strain-api.spec.ts > DataService - StrainAPI > Import/Export > should verify import failure result success:false default error
[StrainAPI:importStrainLibrary] Response: {
  "success": false,
}
stderr | tests/unit/services/api/strain-api.spec.ts > DataService - StrainAPI > Import/Export > should verify import failure result success:false default error
[StrainAPI:importStrainLibrary] Error: [Error: Unknown import error]
stdout | tests/unit/services/api/strain-api.spec.ts > DataService - StrainAPI > Import/Export > should throw on exportStrainLibrary failure
[StrainAPI:exportStrainLibrary] Exporting strain library
stderr | tests/unit/services/api/strain-api.spec.ts > DataService - StrainAPI > Import/Export > should throw on exportStrainLibrary failure
[StrainAPI:exportStrainLibrary] Error: [Error: Export Fail]
stdout | tests/unit/services/api/strain-api.spec.ts > DataService - StrainAPI > Import/Export > should throw on clearStrainLibrary failure
[StrainAPI:clearStrainLibrary] Clearing library
stderr | tests/unit/services/api/strain-api.spec.ts > DataService - StrainAPI > Import/Export > should throw on clearStrainLibrary failure
[StrainAPI:clearStrainLibrary] Error: [Error: Clear Fail]
stdout | tests/unit/services/api/strain-api.spec.ts > DataService - StrainAPI > Import/Export > Service Call Errors > should throw on addStrain failure
[StrainAPI:addStrain] Adding strain: {
  "strain": "X",
}
stderr | tests/unit/services/api/strain-api.spec.ts > DataService - StrainAPI > Import/Export > Service Call Errors > should throw on addStrain failure
[StrainAPI:addStrain] Error: [Error: Add Fail]
stdout | tests/unit/services/api/strain-api.spec.ts > DataService - StrainAPI > Import/Export > Service Call Errors > should throw on removeStrain failure
[StrainAPI:removeStrain] Removing strain: X undefined
stderr | tests/unit/services/api/strain-api.spec.ts > DataService - StrainAPI > Import/Export > Service Call Errors > should throw on removeStrain failure
[StrainAPI:removeStrain] Error: [Error: Remove Fail]
stdout | tests/unit/services/api/strain-api.spec.ts > DataService - StrainAPI > Import/Export > Strain Library Internals > should handle fetchStrainLibrary errors
[StrainAPI:fetchStrainLibrary] Fetching strain library via WebSocket API
stderr | tests/unit/services/api/strain-api.spec.ts > DataService - StrainAPI > Import/Export > Strain Library Internals > should handle fetchStrainLibrary errors
Failed to fetch strain library for grid: [Error: Fail]
stdout | tests/unit/services/api/strain-api.spec.ts > DataService - StrainAPI > Import/Export > Strain Library Internals > should skip "response" key in strain library fetch
[StrainAPI:fetchStrainLibrary] Fetching strain library via WebSocket API
stdout | tests/unit/services/api/strain-api.spec.ts > DataService - StrainAPI > Import/Export > Strain Library Internals > should skip "response" key in strain library fetch
[StrainAPI:fetchStrainLibrary] WS Response: {
  "Kush": {
    "phenotypes": {
      "default": {},
    },
  },
  "response": "meta",
}
stdout | tests/unit/services/api/strain-api.spec.ts > DataService - StrainAPI > Import/Export > Strain Library Sorting & Edge Cases > Ultimate Coverage & Edge Cases > fetchStrainLibrary should handle extra "response" key if it somehow persists (nested in strains)
[StrainAPI:fetchStrainLibrary] Fetching strain library via WebSocket API
stdout | src/dialogs/batch-clone-dialog.test.ts > GrowspaceStore.openBatchCloneDialog > reflects dialogHostState after opening
[GrowspaceDataStore] Mounted - subscribers connected
stdout | tests/unit/services/api/strain-api.spec.ts > DataService - StrainAPI > Import/Export > Strain Library Sorting & Edge Cases > Ultimate Coverage & Edge Cases > fetchStrainLibrary should handle extra "response" key if it somehow persists (nested in strains)
[StrainAPI:fetchStrainLibrary] WS Response: {
  "strains": {
    "Valid": {
      "phenotypes": {
        "default": {},
      },
    },
    "response": {
      "phenotypes": {},
    },
  },
}
stdout | tests/unit/services/api/strain-api.spec.ts > DataService - StrainAPI > Import/Export > Strain Library Sorting & Edge Cases > Ultimate Coverage & Edge Cases > fetchStrainLibrary should handle missing meta or phenotypes and "response" filter in loop
[StrainAPI:fetchStrainLibrary] Fetching strain library via WebSocket API
stdout | tests/unit/services/api/strain-api.spec.ts > DataService - StrainAPI > Import/Export > Strain Library Sorting & Edge Cases > Ultimate Coverage & Edge Cases > fetchStrainLibrary should handle missing meta or phenotypes and "response" filter in loop
[StrainAPI:fetchStrainLibrary] WS Response: {
  "strain1": {
    "meta": null,
    "phenotypes": null,
  },
}
stderr | tests/unit/services/api/strain-api.spec.ts > DataService - StrainAPI > Import/Export > Strain Library Sorting & Edge Cases > Ultimate Coverage & Edge Cases > fetchStrainLibrary should handle missing meta or phenotypes and "response" filter in loop
[StrainAPI:fetchStrainLibrary] API Verification warning: {
  "_errors": [],
  "strains": {
    "_errors": [
      "Required",
    ],
  },
}
stdout | tests/unit/services/api/strain-api.spec.ts > DataService - StrainAPI > Import/Export > Strain Library Sorting & Edge Cases > Ultimate Coverage & Edge Cases > fetchStrainLibrary should handle WS error with logging
[StrainAPI:fetchStrainLibrary] Fetching strain library via WebSocket API
stdout | tests/unit/services/api/strain-api.spec.ts > DataService - StrainAPI > Import/Export > Strain Library Sorting & Edge Cases > Additional Coverage > should clean undefined keys in addStrain
[StrainAPI:addStrain] Adding strain: {
  "description": undefined,
  "strain": "X",
}
stdout | tests/unit/services/api/strain-api.spec.ts > DataService - StrainAPI > Import/Export > Strain Library Sorting & Edge Cases > Additional Coverage > should clean undefined keys in addStrain
[StrainAPI:addStrain] Service Called
stdout | tests/unit/services/api/strain-api.spec.ts > DataService - StrainAPI > Import/Export > Strain Library Sorting & Edge Cases > Additional Coverage > should remove strain successfully
[StrainAPI:removeStrain] Removing strain: X pheno1
stdout | tests/unit/services/api/strain-api.spec.ts > DataService - StrainAPI > Import/Export > Strain Library Sorting & Edge Cases > Additional Coverage > should remove strain successfully
[StrainAPI:removeStrain] Service Called
stdout | tests/unit/services/api/strain-api.spec.ts > DataService - StrainAPI > Import/Export > Strain Library Sorting & Edge Cases > Additional Coverage > should return empty array when schema validation fails for both wrapper and legacy
[StrainAPI:fetchStrainLibrary] Fetching strain library via WebSocket API
stdout | tests/unit/services/api/strain-api.spec.ts > DataService - StrainAPI > Import/Export > Strain Library Sorting & Edge Cases > Additional Coverage > should return empty array when schema validation fails for both wrapper and legacy
[StrainAPI:fetchStrainLibrary] WS Response: {
  "invalid": "structure",
}
stdout | tests/unit/services/api/strain-api.spec.ts > DataService - StrainAPI > Import/Export > Strain Library Sorting & Edge Cases > Additional Coverage > fetchStrainLibrary should handle undefined meta/phenotypes in wrapper mode
[StrainAPI:fetchStrainLibrary] Fetching strain library via WebSocket API
stdout | tests/unit/services/api/strain-api.spec.ts > DataService - StrainAPI > Import/Export > Strain Library Sorting & Edge Cases > Additional Coverage > fetchStrainLibrary should handle undefined meta/phenotypes in wrapper mode
[StrainAPI:fetchStrainLibrary] WS Response: {
  "strains": {
    "U": {},
  },
}
stdout | tests/unit/services/api/strain-api.spec.ts > DataService - StrainAPI > Import/Export > Strain Library Sorting & Edge Cases > Additional Coverage > importStrainLibrary should handle non-Error exception
[StrainAPI:importStrainLibrary] Importing strain library ZIP via HTTP. Replace: false
stdout | tests/unit/services/api/strain-api.spec.ts > DataService - StrainAPI > Import/Export > Strain Library Sorting & Edge Cases > New Strain Meta Actions > updateStrainMeta should call service with data
[StrainAPI:updateStrainMeta] Updating strain: {
  "description": "Updated",
  "strain": "OG Kush",
}
stdout | tests/unit/services/api/strain-api.spec.ts > DataService - StrainAPI > Import/Export > Strain Library Sorting & Edge Cases > New Strain Meta Actions > updateStrainMeta should call service with data
[StrainAPI:updateStrainMeta] Service Called
stdout | tests/unit/services/api/strain-api.spec.ts > DataService - StrainAPI > Import/Export > Strain Library Sorting & Edge Cases > New Strain Meta Actions > updateStrainMeta should handle error
[StrainAPI:updateStrainMeta] Updating strain: {
  "strain": "X",
}
stdout | tests/unit/services/api/strain-api.spec.ts > DataService - StrainAPI > Import/Export > Strain Library Sorting & Edge Cases > New Strain Meta Actions > deleteBreeder should call sendMessagePromise with name
[StrainAPI:deleteBreeder] Deleting breeder: Me
stdout | tests/unit/services/api/strain-api.spec.ts > DataService - StrainAPI > Import/Export > Strain Library Sorting & Edge Cases > New Strain Meta Actions > deleteBreeder should call sendMessagePromise with name
[StrainAPI:deleteBreeder] WebSocket call completed
stdout | tests/unit/services/api/strain-api.spec.ts > DataService - StrainAPI > Import/Export > Strain Library Sorting & Edge Cases > New Strain Meta Actions > deleteBreeder should handle error
[StrainAPI:deleteBreeder] Deleting breeder: Me
stdout | tests/unit/services/api/strain-api.spec.ts > DataService - StrainAPI > Import/Export > Strain Library Sorting & Edge Cases > New Strain Meta Actions > updateBreeder should call sendMessagePromise with data
[StrainAPI:updateBreeder] Updating breeder: Old -> New
stdout | tests/unit/services/api/strain-api.spec.ts > DataService - StrainAPI > Import/Export > Strain Library Sorting & Edge Cases > New Strain Meta Actions > updateBreeder should call sendMessagePromise with data
[StrainAPI:updateBreeder] WebSocket call completed
stdout | tests/unit/services/api/strain-api.spec.ts > DataService - StrainAPI > Import/Export > Strain Library Sorting & Edge Cases > New Strain Meta Actions > updateBreeder should handle error
[StrainAPI:updateBreeder] Updating breeder: Old -> New
stdout | tests/unit/services/api/strain-api.spec.ts > DataService - StrainAPI > Import/Export > Strain Library Sorting & Edge Cases > New Strain Meta Actions > updateStrainMeta should clean undefined keys and send image_path for non-base64 paths
[StrainAPI:updateStrainMeta] Updating strain: {
  "description": undefined,
  "image": "/local/test.jpg",
  "strain": "OG Kush",
}
stdout | tests/unit/services/api/strain-api.spec.ts > DataService - StrainAPI > Import/Export > Strain Library Sorting & Edge Cases > New Strain Meta Actions > updateStrainMeta should clean undefined keys and send image_path for non-base64 paths
[StrainAPI:updateStrainMeta] Service Called
stdout | tests/unit/services/api/strain-api.spec.ts > DataService - StrainAPI > Import/Export > Strain Library Sorting & Edge Cases > New Strain Meta Actions > fetchStrainLibrary should return empty array when result is null
[StrainAPI:fetchStrainLibrary] Fetching strain library via WebSocket API
stdout | tests/unit/services/api/strain-api.spec.ts > DataService - StrainAPI > Import/Export > Strain Library Sorting & Edge Cases > New Strain Meta Actions > fetchStrainLibrary should return empty array when result is null
[StrainAPI:fetchStrainLibrary] WS Response: null
 ✓ |chromium| tests/unit/components/error-boundary.spec.ts (20 tests) 49ms
 ✓ |chromium| tests/unit/services/api/strain-api.spec.ts (46 tests) 56ms
 ✓ |chromium| tests/unit/utils/three/scene-manager.spec.ts (14 tests) 47ms
 ✓ |chromium| src/dialogs/batch-clone-dialog.test.ts (34 tests) 63ms
 ✓ |chromium| tests/unit/action-dispatcher.spec.ts (92 tests) 37ms
stderr | unknown test
Lit is in dev mode. Not recommended for production! See https://lit.dev/msg/dev-mode for more information.
stderr | unknown test
Lit is in dev mode. Not recommended for production! See https://lit.dev/msg/dev-mode for more information.
 ✓ |chromium| tests/unit/utils/three/interaction-manager.spec.ts (15 tests) 17ms
 ✓ |chromium| tests/unit/dialogs/strain-library-dialog-final.spec.ts (9 tests) 37ms
stderr | unknown test
Lit is in dev mode. Not recommended for production! See https://lit.dev/msg/dev-mode for more information.
 ✓ |chromium| tests/unit/features/plants/components/plant-card-ui.spec.ts (18 tests) 23ms
stderr | unknown test
Lit is in dev mode. Not recommended for production! See https://lit.dev/msg/dev-mode for more information.
 ✓ |chromium| tests/unit/features/ui/components/growspace-toast-ui.spec.ts (5 tests) 15ms
stderr | unknown test
Lit is in dev mode. Not recommended for production! See https://lit.dev/msg/dev-mode for more information.
 ✓ |chromium| tests/unit/features/plants/components/plant-lifecycle-dates-card.spec.ts (8 tests) 29ms
stdout | tests/unit/services/api/irrigation-api.spec.ts > DataService - IrrigationAPI > Environment & Irrigation > should configure environment
[GrowspaceAPI:configureEnvironment] Configuring sensors: {
  "growspaceId": "g1",
  "humiditySensor": "s.h",
  "temperatureSensor": "s.t",
  "vpdSensor": "s.v",
}
stdout | tests/unit/services/api/irrigation-api.spec.ts > DataService - IrrigationAPI > Environment & Irrigation > should configure environment
[GrowspaceAPI:configureEnvironment] Service Called
stdout | tests/unit/services/api/irrigation-api.spec.ts > DataService - IrrigationAPI > Environment & Irrigation > should set dehumidifier control
[GrowspaceAPI:setDehumidifierControl] Setting dehumidifier control for g1 to true
stdout | tests/unit/services/api/irrigation-api.spec.ts > DataService - IrrigationAPI > Environment & Irrigation > should set dehumidifier control
[GrowspaceAPI:setDehumidifierControl] Service Called
stdout | tests/unit/services/api/irrigation-api.spec.ts > DataService - IrrigationAPI > Environment & Irrigation > should set irrigation settings
[IrrigationAPI:setIrrigationSettings] Setting irrigation settings: {
  "drainDuration": 5,
  "drainPumpEntity": "switch.d",
  "growspaceId": "g1",
  "irrigationDuration": 10,
  "irrigationPumpEntity": "switch.p",
}
stdout | tests/unit/services/api/irrigation-api.spec.ts > DataService - IrrigationAPI > Environment & Irrigation > should set irrigation settings
[IrrigationAPI:setIrrigationSettings] Service Called
stdout | tests/unit/services/api/irrigation-api.spec.ts > DataService - IrrigationAPI > Environment & Irrigation > should manage irrigation times
[IrrigationAPI:addIrrigationTime] Adding irrigation time: {
  "growspaceId": "g1",
  "time": "10:00",
}
stdout | tests/unit/services/api/irrigation-api.spec.ts > DataService - IrrigationAPI > Environment & Irrigation > should manage irrigation times
[IrrigationAPI:addIrrigationTime] Service Called
stdout | tests/unit/services/api/irrigation-api.spec.ts > DataService - IrrigationAPI > Environment & Irrigation > should manage irrigation times
[IrrigationAPI:removeIrrigationTime] Removing irrigation time: {
  "growspaceId": "g1",
  "time": "10:00",
}
stdout | tests/unit/services/api/irrigation-api.spec.ts > DataService - IrrigationAPI > Environment & Irrigation > should manage irrigation times
[IrrigationAPI:removeIrrigationTime] Service Called
stdout | tests/unit/services/api/irrigation-api.spec.ts > DataService - IrrigationAPI > Environment & Irrigation > should manage drain times
[IrrigationAPI:addDrainTime] Adding drain time: {
  "growspaceId": "g1",
  "time": "10:00",
}
stdout | tests/unit/services/api/irrigation-api.spec.ts > DataService - IrrigationAPI > Environment & Irrigation > should manage drain times
[IrrigationAPI:addDrainTime] Service Called
stdout | tests/unit/services/api/irrigation-api.spec.ts > DataService - IrrigationAPI > Environment & Irrigation > should manage drain times
[IrrigationAPI:removeDrainTime] Removing drain time: {
  "growspaceId": "g1",
  "time": "10:00",
}
stdout | tests/unit/services/api/irrigation-api.spec.ts > DataService - IrrigationAPI > Environment & Irrigation > should manage drain times
[IrrigationAPI:removeDrainTime] Service Called
stdout | tests/unit/services/api/irrigation-api.spec.ts > DataService - IrrigationAPI > Environment & Irrigation > should set irrigation strategy
[IrrigationAPI:setIrrigationStrategy] Setting strategy: {
  "enabled": true,
  "lightsOnTime": "06:00",
}
stdout | tests/unit/services/api/irrigation-api.spec.ts > DataService - IrrigationAPI > Environment & Irrigation > should set irrigation strategy
[IrrigationAPI:setIrrigationStrategy] Service Called
stdout | tests/unit/services/api/irrigation-api.spec.ts > DataService - IrrigationAPI > Environment & Irrigation > should set full irrigation strategy
[IrrigationAPI:setIrrigationStrategy] Setting strategy: {
  "enabled": true,
  "lightsOnTime": "06:00",
  "maintenanceDrybackPercent": 10,
  "p0DurationMinutes": 10,
  "p2StopBeforeLightsOffMinutes": 120,
  "shotDurationSeconds": 5,
  "shotIntervalMinutes": 15,
  "targetVwcPercent": 45,
}
stdout | tests/unit/services/api/irrigation-api.spec.ts > DataService - IrrigationAPI > Environment & Irrigation > should set full irrigation strategy
[IrrigationAPI:setIrrigationStrategy] Service Called
stderr | tests/unit/services/api/irrigation-api.spec.ts > DataService - IrrigationAPI > Watering Services > should handle error in waterPlant
[PlantAPI:waterPlant] Error: [Error: Water failed]
stdout | tests/unit/services/api/irrigation-api.spec.ts > DataService - IrrigationAPI > Watering Services > should call waterGrowspace with basic parameters
[IrrigationAPI:waterGrowspace] Watering growspace: gs1 total amount: 300 preset: undefined
stdout | tests/unit/services/api/irrigation-api.spec.ts > DataService - IrrigationAPI > Watering Services > should call waterGrowspace with basic parameters
[IrrigationAPI:waterGrowspace] Service Called
stdout | tests/unit/services/api/irrigation-api.spec.ts > DataService - IrrigationAPI > Watering Services > should call waterGrowspace with nutrients
[IrrigationAPI:waterGrowspace] Watering growspace: gs1 total amount: 300 preset: undefined
stdout | tests/unit/services/api/irrigation-api.spec.ts > DataService - IrrigationAPI > Watering Services > should call waterGrowspace with nutrients
[IrrigationAPI:waterGrowspace] Service Called
stdout | tests/unit/services/api/irrigation-api.spec.ts > DataService - IrrigationAPI > Watering Services > should call waterGrowspace with preset_id
[IrrigationAPI:waterGrowspace] Watering growspace: gs1 total amount: 300 preset: preset2
stdout | tests/unit/services/api/irrigation-api.spec.ts > DataService - IrrigationAPI > Watering Services > should call waterGrowspace with preset_id
[IrrigationAPI:waterGrowspace] Service Called
stderr | unknown test
Lit is in dev mode. Not recommended for production! See https://lit.dev/msg/dev-mode for more information.
stdout | tests/unit/services/api/irrigation-api.spec.ts > DataService - IrrigationAPI > Watering Services > should handle error in waterGrowspace
[IrrigationAPI:waterGrowspace] Watering growspace: gs1 total amount: 100 preset: undefined
stderr | tests/unit/services/api/irrigation-api.spec.ts > DataService - IrrigationAPI > Watering Services > should handle error in waterGrowspace
[IrrigationAPI:waterGrowspace] Error: [Error: GS Water failed]
stdout | tests/unit/services/api/irrigation-api.spec.ts > DataService - IrrigationAPI > Watering Services > Service Error Handling > configureEnvironment should handle error
[GrowspaceAPI:configureEnvironment] Configuring sensors: {
  "growspaceId": "g1",
  "humiditySensor": "v",
  "temperatureSensor": "v",
}
stderr | tests/unit/services/api/irrigation-api.spec.ts > DataService - IrrigationAPI > Watering Services > Service Error Handling > configureEnvironment should handle error
[GrowspaceAPI:configureEnvironment] Error: [Error: Fail]
stdout | tests/unit/services/api/irrigation-api.spec.ts > DataService - IrrigationAPI > Watering Services > Service Error Handling > setDehumidifierControl should handle error
[GrowspaceAPI:setDehumidifierControl] Setting dehumidifier control for g1 to true
stderr | tests/unit/services/api/irrigation-api.spec.ts > DataService - IrrigationAPI > Watering Services > Service Error Handling > setDehumidifierControl should handle error
[GrowspaceAPI:setDehumidifierControl] Error: [Error: Fail]
stdout | tests/unit/services/api/irrigation-api.spec.ts > DataService - IrrigationAPI > Watering Services > Service Error Handling > setIrrigationSettings should handle error
[IrrigationAPI:setIrrigationSettings] Setting irrigation settings: {
  "drainDuration": 1,
  "drainPumpEntity": "v",
  "growspaceId": "g1",
  "irrigationDuration": 1,
  "irrigationPumpEntity": "v",
}
stderr | tests/unit/services/api/irrigation-api.spec.ts > DataService - IrrigationAPI > Watering Services > Service Error Handling > setIrrigationSettings should handle error
[IrrigationAPI:setIrrigationSettings] Error: [Error: Fail]
stdout | tests/unit/services/api/irrigation-api.spec.ts > DataService - IrrigationAPI > Watering Services > Service Error Handling > addIrrigationTime should handle error
[IrrigationAPI:addIrrigationTime] Adding irrigation time: {
  "growspaceId": "g1",
  "time": "1",
}
stderr | tests/unit/services/api/irrigation-api.spec.ts > DataService - IrrigationAPI > Watering Services > Service Error Handling > addIrrigationTime should handle error
[IrrigationAPI:addIrrigationTime] Error: [Error: Fail]
stdout | tests/unit/services/api/irrigation-api.spec.ts > DataService - IrrigationAPI > Watering Services > Service Error Handling > removeIrrigationTime should handle error
[IrrigationAPI:removeIrrigationTime] Removing irrigation time: {
  "growspaceId": "g1",
  "time": "1",
}
stderr | tests/unit/services/api/irrigation-api.spec.ts > DataService - IrrigationAPI > Watering Services > Service Error Handling > removeIrrigationTime should handle error
[IrrigationAPI:removeIrrigationTime] Error: [Error: Fail]
stdout | tests/unit/services/api/irrigation-api.spec.ts > DataService - IrrigationAPI > Watering Services > Service Error Handling > addDrainTime should handle error
[IrrigationAPI:addDrainTime] Adding drain time: {
  "growspaceId": "g1",
  "time": "1",
}
 ✓ |chromium| tests/unit/utils/three/renderers/sensor-renderer.spec.ts (21 tests) 33ms
stderr | tests/unit/services/api/irrigation-api.spec.ts > DataService - IrrigationAPI > Watering Services > Service Error Handling > addDrainTime should handle error
[IrrigationAPI:addDrainTime] Error: [Error: Fail]
stdout | tests/unit/services/api/irrigation-api.spec.ts > DataService - IrrigationAPI > Watering Services > Service Error Handling > removeDrainTime should handle error
[IrrigationAPI:removeDrainTime] Removing drain time: {
  "growspaceId": "g1",
  "time": "1",
}
stderr | tests/unit/services/api/irrigation-api.spec.ts > DataService - IrrigationAPI > Watering Services > Service Error Handling > removeDrainTime should handle error
[IrrigationAPI:removeDrainTime] Error: [Error: Fail]
stdout | tests/unit/services/api/irrigation-api.spec.ts > DataService - IrrigationAPI > Watering Services > Service Error Handling > setIrrigationStrategy should handle error
[IrrigationAPI:setIrrigationStrategy] Setting strategy: {}
stderr | tests/unit/services/api/irrigation-api.spec.ts > DataService - IrrigationAPI > Watering Services > Service Error Handling > setIrrigationStrategy should handle error
[IrrigationAPI:setIrrigationStrategy] Error: [Error: Fail]
 ✓ |chromium| tests/unit/services/api/irrigation-api.spec.ts (27 tests) 30ms
 ✓ |chromium| tests/unit/components/views/growspace-view-standard.spec.ts (17 tests) 32ms
 ✓ |chromium| tests/unit/features/plants/containers/plant-card.container.spec.ts (7 tests) 31ms
stderr | unknown test
Lit is in dev mode. Not recommended for production! See https://lit.dev/msg/dev-mode for more information.
stderr | tests/cards/editors/growspace-analytics-card-editor.test.ts > GrowspaceAnalyticsCardEditor > renders form when hass and config are provided
Element growspace-analytics-card-editor scheduled an update (generally because a property was set) after an update completed, causing a new update to be scheduled. This is inefficient and should be avoided unless the next update can only be scheduled as a side effect of the previous update. See https://lit.dev/msg/change-in-update for more information.
 ✓ |chromium| tests/cards/editors/growspace-analytics-card-editor.test.ts (16 tests) 13ms
stderr | unknown test
Lit is in dev mode. Not recommended for production! See https://lit.dev/msg/dev-mode for more information.
stderr | unknown test
Lit is in dev mode. Not recommended for production! See https://lit.dev/msg/dev-mode for more information.
stderr | unknown test
Lit is in dev mode. Not recommended for production! See https://lit.dev/msg/dev-mode for more information.
 ✓ |chromium| tests/unit/growspace-env-chart-vpd-logic.spec.ts (3 tests) 22ms
stdout | tests/unit/services/api/growspace-api.spec.ts > DataService - GrowspaceAPI > Growspace CRUD > should add growspace
[GrowspaceAPI:addGrowspace] Adding growspace: {
  "name": "G1",
  "plantsPerRow": 4,
  "rows": 4,
}
stdout | tests/unit/services/api/growspace-api.spec.ts > DataService - GrowspaceAPI > Growspace CRUD > should add growspace
[GrowspaceAPI:addGrowspace] Service Called
stdout | tests/unit/services/api/growspace-api.spec.ts > DataService - GrowspaceAPI > Growspace CRUD > should update growspace
[GrowspaceAPI:updateGrowspace] Updating growspace: {
  "growspaceId": "g1",
  "name": "G2",
}
stdout | tests/unit/services/api/growspace-api.spec.ts > DataService - GrowspaceAPI > Growspace CRUD > should update growspace
[GrowspaceAPI:updateGrowspace] Service Called
stdout | tests/unit/services/api/growspace-api.spec.ts > DataService - GrowspaceAPI > Growspace CRUD > should remove growspace
[GrowspaceAPI:removeGrowspace] Removing growspace: g1
stdout | tests/unit/services/api/growspace-api.spec.ts > DataService - GrowspaceAPI > Growspace CRUD > should remove growspace
[GrowspaceAPI:removeGrowspace] Service Called
stdout | tests/unit/services/api/growspace-api.spec.ts > DataService - GrowspaceAPI > Update Growspace Partials > should only send provided fields
[GrowspaceAPI:updateGrowspace] Updating growspace: {
  "growspaceId": "g1",
  "name": "N",
}
stdout | tests/unit/services/api/growspace-api.spec.ts > DataService - GrowspaceAPI > Update Growspace Partials > should only send provided fields
[GrowspaceAPI:updateGrowspace] Service Called
stdout | tests/unit/services/api/growspace-api.spec.ts > DataService - GrowspaceAPI > Update Growspace Partials > should only send provided fields
[GrowspaceAPI:updateGrowspace] Updating growspace: {
  "growspaceId": "g1",
  "rows": 5,
}
stdout | tests/unit/services/api/growspace-api.spec.ts > DataService - GrowspaceAPI > Update Growspace Partials > should only send provided fields
[GrowspaceAPI:updateGrowspace] Service Called
stdout | tests/unit/services/api/growspace-api.spec.ts > DataService - GrowspaceAPI > Update Growspace Partials > should only send provided fields
[GrowspaceAPI:updateGrowspace] Updating growspace: {
  "growspaceId": "g1",
  "plantsPerRow": 5,
}
stdout | tests/unit/services/api/growspace-api.spec.ts > DataService - GrowspaceAPI > Update Growspace Partials > should only send provided fields
[GrowspaceAPI:updateGrowspace] Service Called
stdout | tests/unit/services/api/growspace-api.spec.ts > DataService - GrowspaceAPI > Update Growspace Partials > should only send provided fields
[GrowspaceAPI:updateGrowspace] Updating growspace: {
  "growspaceId": "g1",
  "notificationService": "mobile_app_x",
}
stdout | tests/unit/services/api/growspace-api.spec.ts > DataService - GrowspaceAPI > Update Growspace Partials > should only send provided fields
[GrowspaceAPI:updateGrowspace] Service Called
stdout | tests/unit/services/api/growspace-api.spec.ts > DataService - GrowspaceAPI > Service Error Handling > addGrowspace should handle error
[GrowspaceAPI:addGrowspace] Adding growspace: {
  "name": "n",
  "plantsPerRow": 1,
  "rows": 1,
}
stdout | tests/unit/services/api/growspace-api.spec.ts > DataService - GrowspaceAPI > Service Error Handling > updateGrowspace should handle error
[GrowspaceAPI:updateGrowspace] Updating growspace: {
  "growspaceId": "g1",
}
stdout | tests/unit/services/api/growspace-api.spec.ts > DataService - GrowspaceAPI > Service Error Handling > removeGrowspace should handle error
[GrowspaceAPI:removeGrowspace] Removing growspace: g1
 ✓ |chromium| tests/unit/services/api/growspace-api.spec.ts (17 tests) 22ms
stderr | unknown test
Lit is in dev mode. Not recommended for production! See https://lit.dev/msg/dev-mode for more information.
 ✓ |chromium| tests/unit/features/ui/containers/growspace-toast.container.spec.ts (8 tests) 14ms
 ✓ |chromium| tests/unit/features/plants/components/plant-dashboard-tab.spec.ts (3 tests) 33ms
 ✓ |chromium| tests/unit/services/api/growspace-api-extra.spec.ts (17 tests) 19ms
stderr | unknown test
Lit is in dev mode. Not recommended for production! See https://lit.dev/msg/dev-mode for more information.
 ✓ |chromium| tests/unit/components/ui/md3-date-input.spec.ts (6 tests) 12ms
 ✓ |chromium| tests/unit/features/ui/containers/growspace-analytics.container.spec.ts (17 tests) 16ms
stdout | tests/unit/services/api/strain-api-extra.spec.ts > StrainAPI Extra Coverage > fetchStrainLibrary gaps > should handle schema validation failure and legacy fallback success
[StrainAPI:fetchStrainLibrary] Fetching strain library via WebSocket API
stdout | tests/unit/services/api/strain-api-extra.spec.ts > StrainAPI Extra Coverage > fetchStrainLibrary gaps > should handle schema validation failure and legacy fallback success
[StrainAPI:fetchStrainLibrary] WS Response: {
  "Kush": {
    "meta": {
      "breeder": "Legacy",
    },
    "phenotypes": {
      "p1": {},
    },
  },
}
stdout | tests/unit/services/api/strain-api-extra.spec.ts > StrainAPI Extra Coverage > fetchStrainLibrary gaps > should handle both schema failures
[StrainAPI:fetchStrainLibrary] Fetching strain library via WebSocket API
stdout | tests/unit/services/api/strain-api-extra.spec.ts > StrainAPI Extra Coverage > fetchStrainLibrary gaps > should handle both schema failures
[StrainAPI:fetchStrainLibrary] WS Response: {
  "invalid": true,
}
stdout | tests/unit/services/api/strain-api-extra.spec.ts > StrainAPI Extra Coverage > addStrain gaps > should cleanup undefined keys and handle service error
[StrainAPI:addStrain] Adding strain: {
  "breeder": undefined,
  "phenotype": "P1",
  "strain": "Test",
}
 ✓ |chromium| tests/unit/store/plant/genetics-actions.spec.ts (33 tests) 14ms
 ✓ |chromium| tests/unit/services/api/strain-api-extra.spec.ts (13 tests) 13ms
stdout | tests/unit/ui-actions.spec.ts > ui-actions > Navigation & Dialogs > handleDeepLink should set pending link if devices not ready
[DeepLink] Devices not loaded yet, setting pending deep link: p1
stdout | tests/unit/ui-actions.spec.ts > ui-actions > Navigation & Dialogs > handleDeepLink should open dialog if plant found
[DeepLink] Plant found, opening dialog: p1
stdout | tests/unit/ui-actions.spec.ts > ui-actions > Simple Dialogs > should open nutrient presets
[LibraryActions] Fetching nutrient presets from server (Force: false)
stderr | tests/unit/ui-actions.spec.ts > ui-actions > Simple Dialogs > should open nutrient presets
Failed to fetch nutrient presets: [TypeError: ctx.dataService.fetchNutrientPresets is not a function]
stdout | tests/unit/ui-actions.spec.ts > ui-actions > Simple Dialogs > should open IP dialog
[LibraryActions] Fetching IPM presets from server (Force: false)
stderr | tests/unit/ui-actions.spec.ts > ui-actions > Simple Dialogs > should open IP dialog
Failed to fetch IPM presets: [TypeError: ctx.dataService.fetchIPMPresets is not a function]
 ✓ |chromium| tests/unit/controllers/drag-drop-controller.spec.ts (28 tests) 12ms
 ✓ |chromium| tests/unit/ui-actions.spec.ts (35 tests) 22ms
stderr | unknown test
Lit is in dev mode. Not recommended for production! See https://lit.dev/msg/dev-mode for more information.
stderr | unknown test
Lit is in dev mode. Not recommended for production! See https://lit.dev/msg/dev-mode for more information.
 ✓ |chromium| tests/unit/components/dialogs/nutrient-dialog.spec.ts (5 tests) 25ms
 ✓ |chromium| tests/unit/dialogs/strain-recommendation-dialog.spec.ts (9 tests) 23ms
stderr | unknown test
Lit is in dev mode. Not recommended for production! See https://lit.dev/msg/dev-mode for more information.
stderr | unknown test
Lit is in dev mode. Not recommended for production! See https://lit.dev/msg/dev-mode for more information.
stderr | unknown test
Lit is in dev mode. Not recommended for production! See https://lit.dev/msg/dev-mode for more information.
 ✓ |chromium| tests/cards/editors/growspace-grid-card-editor.test.ts (17 tests) 7ms
stderr | unknown test
Lit is in dev mode. Not recommended for production! See https://lit.dev/msg/dev-mode for more information.
stderr | unknown test
Lit is in dev mode. Not recommended for production! See https://lit.dev/msg/dev-mode for more information.
 ✓ |chromium| tests/unit/coverage-gap-fillers.spec.ts (15 tests) 19ms
stdout | tests/unit/services/api/ai-api.spec.ts > DataService - AIAPI > Grow Master & Advice > should ask grow advice
[AIAPI:askGrowAdvice] Asking advice for: g1 Help
stdout | tests/unit/services/api/ai-api.spec.ts > DataService - AIAPI > Grow Master & Advice > should analyze all growspaces
[AIAPI:analyzeAllGrowspaces] Analyzing all growspaces
stdout | tests/unit/services/api/ai-api.spec.ts > DataService - AIAPI > Grow Master & Advice > should get strain recommendation
[AIAPI:getStrainRecommendation] Getting strain recommendation for: Sleepy
stdout | tests/unit/services/api/ai-api.spec.ts > DataService - AIAPI > Analysis & Advice Error Handling > should handle error in analyzeAllGrowspaces
[AIAPI:analyzeAllGrowspaces] Analyzing all growspaces
stderr | tests/unit/services/api/ai-api.spec.ts > DataService - AIAPI > Analysis & Advice Error Handling > should handle error in analyzeAllGrowspaces
[AIAPI:analyzeAllGrowspaces] Error: [Error: WS Fail]
stdout | tests/unit/services/api/ai-api.spec.ts > DataService - AIAPI > Analysis & Advice Error Handling > should handle error in getStrainRecommendation
[AIAPI:getStrainRecommendation] Getting strain recommendation for: q
stderr | tests/unit/services/api/ai-api.spec.ts > DataService - AIAPI > Analysis & Advice Error Handling > should handle error in getStrainRecommendation
[AIAPI:getStrainRecommendation] Error: [Error: WS Fail]
stdout | tests/unit/services/api/ai-api.spec.ts > DataService - AIAPI > Analysis & Advice Error Handling > Service Error Handling > askGrowAdvice should handle error
[AIAPI:askGrowAdvice] Asking advice for: g1 q
stderr | tests/unit/services/api/ai-api.spec.ts > DataService - AIAPI > Analysis & Advice Error Handling > Service Error Handling > askGrowAdvice should handle error
[AIAPI:askGrowAdvice] Error: [Error: Fail]
stdout | tests/unit/services/api/ai-api.spec.ts > DataService - AIAPI > Analysis & Advice Error Handling > Service Error Handling > askGrowAdvice should handle non-Error catch
[AIAPI:askGrowAdvice] Asking advice for: g1 q
stderr | tests/unit/services/api/ai-api.spec.ts > DataService - AIAPI > Analysis & Advice Error Handling > Service Error Handling > askGrowAdvice should handle non-Error catch
[AIAPI:askGrowAdvice] Error: String Error
 ✓ |chromium| tests/unit/components/ui/nutrient-stock-chip.spec.ts (8 tests) 19ms
 ✓ |chromium| tests/unit/components/views/growspace-view-compact.spec.ts (5 tests) 12ms
 ✓ |chromium| tests/unit/chart-utils.spec.ts (63 tests) 24ms
 ✓ |chromium| tests/unit/dialogs/grow-master-dialog.spec.ts (11 tests) 29ms
 ✓ |chromium| tests/unit/services/api/ai-api.spec.ts (7 tests) 11ms
 ✓ |chromium| tests/unit/components/views/growspace-view-heatmap.spec.ts (8 tests) 11ms
 ✓ |chromium| tests/unit/keyboard-actions.spec.ts (19 tests) 8ms
stderr | unknown test
Lit is in dev mode. Not recommended for production! See https://lit.dev/msg/dev-mode for more information.
 ✓ |chromium| tests/unit/utils/three/renderers/light-renderer.spec.ts (8 tests) 25ms

⎯⎯⎯⎯ Unhandled Rejection ⎯⎯⎯⎯⎯
Error: Something removed the coverage directory "/home/maxi/core/core/vendor/lovelace-growspace-manager-card/coverage/.tmp" Vitest created earlier. Make sure you are not running multiple Vitests with the same "coverage.reportsDirectory" at the same time.
 ❯ V8CoverageProvider.normalizeCoverageFileError node_modules/vitest/dist/chunks/coverage.DM_a_rWm.js:729:128
 ❯ node_modules/vitest/dist/chunks/coverage.DM_a_rWm.js:745:15

Caused by: Error: ENOENT: no such file or directory, open '/home/maxi/core/core/vendor/lovelace-growspace-manager-card/coverage/.tmp/coverage-121.json'
 ❯ open node:internal/fs/promises:640:25
 ❯ Object.writeFile node:internal/fs/promises:1257:14

⎯⎯⎯⎯⎯⎯⎯⎯⎯⎯⎯⎯⎯⎯⎯⎯⎯⎯⎯⎯⎯⎯⎯⎯⎯⎯⎯⎯⎯⎯
Serialized Error: { errno: -2, code: 'ENOENT', syscall: 'open', path: '/home/maxi/core/core/vendor/lovelace-growspace-manager-card/coverage/.tmp/coverage-121.json' }



